<testsuites id="" name="" tests="400" failures="400" skipped="0" errors="0" time="31.315268">
<testsuite name="embedding-generation.spec.ts" timestamp="2025-08-24T08:06:44.390Z" hostname="chromium" tests="8" failures="8" skipped="0" time="0.014" errors="0">
<testcase name="Embedding Generation Edge Functions › should generate embeddings for new nodes" classname="embedding-generation.spec.ts" time="0.002">
<failure message="embedding-generation.spec.ts:9:7 should generate embeddings for new nodes" type="FAILURE">
<![CDATA[  [chromium] › embedding-generation.spec.ts:9:7 › Embedding Generation Edge Functions › should generate embeddings for new nodes 

    Error: browserType.launch: Executable doesn't exist at /Users/marklewis/Library/Caches/ms-playwright/chromium_headless_shell-1181/chrome-mac/headless_shell
    ╔═════════════════════════════════════════════════════════════════════════╗
    ║ Looks like Playwright Test or Playwright was just installed or updated. ║
    ║ Please run the following command to download new browsers:              ║
    ║                                                                         ║
    ║     npx playwright install                                              ║
    ║                                                                         ║
    ║ <3 Playwright Team                                                      ║
    ╚═════════════════════════════════════════════════════════════════════════╝
]]>
</failure>
</testcase>
<testcase name="Embedding Generation Edge Functions › should handle embedding generation errors gracefully" classname="embedding-generation.spec.ts" time="0.002">
<failure message="embedding-generation.spec.ts:60:7 should handle embedding generation errors gracefully" type="FAILURE">
<![CDATA[  [chromium] › embedding-generation.spec.ts:60:7 › Embedding Generation Edge Functions › should handle embedding generation errors gracefully 

    Error: browserType.launch: Executable doesn't exist at /Users/marklewis/Library/Caches/ms-playwright/chromium_headless_shell-1181/chrome-mac/headless_shell
    ╔═════════════════════════════════════════════════════════════════════════╗
    ║ Looks like Playwright Test or Playwright was just installed or updated. ║
    ║ Please run the following command to download new browsers:              ║
    ║                                                                         ║
    ║     npx playwright install                                              ║
    ║                                                                         ║
    ║ <3 Playwright Team                                                      ║
    ╚═════════════════════════════════════════════════════════════════════════╝
]]>
</failure>
</testcase>
<testcase name="Embedding Generation Edge Functions › should update embeddings when node content changes" classname="embedding-generation.spec.ts" time="0.003">
<failure message="embedding-generation.spec.ts:85:7 should update embeddings when node content changes" type="FAILURE">
<![CDATA[  [chromium] › embedding-generation.spec.ts:85:7 › Embedding Generation Edge Functions › should update embeddings when node content changes 

    Error: browserType.launch: Executable doesn't exist at /Users/marklewis/Library/Caches/ms-playwright/chromium_headless_shell-1181/chrome-mac/headless_shell
    ╔═════════════════════════════════════════════════════════════════════════╗
    ║ Looks like Playwright Test or Playwright was just installed or updated. ║
    ║ Please run the following command to download new browsers:              ║
    ║                                                                         ║
    ║     npx playwright install                                              ║
    ║                                                                         ║
    ║ <3 Playwright Team                                                      ║
    ╚═════════════════════════════════════════════════════════════════════════╝
]]>
</failure>
</testcase>
<testcase name="Embedding Generation Edge Functions › should handle batch embedding generation" classname="embedding-generation.spec.ts" time="0.001">
<failure message="embedding-generation.spec.ts:154:7 should handle batch embedding generation" type="FAILURE">
<![CDATA[  [chromium] › embedding-generation.spec.ts:154:7 › Embedding Generation Edge Functions › should handle batch embedding generation 

    Error: browserType.launch: Executable doesn't exist at /Users/marklewis/Library/Caches/ms-playwright/chromium_headless_shell-1181/chrome-mac/headless_shell
    ╔═════════════════════════════════════════════════════════════════════════╗
    ║ Looks like Playwright Test or Playwright was just installed or updated. ║
    ║ Please run the following command to download new browsers:              ║
    ║                                                                         ║
    ║     npx playwright install                                              ║
    ║                                                                         ║
    ║ <3 Playwright Team                                                      ║
    ╚═════════════════════════════════════════════════════════════════════════╝
]]>
</failure>
</testcase>
<testcase name="Embedding Generation Edge Functions › should use embeddings for similarity search" classname="embedding-generation.spec.ts" time="0.001">
<failure message="embedding-generation.spec.ts:198:7 should use embeddings for similarity search" type="FAILURE">
<![CDATA[  [chromium] › embedding-generation.spec.ts:198:7 › Embedding Generation Edge Functions › should use embeddings for similarity search 

    Error: browserType.launch: Executable doesn't exist at /Users/marklewis/Library/Caches/ms-playwright/chromium_headless_shell-1181/chrome-mac/headless_shell
    ╔═════════════════════════════════════════════════════════════════════════╗
    ║ Looks like Playwright Test or Playwright was just installed or updated. ║
    ║ Please run the following command to download new browsers:              ║
    ║                                                                         ║
    ║     npx playwright install                                              ║
    ║                                                                         ║
    ║ <3 Playwright Team                                                      ║
    ╚═════════════════════════════════════════════════════════════════════════╝
]]>
</failure>
</testcase>
<testcase name="Embedding Generation Edge Functions › should handle embedding generation timeout" classname="embedding-generation.spec.ts" time="0.002">
<failure message="embedding-generation.spec.ts:271:7 should handle embedding generation timeout" type="FAILURE">
<![CDATA[  [chromium] › embedding-generation.spec.ts:271:7 › Embedding Generation Edge Functions › should handle embedding generation timeout 

    Error: browserType.launch: Executable doesn't exist at /Users/marklewis/Library/Caches/ms-playwright/chromium_headless_shell-1181/chrome-mac/headless_shell
    ╔═════════════════════════════════════════════════════════════════════════╗
    ║ Looks like Playwright Test or Playwright was just installed or updated. ║
    ║ Please run the following command to download new browsers:              ║
    ║                                                                         ║
    ║     npx playwright install                                              ║
    ║                                                                         ║
    ║ <3 Playwright Team                                                      ║
    ╚═════════════════════════════════════════════════════════════════════════╝
]]>
</failure>
</testcase>
<testcase name="Embedding Generation Edge Functions › should validate embedding vector dimensions" classname="embedding-generation.spec.ts" time="0.001">
<failure message="embedding-generation.spec.ts:313:7 should validate embedding vector dimensions" type="FAILURE">
<![CDATA[  [chromium] › embedding-generation.spec.ts:313:7 › Embedding Generation Edge Functions › should validate embedding vector dimensions 

    Error: browserType.launch: Executable doesn't exist at /Users/marklewis/Library/Caches/ms-playwright/chromium_headless_shell-1181/chrome-mac/headless_shell
    ╔═════════════════════════════════════════════════════════════════════════╗
    ║ Looks like Playwright Test or Playwright was just installed or updated. ║
    ║ Please run the following command to download new browsers:              ║
    ║                                                                         ║
    ║     npx playwright install                                              ║
    ║                                                                         ║
    ║ <3 Playwright Team                                                      ║
    ╚═════════════════════════════════════════════════════════════════════════╝
]]>
</failure>
</testcase>
<testcase name="Embedding Generation Edge Functions › should handle embedding queue processing" classname="embedding-generation.spec.ts" time="0.002">
<failure message="embedding-generation.spec.ts:357:7 should handle embedding queue processing" type="FAILURE">
<![CDATA[  [chromium] › embedding-generation.spec.ts:357:7 › Embedding Generation Edge Functions › should handle embedding queue processing 

    Error: browserType.launch: Executable doesn't exist at /Users/marklewis/Library/Caches/ms-playwright/chromium_headless_shell-1181/chrome-mac/headless_shell
    ╔═════════════════════════════════════════════════════════════════════════╗
    ║ Looks like Playwright Test or Playwright was just installed or updated. ║
    ║ Please run the following command to download new browsers:              ║
    ║                                                                         ║
    ║     npx playwright install                                              ║
    ║                                                                         ║
    ║ <3 Playwright Team                                                      ║
    ╚═════════════════════════════════════════════════════════════════════════╝
]]>
</failure>
</testcase>
</testsuite>
<testsuite name="error-handling.spec.ts" timestamp="2025-08-24T08:06:44.390Z" hostname="chromium" tests="11" failures="11" skipped="0" time="0.016" errors="0">
<testcase name="Error Handling and Recovery › should handle network connectivity issues gracefully" classname="error-handling.spec.ts" time="0.002">
<failure message="error-handling.spec.ts:10:7 should handle network connectivity issues gracefully" type="FAILURE">
<![CDATA[  [chromium] › error-handling.spec.ts:10:7 › Error Handling and Recovery › should handle network connectivity issues gracefully 

    Error: browserType.launch: Executable doesn't exist at /Users/marklewis/Library/Caches/ms-playwright/chromium_headless_shell-1181/chrome-mac/headless_shell
    ╔═════════════════════════════════════════════════════════════════════════╗
    ║ Looks like Playwright Test or Playwright was just installed or updated. ║
    ║ Please run the following command to download new browsers:              ║
    ║                                                                         ║
    ║     npx playwright install                                              ║
    ║                                                                         ║
    ║ <3 Playwright Team                                                      ║
    ╚═════════════════════════════════════════════════════════════════════════╝
]]>
</failure>
</testcase>
<testcase name="Error Handling and Recovery › should handle API timeouts gracefully" classname="error-handling.spec.ts" time="0.001">
<failure message="error-handling.spec.ts:37:7 should handle API timeouts gracefully" type="FAILURE">
<![CDATA[  [chromium] › error-handling.spec.ts:37:7 › Error Handling and Recovery › should handle API timeouts gracefully 

    Error: browserType.launch: Executable doesn't exist at /Users/marklewis/Library/Caches/ms-playwright/chromium_headless_shell-1181/chrome-mac/headless_shell
    ╔═════════════════════════════════════════════════════════════════════════╗
    ║ Looks like Playwright Test or Playwright was just installed or updated. ║
    ║ Please run the following command to download new browsers:              ║
    ║                                                                         ║
    ║     npx playwright install                                              ║
    ║                                                                         ║
    ║ <3 Playwright Team                                                      ║
    ╚═════════════════════════════════════════════════════════════════════════╝
]]>
</failure>
</testcase>
<testcase name="Error Handling and Recovery › should handle malformed API responses" classname="error-handling.spec.ts" time="0.001">
<failure message="error-handling.spec.ts:76:7 should handle malformed API responses" type="FAILURE">
<![CDATA[  [chromium] › error-handling.spec.ts:76:7 › Error Handling and Recovery › should handle malformed API responses 

    Error: browserType.launch: Executable doesn't exist at /Users/marklewis/Library/Caches/ms-playwright/chromium_headless_shell-1181/chrome-mac/headless_shell
    ╔═════════════════════════════════════════════════════════════════════════╗
    ║ Looks like Playwright Test or Playwright was just installed or updated. ║
    ║ Please run the following command to download new browsers:              ║
    ║                                                                         ║
    ║     npx playwright install                                              ║
    ║                                                                         ║
    ║ <3 Playwright Team                                                      ║
    ╚═════════════════════════════════════════════════════════════════════════╝
]]>
</failure>
</testcase>
<testcase name="Error Handling and Recovery › should handle missing graph data gracefully" classname="error-handling.spec.ts" time="0.002">
<failure message="error-handling.spec.ts:125:7 should handle missing graph data gracefully" type="FAILURE">
<![CDATA[  [chromium] › error-handling.spec.ts:125:7 › Error Handling and Recovery › should handle missing graph data gracefully 

    Error: browserType.launch: Executable doesn't exist at /Users/marklewis/Library/Caches/ms-playwright/chromium_headless_shell-1181/chrome-mac/headless_shell
    ╔═════════════════════════════════════════════════════════════════════════╗
    ║ Looks like Playwright Test or Playwright was just installed or updated. ║
    ║ Please run the following command to download new browsers:              ║
    ║                                                                         ║
    ║     npx playwright install                                              ║
    ║                                                                         ║
    ║ <3 Playwright Team                                                      ║
    ╚═════════════════════════════════════════════════════════════════════════╝
]]>
</failure>
</testcase>
<testcase name="Error Handling and Recovery › should handle corrupted localStorage gracefully" classname="error-handling.spec.ts" time="0.003">
<failure message="error-handling.spec.ts:153:7 should handle corrupted localStorage gracefully" type="FAILURE">
<![CDATA[  [chromium] › error-handling.spec.ts:153:7 › Error Handling and Recovery › should handle corrupted localStorage gracefully 

    Error: browserType.launch: Executable doesn't exist at /Users/marklewis/Library/Caches/ms-playwright/chromium_headless_shell-1181/chrome-mac/headless_shell
    ╔═════════════════════════════════════════════════════════════════════════╗
    ║ Looks like Playwright Test or Playwright was just installed or updated. ║
    ║ Please run the following command to download new browsers:              ║
    ║                                                                         ║
    ║     npx playwright install                                              ║
    ║                                                                         ║
    ║ <3 Playwright Team                                                      ║
    ╚═════════════════════════════════════════════════════════════════════════╝
]]>
</failure>
</testcase>
<testcase name="Error Handling and Recovery › should handle concurrent modification conflicts" classname="error-handling.spec.ts" time="0.001">
<failure message="error-handling.spec.ts:174:7 should handle concurrent modification conflicts" type="FAILURE">
<![CDATA[  [chromium] › error-handling.spec.ts:174:7 › Error Handling and Recovery › should handle concurrent modification conflicts 

    Error: browserType.launch: Executable doesn't exist at /Users/marklewis/Library/Caches/ms-playwright/chromium_headless_shell-1181/chrome-mac/headless_shell
    ╔═════════════════════════════════════════════════════════════════════════╗
    ║ Looks like Playwright Test or Playwright was just installed or updated. ║
    ║ Please run the following command to download new browsers:              ║
    ║                                                                         ║
    ║     npx playwright install                                              ║
    ║                                                                         ║
    ║ <3 Playwright Team                                                      ║
    ╚═════════════════════════════════════════════════════════════════════════╝
]]>
</failure>
</testcase>
<testcase name="Error Handling and Recovery › should handle large dataset loading errors" classname="error-handling.spec.ts" time="0.001">
<failure message="error-handling.spec.ts:244:7 should handle large dataset loading errors" type="FAILURE">
<![CDATA[  [chromium] › error-handling.spec.ts:244:7 › Error Handling and Recovery › should handle large dataset loading errors 

    Error: browserType.launch: Executable doesn't exist at /Users/marklewis/Library/Caches/ms-playwright/chromium_headless_shell-1181/chrome-mac/headless_shell
    ╔═════════════════════════════════════════════════════════════════════════╗
    ║ Looks like Playwright Test or Playwright was just installed or updated. ║
    ║ Please run the following command to download new browsers:              ║
    ║                                                                         ║
    ║     npx playwright install                                              ║
    ║                                                                         ║
    ║ <3 Playwright Team                                                      ║
    ╚═════════════════════════════════════════════════════════════════════════╝
]]>
</failure>
</testcase>
<testcase name="Error Handling and Recovery › should recover from Cytoscape initialization failures" classname="error-handling.spec.ts" time="0.002">
<failure message="error-handling.spec.ts:281:7 should recover from Cytoscape initialization failures" type="FAILURE">
<![CDATA[  [chromium] › error-handling.spec.ts:281:7 › Error Handling and Recovery › should recover from Cytoscape initialization failures 

    Error: browserType.launch: Executable doesn't exist at /Users/marklewis/Library/Caches/ms-playwright/chromium_headless_shell-1181/chrome-mac/headless_shell
    ╔═════════════════════════════════════════════════════════════════════════╗
    ║ Looks like Playwright Test or Playwright was just installed or updated. ║
    ║ Please run the following command to download new browsers:              ║
    ║                                                                         ║
    ║     npx playwright install                                              ║
    ║                                                                         ║
    ║ <3 Playwright Team                                                      ║
    ╚═════════════════════════════════════════════════════════════════════════╝
]]>
</failure>
</testcase>
<testcase name="Error Handling and Recovery › should handle memory pressure gracefully" classname="error-handling.spec.ts" time="0.001">
<failure message="error-handling.spec.ts:310:7 should handle memory pressure gracefully" type="FAILURE">
<![CDATA[  [chromium] › error-handling.spec.ts:310:7 › Error Handling and Recovery › should handle memory pressure gracefully 

    Error: browserType.launch: Executable doesn't exist at /Users/marklewis/Library/Caches/ms-playwright/chromium_headless_shell-1181/chrome-mac/headless_shell
    ╔═════════════════════════════════════════════════════════════════════════╗
    ║ Looks like Playwright Test or Playwright was just installed or updated. ║
    ║ Please run the following command to download new browsers:              ║
    ║                                                                         ║
    ║     npx playwright install                                              ║
    ║                                                                         ║
    ║ <3 Playwright Team                                                      ║
    ╚═════════════════════════════════════════════════════════════════════════╝
]]>
</failure>
</testcase>
<testcase name="Error Handling and Recovery › should provide helpful error messages for common issues" classname="error-handling.spec.ts" time="0.001">
<failure message="error-handling.spec.ts:340:7 should provide helpful error messages for common issues" type="FAILURE">
<![CDATA[  [chromium] › error-handling.spec.ts:340:7 › Error Handling and Recovery › should provide helpful error messages for common issues 

    Error: browserType.launch: Executable doesn't exist at /Users/marklewis/Library/Caches/ms-playwright/chromium_headless_shell-1181/chrome-mac/headless_shell
    ╔═════════════════════════════════════════════════════════════════════════╗
    ║ Looks like Playwright Test or Playwright was just installed or updated. ║
    ║ Please run the following command to download new browsers:              ║
    ║                                                                         ║
    ║     npx playwright install                                              ║
    ║                                                                         ║
    ║ <3 Playwright Team                                                      ║
    ╚═════════════════════════════════════════════════════════════════════════╝
]]>
</failure>
</testcase>
<testcase name="Error Handling and Recovery › should handle browser compatibility issues" classname="error-handling.spec.ts" time="0.001">
<failure message="error-handling.spec.ts:378:7 should handle browser compatibility issues" type="FAILURE">
<![CDATA[  [chromium] › error-handling.spec.ts:378:7 › Error Handling and Recovery › should handle browser compatibility issues 

    Error: browserType.launch: Executable doesn't exist at /Users/marklewis/Library/Caches/ms-playwright/chromium_headless_shell-1181/chrome-mac/headless_shell
    ╔═════════════════════════════════════════════════════════════════════════╗
    ║ Looks like Playwright Test or Playwright was just installed or updated. ║
    ║ Please run the following command to download new browsers:              ║
    ║                                                                         ║
    ║     npx playwright install                                              ║
    ║                                                                         ║
    ║ <3 Playwright Team                                                      ║
    ╚═════════════════════════════════════════════════════════════════════════╝
]]>
</failure>
</testcase>
</testsuite>
<testsuite name="graph-data-flow.spec.ts" timestamp="2025-08-24T08:06:44.390Z" hostname="chromium" tests="7" failures="7" skipped="0" time="0.009" errors="0">
<testcase name="Graph Data Flow › should load graph data from database and display in frontend" classname="graph-data-flow.spec.ts" time="0.001">
<failure message="graph-data-flow.spec.ts:11:7 should load graph data from database and display in frontend" type="FAILURE">
<![CDATA[  [chromium] › graph-data-flow.spec.ts:11:7 › Graph Data Flow › should load graph data from database and display in frontend 

    Error: browserType.launch: Executable doesn't exist at /Users/marklewis/Library/Caches/ms-playwright/chromium_headless_shell-1181/chrome-mac/headless_shell
    ╔═════════════════════════════════════════════════════════════════════════╗
    ║ Looks like Playwright Test or Playwright was just installed or updated. ║
    ║ Please run the following command to download new browsers:              ║
    ║                                                                         ║
    ║     npx playwright install                                              ║
    ║                                                                         ║
    ║ <3 Playwright Team                                                      ║
    ╚═════════════════════════════════════════════════════════════════════════╝
]]>
</failure>
</testcase>
<testcase name="Graph Data Flow › should display node details when clicked" classname="graph-data-flow.spec.ts" time="0.001">
<failure message="graph-data-flow.spec.ts:38:7 should display node details when clicked" type="FAILURE">
<![CDATA[  [chromium] › graph-data-flow.spec.ts:38:7 › Graph Data Flow › should display node details when clicked 

    Error: browserType.launch: Executable doesn't exist at /Users/marklewis/Library/Caches/ms-playwright/chromium_headless_shell-1181/chrome-mac/headless_shell
    ╔═════════════════════════════════════════════════════════════════════════╗
    ║ Looks like Playwright Test or Playwright was just installed or updated. ║
    ║ Please run the following command to download new browsers:              ║
    ║                                                                         ║
    ║     npx playwright install                                              ║
    ║                                                                         ║
    ║ <3 Playwright Team                                                      ║
    ╚═════════════════════════════════════════════════════════════════════════╝
]]>
</failure>
</testcase>
<testcase name="Graph Data Flow › should create new node via API and display in graph" classname="graph-data-flow.spec.ts" time="0.001">
<failure message="graph-data-flow.spec.ts:53:7 should create new node via API and display in graph" type="FAILURE">
<![CDATA[  [chromium] › graph-data-flow.spec.ts:53:7 › Graph Data Flow › should create new node via API and display in graph 

    Error: browserType.launch: Executable doesn't exist at /Users/marklewis/Library/Caches/ms-playwright/chromium_headless_shell-1181/chrome-mac/headless_shell
    ╔═════════════════════════════════════════════════════════════════════════╗
    ║ Looks like Playwright Test or Playwright was just installed or updated. ║
    ║ Please run the following command to download new browsers:              ║
    ║                                                                         ║
    ║     npx playwright install                                              ║
    ║                                                                         ║
    ║ <3 Playwright Team                                                      ║
    ╚═════════════════════════════════════════════════════════════════════════╝
]]>
</failure>
</testcase>
<testcase name="Graph Data Flow › should update node via edge function and reflect changes" classname="graph-data-flow.spec.ts" time="0.001">
<failure message="graph-data-flow.spec.ts:96:7 should update node via edge function and reflect changes" type="FAILURE">
<![CDATA[  [chromium] › graph-data-flow.spec.ts:96:7 › Graph Data Flow › should update node via edge function and reflect changes 

    Error: browserType.launch: Executable doesn't exist at /Users/marklewis/Library/Caches/ms-playwright/chromium_headless_shell-1181/chrome-mac/headless_shell
    ╔═════════════════════════════════════════════════════════════════════════╗
    ║ Looks like Playwright Test or Playwright was just installed or updated. ║
    ║ Please run the following command to download new browsers:              ║
    ║                                                                         ║
    ║     npx playwright install                                              ║
    ║                                                                         ║
    ║ <3 Playwright Team                                                      ║
    ╚═════════════════════════════════════════════════════════════════════════╝
]]>
</failure>
</testcase>
<testcase name="Graph Data Flow › should handle graph data for different node statuses" classname="graph-data-flow.spec.ts" time="0.002">
<failure message="graph-data-flow.spec.ts:149:7 should handle graph data for different node statuses" type="FAILURE">
<![CDATA[  [chromium] › graph-data-flow.spec.ts:149:7 › Graph Data Flow › should handle graph data for different node statuses 

    Error: browserType.launch: Executable doesn't exist at /Users/marklewis/Library/Caches/ms-playwright/chromium_headless_shell-1181/chrome-mac/headless_shell
    ╔═════════════════════════════════════════════════════════════════════════╗
    ║ Looks like Playwright Test or Playwright was just installed or updated. ║
    ║ Please run the following command to download new browsers:              ║
    ║                                                                         ║
    ║     npx playwright install                                              ║
    ║                                                                         ║
    ║ <3 Playwright Team                                                      ║
    ╚═════════════════════════════════════════════════════════════════════════╝
]]>
</failure>
</testcase>
<testcase name="Graph Data Flow › should display edges between connected nodes" classname="graph-data-flow.spec.ts" time="0.001">
<failure message="graph-data-flow.spec.ts:173:7 should display edges between connected nodes" type="FAILURE">
<![CDATA[  [chromium] › graph-data-flow.spec.ts:173:7 › Graph Data Flow › should display edges between connected nodes 

    Error: browserType.launch: Executable doesn't exist at /Users/marklewis/Library/Caches/ms-playwright/chromium_headless_shell-1181/chrome-mac/headless_shell
    ╔═════════════════════════════════════════════════════════════════════════╗
    ║ Looks like Playwright Test or Playwright was just installed or updated. ║
    ║ Please run the following command to download new browsers:              ║
    ║                                                                         ║
    ║     npx playwright install                                              ║
    ║                                                                         ║
    ║ <3 Playwright Team                                                      ║
    ╚═════════════════════════════════════════════════════════════════════════╝
]]>
</failure>
</testcase>
<testcase name="Graph Data Flow › should handle empty graph state gracefully" classname="graph-data-flow.spec.ts" time="0.002">
<failure message="graph-data-flow.spec.ts:206:7 should handle empty graph state gracefully" type="FAILURE">
<![CDATA[  [chromium] › graph-data-flow.spec.ts:206:7 › Graph Data Flow › should handle empty graph state gracefully 

    Error: browserType.launch: Executable doesn't exist at /Users/marklewis/Library/Caches/ms-playwright/chromium_headless_shell-1181/chrome-mac/headless_shell
    ╔═════════════════════════════════════════════════════════════════════════╗
    ║ Looks like Playwright Test or Playwright was just installed or updated. ║
    ║ Please run the following command to download new browsers:              ║
    ║                                                                         ║
    ║     npx playwright install                                              ║
    ║                                                                         ║
    ║ <3 Playwright Team                                                      ║
    ╚═════════════════════════════════════════════════════════════════════════╝
]]>
</failure>
</testcase>
</testsuite>
<testsuite name="graph-interactions.spec.ts" timestamp="2025-08-24T08:06:44.390Z" hostname="chromium" tests="14" failures="14" skipped="0" time="0.014" errors="0">
<testcase name="Graph Interactions › should handle node click interactions" classname="graph-interactions.spec.ts" time="0.001">
<failure message="graph-interactions.spec.ts:26:7 should handle node click interactions" type="FAILURE">
<![CDATA[  [chromium] › graph-interactions.spec.ts:26:7 › Graph Interactions › should handle node click interactions 

    Error: browserType.launch: Executable doesn't exist at /Users/marklewis/Library/Caches/ms-playwright/chromium_headless_shell-1181/chrome-mac/headless_shell
    ╔═════════════════════════════════════════════════════════════════════════╗
    ║ Looks like Playwright Test or Playwright was just installed or updated. ║
    ║ Please run the following command to download new browsers:              ║
    ║                                                                         ║
    ║     npx playwright install                                              ║
    ║                                                                         ║
    ║ <3 Playwright Team                                                      ║
    ╚═════════════════════════════════════════════════════════════════════════╝
]]>
</failure>
</testcase>
<testcase name="Graph Interactions › should handle node right-click context menu" classname="graph-interactions.spec.ts" time="0.001">
<failure message="graph-interactions.spec.ts:47:7 should handle node right-click context menu" type="FAILURE">
<![CDATA[  [chromium] › graph-interactions.spec.ts:47:7 › Graph Interactions › should handle node right-click context menu 

    Error: browserType.launch: Executable doesn't exist at /Users/marklewis/Library/Caches/ms-playwright/chromium_headless_shell-1181/chrome-mac/headless_shell
    ╔═════════════════════════════════════════════════════════════════════════╗
    ║ Looks like Playwright Test or Playwright was just installed or updated. ║
    ║ Please run the following command to download new browsers:              ║
    ║                                                                         ║
    ║     npx playwright install                                              ║
    ║                                                                         ║
    ║ <3 Playwright Team                                                      ║
    ╚═════════════════════════════════════════════════════════════════════════╝
]]>
</failure>
</testcase>
<testcase name="Graph Interactions › should handle node drag interactions" classname="graph-interactions.spec.ts" time="0.001">
<failure message="graph-interactions.spec.ts:62:7 should handle node drag interactions" type="FAILURE">
<![CDATA[  [chromium] › graph-interactions.spec.ts:62:7 › Graph Interactions › should handle node drag interactions 

    Error: browserType.launch: Executable doesn't exist at /Users/marklewis/Library/Caches/ms-playwright/chromium_headless_shell-1181/chrome-mac/headless_shell
    ╔═════════════════════════════════════════════════════════════════════════╗
    ║ Looks like Playwright Test or Playwright was just installed or updated. ║
    ║ Please run the following command to download new browsers:              ║
    ║                                                                         ║
    ║     npx playwright install                                              ║
    ║                                                                         ║
    ║ <3 Playwright Team                                                      ║
    ╚═════════════════════════════════════════════════════════════════════════╝
]]>
</failure>
</testcase>
<testcase name="Graph Interactions › should handle graph search functionality" classname="graph-interactions.spec.ts" time="0.001">
<failure message="graph-interactions.spec.ts:87:7 should handle graph search functionality" type="FAILURE">
<![CDATA[  [chromium] › graph-interactions.spec.ts:87:7 › Graph Interactions › should handle graph search functionality 

    Error: browserType.launch: Executable doesn't exist at /Users/marklewis/Library/Caches/ms-playwright/chromium_headless_shell-1181/chrome-mac/headless_shell
    ╔═════════════════════════════════════════════════════════════════════════╗
    ║ Looks like Playwright Test or Playwright was just installed or updated. ║
    ║ Please run the following command to download new browsers:              ║
    ║                                                                         ║
    ║     npx playwright install                                              ║
    ║                                                                         ║
    ║ <3 Playwright Team                                                      ║
    ╚═════════════════════════════════════════════════════════════════════════╝
]]>
</failure>
</testcase>
<testcase name="Graph Interactions › should handle partial search queries" classname="graph-interactions.spec.ts" time="0.001">
<failure message="graph-interactions.spec.ts:105:7 should handle partial search queries" type="FAILURE">
<![CDATA[  [chromium] › graph-interactions.spec.ts:105:7 › Graph Interactions › should handle partial search queries 

    Error: browserType.launch: Executable doesn't exist at /Users/marklewis/Library/Caches/ms-playwright/chromium_headless_shell-1181/chrome-mac/headless_shell
    ╔═════════════════════════════════════════════════════════════════════════╗
    ║ Looks like Playwright Test or Playwright was just installed or updated. ║
    ║ Please run the following command to download new browsers:              ║
    ║                                                                         ║
    ║     npx playwright install                                              ║
    ║                                                                         ║
    ║ <3 Playwright Team                                                      ║
    ╚═════════════════════════════════════════════════════════════════════════╝
]]>
</failure>
</testcase>
<testcase name="Graph Interactions › should handle layout changes" classname="graph-interactions.spec.ts" time="0.001">
<failure message="graph-interactions.spec.ts:128:7 should handle layout changes" type="FAILURE">
<![CDATA[  [chromium] › graph-interactions.spec.ts:128:7 › Graph Interactions › should handle layout changes 

    Error: browserType.launch: Executable doesn't exist at /Users/marklewis/Library/Caches/ms-playwright/chromium_headless_shell-1181/chrome-mac/headless_shell
    ╔═════════════════════════════════════════════════════════════════════════╗
    ║ Looks like Playwright Test or Playwright was just installed or updated. ║
    ║ Please run the following command to download new browsers:              ║
    ║                                                                         ║
    ║     npx playwright install                                              ║
    ║                                                                         ║
    ║ <3 Playwright Team                                                      ║
    ╚═════════════════════════════════════════════════════════════════════════╝
]]>
</failure>
</testcase>
<testcase name="Graph Interactions › should handle zoom controls" classname="graph-interactions.spec.ts" time="0.001">
<failure message="graph-interactions.spec.ts:153:7 should handle zoom controls" type="FAILURE">
<![CDATA[  [chromium] › graph-interactions.spec.ts:153:7 › Graph Interactions › should handle zoom controls ─

    Error: browserType.launch: Executable doesn't exist at /Users/marklewis/Library/Caches/ms-playwright/chromium_headless_shell-1181/chrome-mac/headless_shell
    ╔═════════════════════════════════════════════════════════════════════════╗
    ║ Looks like Playwright Test or Playwright was just installed or updated. ║
    ║ Please run the following command to download new browsers:              ║
    ║                                                                         ║
    ║     npx playwright install                                              ║
    ║                                                                         ║
    ║ <3 Playwright Team                                                      ║
    ╚═════════════════════════════════════════════════════════════════════════╝
]]>
</failure>
</testcase>
<testcase name="Graph Interactions › should handle node type filtering" classname="graph-interactions.spec.ts" time="0.001">
<failure message="graph-interactions.spec.ts:193:7 should handle node type filtering" type="FAILURE">
<![CDATA[  [chromium] › graph-interactions.spec.ts:193:7 › Graph Interactions › should handle node type filtering 

    Error: browserType.launch: Executable doesn't exist at /Users/marklewis/Library/Caches/ms-playwright/chromium_headless_shell-1181/chrome-mac/headless_shell
    ╔═════════════════════════════════════════════════════════════════════════╗
    ║ Looks like Playwright Test or Playwright was just installed or updated. ║
    ║ Please run the following command to download new browsers:              ║
    ║                                                                         ║
    ║     npx playwright install                                              ║
    ║                                                                         ║
    ║ <3 Playwright Team                                                      ║
    ╚═════════════════════════════════════════════════════════════════════════╝
]]>
</failure>
</testcase>
<testcase name="Graph Interactions › should handle multiple node selection" classname="graph-interactions.spec.ts" time="0.001">
<failure message="graph-interactions.spec.ts:217:7 should handle multiple node selection" type="FAILURE">
<![CDATA[  [chromium] › graph-interactions.spec.ts:217:7 › Graph Interactions › should handle multiple node selection 

    Error: browserType.launch: Executable doesn't exist at /Users/marklewis/Library/Caches/ms-playwright/chromium_headless_shell-1181/chrome-mac/headless_shell
    ╔═════════════════════════════════════════════════════════════════════════╗
    ║ Looks like Playwright Test or Playwright was just installed or updated. ║
    ║ Please run the following command to download new browsers:              ║
    ║                                                                         ║
    ║     npx playwright install                                              ║
    ║                                                                         ║
    ║ <3 Playwright Team                                                      ║
    ╚═════════════════════════════════════════════════════════════════════════╝
]]>
</failure>
</testcase>
<testcase name="Graph Interactions › should handle graph export functionality" classname="graph-interactions.spec.ts" time="0.001">
<failure message="graph-interactions.spec.ts:238:7 should handle graph export functionality" type="FAILURE">
<![CDATA[  [chromium] › graph-interactions.spec.ts:238:7 › Graph Interactions › should handle graph export functionality 

    Error: browserType.launch: Executable doesn't exist at /Users/marklewis/Library/Caches/ms-playwright/chromium_headless_shell-1181/chrome-mac/headless_shell
    ╔═════════════════════════════════════════════════════════════════════════╗
    ║ Looks like Playwright Test or Playwright was just installed or updated. ║
    ║ Please run the following command to download new browsers:              ║
    ║                                                                         ║
    ║     npx playwright install                                              ║
    ║                                                                         ║
    ║ <3 Playwright Team                                                      ║
    ╚═════════════════════════════════════════════════════════════════════════╝
]]>
</failure>
</testcase>
<testcase name="Graph Interactions › should handle keyboard shortcuts" classname="graph-interactions.spec.ts" time="0.001">
<failure message="graph-interactions.spec.ts:258:7 should handle keyboard shortcuts" type="FAILURE">
<![CDATA[  [chromium] › graph-interactions.spec.ts:258:7 › Graph Interactions › should handle keyboard shortcuts 

    Error: browserType.launch: Executable doesn't exist at /Users/marklewis/Library/Caches/ms-playwright/chromium_headless_shell-1181/chrome-mac/headless_shell
    ╔═════════════════════════════════════════════════════════════════════════╗
    ║ Looks like Playwright Test or Playwright was just installed or updated. ║
    ║ Please run the following command to download new browsers:              ║
    ║                                                                         ║
    ║     npx playwright install                                              ║
    ║                                                                         ║
    ║ <3 Playwright Team                                                      ║
    ╚═════════════════════════════════════════════════════════════════════════╝
]]>
</failure>
</testcase>
<testcase name="Graph Interactions › should handle edge click interactions" classname="graph-interactions.spec.ts" time="0.001">
<failure message="graph-interactions.spec.ts:288:7 should handle edge click interactions" type="FAILURE">
<![CDATA[  [chromium] › graph-interactions.spec.ts:288:7 › Graph Interactions › should handle edge click interactions 

    Error: browserType.launch: Executable doesn't exist at /Users/marklewis/Library/Caches/ms-playwright/chromium_headless_shell-1181/chrome-mac/headless_shell
    ╔═════════════════════════════════════════════════════════════════════════╗
    ║ Looks like Playwright Test or Playwright was just installed or updated. ║
    ║ Please run the following command to download new browsers:              ║
    ║                                                                         ║
    ║     npx playwright install                                              ║
    ║                                                                         ║
    ║ <3 Playwright Team                                                      ║
    ╚═════════════════════════════════════════════════════════════════════════╝
]]>
</failure>
</testcase>
<testcase name="Graph Interactions › should handle hover interactions" classname="graph-interactions.spec.ts" time="0.001">
<failure message="graph-interactions.spec.ts:316:7 should handle hover interactions" type="FAILURE">
<![CDATA[  [chromium] › graph-interactions.spec.ts:316:7 › Graph Interactions › should handle hover interactions 

    Error: browserType.launch: Executable doesn't exist at /Users/marklewis/Library/Caches/ms-playwright/chromium_headless_shell-1181/chrome-mac/headless_shell
    ╔═════════════════════════════════════════════════════════════════════════╗
    ║ Looks like Playwright Test or Playwright was just installed or updated. ║
    ║ Please run the following command to download new browsers:              ║
    ║                                                                         ║
    ║     npx playwright install                                              ║
    ║                                                                         ║
    ║ <3 Playwright Team                                                      ║
    ╚═════════════════════════════════════════════════════════════════════════╝
]]>
</failure>
</testcase>
<testcase name="Graph Interactions › should handle touch interactions on touch devices" classname="graph-interactions.spec.ts" time="0.001">
<failure message="graph-interactions.spec.ts:342:7 should handle touch interactions on touch devices" type="FAILURE">
<![CDATA[  [chromium] › graph-interactions.spec.ts:342:7 › Graph Interactions › should handle touch interactions on touch devices 

    Error: browserType.launch: Executable doesn't exist at /Users/marklewis/Library/Caches/ms-playwright/chromium_headless_shell-1181/chrome-mac/headless_shell
    ╔═════════════════════════════════════════════════════════════════════════╗
    ║ Looks like Playwright Test or Playwright was just installed or updated. ║
    ║ Please run the following command to download new browsers:              ║
    ║                                                                         ║
    ║     npx playwright install                                              ║
    ║                                                                         ║
    ║ <3 Playwright Team                                                      ║
    ╚═════════════════════════════════════════════════════════════════════════╝
]]>
</failure>
</testcase>
</testsuite>
<testsuite name="node-creation-edges.spec.ts" timestamp="2025-08-24T08:06:44.390Z" hostname="chromium" tests="7" failures="7" skipped="0" time="0.007" errors="0">
<testcase name="Node Creation and Edge Relationships › should create nodes via graph-operations edge function" classname="node-creation-edges.spec.ts" time="0.001">
<failure message="node-creation-edges.spec.ts:10:7 should create nodes via graph-operations edge function" type="FAILURE">
<![CDATA[  [chromium] › node-creation-edges.spec.ts:10:7 › Node Creation and Edge Relationships › should create nodes via graph-operations edge function 

    Error: browserType.launch: Executable doesn't exist at /Users/marklewis/Library/Caches/ms-playwright/chromium_headless_shell-1181/chrome-mac/headless_shell
    ╔═════════════════════════════════════════════════════════════════════════╗
    ║ Looks like Playwright Test or Playwright was just installed or updated. ║
    ║ Please run the following command to download new browsers:              ║
    ║                                                                         ║
    ║     npx playwright install                                              ║
    ║                                                                         ║
    ║ <3 Playwright Team                                                      ║
    ╚═════════════════════════════════════════════════════════════════════════╝
]]>
</failure>
</testcase>
<testcase name="Node Creation and Edge Relationships › should create different types of nodes" classname="node-creation-edges.spec.ts" time="0.001">
<failure message="node-creation-edges.spec.ts:65:7 should create different types of nodes" type="FAILURE">
<![CDATA[  [chromium] › node-creation-edges.spec.ts:65:7 › Node Creation and Edge Relationships › should create different types of nodes 

    Error: browserType.launch: Executable doesn't exist at /Users/marklewis/Library/Caches/ms-playwright/chromium_headless_shell-1181/chrome-mac/headless_shell
    ╔═════════════════════════════════════════════════════════════════════════╗
    ║ Looks like Playwright Test or Playwright was just installed or updated. ║
    ║ Please run the following command to download new browsers:              ║
    ║                                                                         ║
    ║     npx playwright install                                              ║
    ║                                                                         ║
    ║ <3 Playwright Team                                                      ║
    ╚═════════════════════════════════════════════════════════════════════════╝
]]>
</failure>
</testcase>
<testcase name="Node Creation and Edge Relationships › should create edges between nodes" classname="node-creation-edges.spec.ts" time="0.001">
<failure message="node-creation-edges.spec.ts:116:7 should create edges between nodes" type="FAILURE">
<![CDATA[  [chromium] › node-creation-edges.spec.ts:116:7 › Node Creation and Edge Relationships › should create edges between nodes 

    Error: browserType.launch: Executable doesn't exist at /Users/marklewis/Library/Caches/ms-playwright/chromium_headless_shell-1181/chrome-mac/headless_shell
    ╔═════════════════════════════════════════════════════════════════════════╗
    ║ Looks like Playwright Test or Playwright was just installed or updated. ║
    ║ Please run the following command to download new browsers:              ║
    ║                                                                         ║
    ║     npx playwright install                                              ║
    ║                                                                         ║
    ║ <3 Playwright Team                                                      ║
    ╚═════════════════════════════════════════════════════════════════════════╝
]]>
</failure>
</testcase>
<testcase name="Node Creation and Edge Relationships › should delete nodes and clean up edges" classname="node-creation-edges.spec.ts" time="0.001">
<failure message="node-creation-edges.spec.ts:190:7 should delete nodes and clean up edges" type="FAILURE">
<![CDATA[  [chromium] › node-creation-edges.spec.ts:190:7 › Node Creation and Edge Relationships › should delete nodes and clean up edges 

    Error: browserType.launch: Executable doesn't exist at /Users/marklewis/Library/Caches/ms-playwright/chromium_headless_shell-1181/chrome-mac/headless_shell
    ╔═════════════════════════════════════════════════════════════════════════╗
    ║ Looks like Playwright Test or Playwright was just installed or updated. ║
    ║ Please run the following command to download new browsers:              ║
    ║                                                                         ║
    ║     npx playwright install                                              ║
    ║                                                                         ║
    ║ <3 Playwright Team                                                      ║
    ╚═════════════════════════════════════════════════════════════════════════╝
]]>
</failure>
</testcase>
<testcase name="Node Creation and Edge Relationships › should update node status from draft to curated" classname="node-creation-edges.spec.ts" time="0.001">
<failure message="node-creation-edges.spec.ts:257:7 should update node status from draft to curated" type="FAILURE">
<![CDATA[  [chromium] › node-creation-edges.spec.ts:257:7 › Node Creation and Edge Relationships › should update node status from draft to curated 

    Error: browserType.launch: Executable doesn't exist at /Users/marklewis/Library/Caches/ms-playwright/chromium_headless_shell-1181/chrome-mac/headless_shell
    ╔═════════════════════════════════════════════════════════════════════════╗
    ║ Looks like Playwright Test or Playwright was just installed or updated. ║
    ║ Please run the following command to download new browsers:              ║
    ║                                                                         ║
    ║     npx playwright install                                              ║
    ║                                                                         ║
    ║ <3 Playwright Team                                                      ║
    ╚═════════════════════════════════════════════════════════════════════════╝
]]>
</failure>
</testcase>
<testcase name="Node Creation and Edge Relationships › should handle edge creation validation" classname="node-creation-edges.spec.ts" time="0.001">
<failure message="node-creation-edges.spec.ts:300:7 should handle edge creation validation" type="FAILURE">
<![CDATA[  [chromium] › node-creation-edges.spec.ts:300:7 › Node Creation and Edge Relationships › should handle edge creation validation 

    Error: browserType.launch: Executable doesn't exist at /Users/marklewis/Library/Caches/ms-playwright/chromium_headless_shell-1181/chrome-mac/headless_shell
    ╔═════════════════════════════════════════════════════════════════════════╗
    ║ Looks like Playwright Test or Playwright was just installed or updated. ║
    ║ Please run the following command to download new browsers:              ║
    ║                                                                         ║
    ║     npx playwright install                                              ║
    ║                                                                         ║
    ║ <3 Playwright Team                                                      ║
    ╚═════════════════════════════════════════════════════════════════════════╝
]]>
</failure>
</testcase>
<testcase name="Node Creation and Edge Relationships › should handle concurrent node creation" classname="node-creation-edges.spec.ts" time="0.001">
<failure message="node-creation-edges.spec.ts:331:7 should handle concurrent node creation" type="FAILURE">
<![CDATA[  [chromium] › node-creation-edges.spec.ts:331:7 › Node Creation and Edge Relationships › should handle concurrent node creation 

    Error: browserType.launch: Executable doesn't exist at /Users/marklewis/Library/Caches/ms-playwright/chromium_headless_shell-1181/chrome-mac/headless_shell
    ╔═════════════════════════════════════════════════════════════════════════╗
    ║ Looks like Playwright Test or Playwright was just installed or updated. ║
    ║ Please run the following command to download new browsers:              ║
    ║                                                                         ║
    ║     npx playwright install                                              ║
    ║                                                                         ║
    ║ <3 Playwright Team                                                      ║
    ╚═════════════════════════════════════════════════════════════════════════╝
]]>
</failure>
</testcase>
</testsuite>
<testsuite name="realtime-updates.spec.ts" timestamp="2025-08-24T08:06:44.390Z" hostname="chromium" tests="8" failures="8" skipped="0" time="0.008" errors="0">
<testcase name="Real-time Updates › should receive real-time node creation updates" classname="realtime-updates.spec.ts" time="0.001">
<failure message="realtime-updates.spec.ts:10:7 should receive real-time node creation updates" type="FAILURE">
<![CDATA[  [chromium] › realtime-updates.spec.ts:10:7 › Real-time Updates › should receive real-time node creation updates 

    Error: browserType.launch: Executable doesn't exist at /Users/marklewis/Library/Caches/ms-playwright/chromium_headless_shell-1181/chrome-mac/headless_shell
    ╔═════════════════════════════════════════════════════════════════════════╗
    ║ Looks like Playwright Test or Playwright was just installed or updated. ║
    ║ Please run the following command to download new browsers:              ║
    ║                                                                         ║
    ║     npx playwright install                                              ║
    ║                                                                         ║
    ║ <3 Playwright Team                                                      ║
    ╚═════════════════════════════════════════════════════════════════════════╝
]]>
</failure>
</testcase>
<testcase name="Real-time Updates › should receive real-time node update notifications" classname="realtime-updates.spec.ts" time="0.001">
<failure message="realtime-updates.spec.ts:49:7 should receive real-time node update notifications" type="FAILURE">
<![CDATA[  [chromium] › realtime-updates.spec.ts:49:7 › Real-time Updates › should receive real-time node update notifications 

    Error: browserType.launch: Executable doesn't exist at /Users/marklewis/Library/Caches/ms-playwright/chromium_headless_shell-1181/chrome-mac/headless_shell
    ╔═════════════════════════════════════════════════════════════════════════╗
    ║ Looks like Playwright Test or Playwright was just installed or updated. ║
    ║ Please run the following command to download new browsers:              ║
    ║                                                                         ║
    ║     npx playwright install                                              ║
    ║                                                                         ║
    ║ <3 Playwright Team                                                      ║
    ╚═════════════════════════════════════════════════════════════════════════╝
]]>
</failure>
</testcase>
<testcase name="Real-time Updates › should receive real-time edge creation updates" classname="realtime-updates.spec.ts" time="0.001">
<failure message="realtime-updates.spec.ts:113:7 should receive real-time edge creation updates" type="FAILURE">
<![CDATA[  [chromium] › realtime-updates.spec.ts:113:7 › Real-time Updates › should receive real-time edge creation updates 

    Error: browserType.launch: Executable doesn't exist at /Users/marklewis/Library/Caches/ms-playwright/chromium_headless_shell-1181/chrome-mac/headless_shell
    ╔═════════════════════════════════════════════════════════════════════════╗
    ║ Looks like Playwright Test or Playwright was just installed or updated. ║
    ║ Please run the following command to download new browsers:              ║
    ║                                                                         ║
    ║     npx playwright install                                              ║
    ║                                                                         ║
    ║ <3 Playwright Team                                                      ║
    ╚═════════════════════════════════════════════════════════════════════════╝
]]>
</failure>
</testcase>
<testcase name="Real-time Updates › should handle multiple concurrent real-time updates" classname="realtime-updates.spec.ts" time="0.001">
<failure message="realtime-updates.spec.ts:157:7 should handle multiple concurrent real-time updates" type="FAILURE">
<![CDATA[  [chromium] › realtime-updates.spec.ts:157:7 › Real-time Updates › should handle multiple concurrent real-time updates 

    Error: browserType.launch: Executable doesn't exist at /Users/marklewis/Library/Caches/ms-playwright/chromium_headless_shell-1181/chrome-mac/headless_shell
    ╔═════════════════════════════════════════════════════════════════════════╗
    ║ Looks like Playwright Test or Playwright was just installed or updated. ║
    ║ Please run the following command to download new browsers:              ║
    ║                                                                         ║
    ║     npx playwright install                                              ║
    ║                                                                         ║
    ║ <3 Playwright Team                                                      ║
    ╚═════════════════════════════════════════════════════════════════════════╝
]]>
</failure>
</testcase>
<testcase name="Real-time Updates › should handle real-time node deletion updates" classname="realtime-updates.spec.ts" time="0.001">
<failure message="realtime-updates.spec.ts:204:7 should handle real-time node deletion updates" type="FAILURE">
<![CDATA[  [chromium] › realtime-updates.spec.ts:204:7 › Real-time Updates › should handle real-time node deletion updates 

    Error: browserType.launch: Executable doesn't exist at /Users/marklewis/Library/Caches/ms-playwright/chromium_headless_shell-1181/chrome-mac/headless_shell
    ╔═════════════════════════════════════════════════════════════════════════╗
    ║ Looks like Playwright Test or Playwright was just installed or updated. ║
    ║ Please run the following command to download new browsers:              ║
    ║                                                                         ║
    ║     npx playwright install                                              ║
    ║                                                                         ║
    ║ <3 Playwright Team                                                      ║
    ╚═════════════════════════════════════════════════════════════════════════╝
]]>
</failure>
</testcase>
<testcase name="Real-time Updates › should maintain real-time connection after network interruption" classname="realtime-updates.spec.ts" time="0.001">
<failure message="realtime-updates.spec.ts:248:7 should maintain real-time connection after network interruption" type="FAILURE">
<![CDATA[  [chromium] › realtime-updates.spec.ts:248:7 › Real-time Updates › should maintain real-time connection after network interruption 

    Error: browserType.launch: Executable doesn't exist at /Users/marklewis/Library/Caches/ms-playwright/chromium_headless_shell-1181/chrome-mac/headless_shell
    ╔═════════════════════════════════════════════════════════════════════════╗
    ║ Looks like Playwright Test or Playwright was just installed or updated. ║
    ║ Please run the following command to download new browsers:              ║
    ║                                                                         ║
    ║     npx playwright install                                              ║
    ║                                                                         ║
    ║ <3 Playwright Team                                                      ║
    ╚═════════════════════════════════════════════════════════════════════════╝
]]>
</failure>
</testcase>
<testcase name="Real-time Updates › should filter real-time updates based on user permissions" classname="realtime-updates.spec.ts" time="0.001">
<failure message="realtime-updates.spec.ts:277:7 should filter real-time updates based on user permissions" type="FAILURE">
<![CDATA[  [chromium] › realtime-updates.spec.ts:277:7 › Real-time Updates › should filter real-time updates based on user permissions 

    Error: browserType.launch: Executable doesn't exist at /Users/marklewis/Library/Caches/ms-playwright/chromium_headless_shell-1181/chrome-mac/headless_shell
    ╔═════════════════════════════════════════════════════════════════════════╗
    ║ Looks like Playwright Test or Playwright was just installed or updated. ║
    ║ Please run the following command to download new browsers:              ║
    ║                                                                         ║
    ║     npx playwright install                                              ║
    ║                                                                         ║
    ║ <3 Playwright Team                                                      ║
    ╚═════════════════════════════════════════════════════════════════════════╝
]]>
</failure>
</testcase>
<testcase name="Real-time Updates › should handle real-time subscription cleanup on page navigation" classname="realtime-updates.spec.ts" time="0.001">
<failure message="realtime-updates.spec.ts:323:7 should handle real-time subscription cleanup on page navigation" type="FAILURE">
<![CDATA[  [chromium] › realtime-updates.spec.ts:323:7 › Real-time Updates › should handle real-time subscription cleanup on page navigation 

    Error: browserType.launch: Executable doesn't exist at /Users/marklewis/Library/Caches/ms-playwright/chromium_headless_shell-1181/chrome-mac/headless_shell
    ╔═════════════════════════════════════════════════════════════════════════╗
    ║ Looks like Playwright Test or Playwright was just installed or updated. ║
    ║ Please run the following command to download new browsers:              ║
    ║                                                                         ║
    ║     npx playwright install                                              ║
    ║                                                                         ║
    ║ <3 Playwright Team                                                      ║
    ╚═════════════════════════════════════════════════════════════════════════╝
]]>
</failure>
</testcase>
</testsuite>
<testsuite name="responsive-accessibility.spec.ts" timestamp="2025-08-24T08:06:44.390Z" hostname="chromium" tests="15" failures="15" skipped="0" time="0.016" errors="0">
<testcase name="Responsive Design › should adapt to mobile viewport (iPhone)" classname="responsive-accessibility.spec.ts" time="0.001">
<failure message="responsive-accessibility.spec.ts:10:7 should adapt to mobile viewport (iPhone)" type="FAILURE">
<![CDATA[  [chromium] › responsive-accessibility.spec.ts:10:7 › Responsive Design › should adapt to mobile viewport (iPhone) 

    Error: browserType.launch: Executable doesn't exist at /Users/marklewis/Library/Caches/ms-playwright/chromium_headless_shell-1181/chrome-mac/headless_shell
    ╔═════════════════════════════════════════════════════════════════════════╗
    ║ Looks like Playwright Test or Playwright was just installed or updated. ║
    ║ Please run the following command to download new browsers:              ║
    ║                                                                         ║
    ║     npx playwright install                                              ║
    ║                                                                         ║
    ║ <3 Playwright Team                                                      ║
    ╚═════════════════════════════════════════════════════════════════════════╝
]]>
</failure>
</testcase>
<testcase name="Responsive Design › should adapt to tablet viewport (iPad)" classname="responsive-accessibility.spec.ts" time="0.001">
<failure message="responsive-accessibility.spec.ts:29:7 should adapt to tablet viewport (iPad)" type="FAILURE">
<![CDATA[  [chromium] › responsive-accessibility.spec.ts:29:7 › Responsive Design › should adapt to tablet viewport (iPad) 

    Error: browserType.launch: Executable doesn't exist at /Users/marklewis/Library/Caches/ms-playwright/chromium_headless_shell-1181/chrome-mac/headless_shell
    ╔═════════════════════════════════════════════════════════════════════════╗
    ║ Looks like Playwright Test or Playwright was just installed or updated. ║
    ║ Please run the following command to download new browsers:              ║
    ║                                                                         ║
    ║     npx playwright install                                              ║
    ║                                                                         ║
    ║ <3 Playwright Team                                                      ║
    ╚═════════════════════════════════════════════════════════════════════════╝
]]>
</failure>
</testcase>
<testcase name="Responsive Design › should handle landscape orientation on mobile" classname="responsive-accessibility.spec.ts" time="0.001">
<failure message="responsive-accessibility.spec.ts:54:7 should handle landscape orientation on mobile" type="FAILURE">
<![CDATA[  [chromium] › responsive-accessibility.spec.ts:54:7 › Responsive Design › should handle landscape orientation on mobile 

    Error: browserType.launch: Executable doesn't exist at /Users/marklewis/Library/Caches/ms-playwright/chromium_headless_shell-1181/chrome-mac/headless_shell
    ╔═════════════════════════════════════════════════════════════════════════╗
    ║ Looks like Playwright Test or Playwright was just installed or updated. ║
    ║ Please run the following command to download new browsers:              ║
    ║                                                                         ║
    ║     npx playwright install                                              ║
    ║                                                                         ║
    ║ <3 Playwright Team                                                      ║
    ╚═════════════════════════════════════════════════════════════════════════╝
]]>
</failure>
</testcase>
<testcase name="Responsive Design › should handle touch gestures on mobile" classname="responsive-accessibility.spec.ts" time="0.001">
<failure message="responsive-accessibility.spec.ts:69:7 should handle touch gestures on mobile" type="FAILURE">
<![CDATA[  [chromium] › responsive-accessibility.spec.ts:69:7 › Responsive Design › should handle touch gestures on mobile 

    Error: browserType.launch: Executable doesn't exist at /Users/marklewis/Library/Caches/ms-playwright/chromium_headless_shell-1181/chrome-mac/headless_shell
    ╔═════════════════════════════════════════════════════════════════════════╗
    ║ Looks like Playwright Test or Playwright was just installed or updated. ║
    ║ Please run the following command to download new browsers:              ║
    ║                                                                         ║
    ║     npx playwright install                                              ║
    ║                                                                         ║
    ║ <3 Playwright Team                                                      ║
    ╚═════════════════════════════════════════════════════════════════════════╝
]]>
</failure>
</testcase>
<testcase name="Responsive Design › should handle pinch-to-zoom on touch devices" classname="responsive-accessibility.spec.ts" time="0.001">
<failure message="responsive-accessibility.spec.ts:98:7 should handle pinch-to-zoom on touch devices" type="FAILURE">
<![CDATA[  [chromium] › responsive-accessibility.spec.ts:98:7 › Responsive Design › should handle pinch-to-zoom on touch devices 

    Error: browserType.launch: Executable doesn't exist at /Users/marklewis/Library/Caches/ms-playwright/chromium_headless_shell-1181/chrome-mac/headless_shell
    ╔═════════════════════════════════════════════════════════════════════════╗
    ║ Looks like Playwright Test or Playwright was just installed or updated. ║
    ║ Please run the following command to download new browsers:              ║
    ║                                                                         ║
    ║     npx playwright install                                              ║
    ║                                                                         ║
    ║ <3 Playwright Team                                                      ║
    ╚═════════════════════════════════════════════════════════════════════════╝
]]>
</failure>
</testcase>
<testcase name="Responsive Design › should show appropriate UI controls on different screen sizes" classname="responsive-accessibility.spec.ts" time="0.002">
<failure message="responsive-accessibility.spec.ts:126:7 should show appropriate UI controls on different screen sizes" type="FAILURE">
<![CDATA[  [chromium] › responsive-accessibility.spec.ts:126:7 › Responsive Design › should show appropriate UI controls on different screen sizes 

    Error: browserType.launch: Executable doesn't exist at /Users/marklewis/Library/Caches/ms-playwright/chromium_headless_shell-1181/chrome-mac/headless_shell
    ╔═════════════════════════════════════════════════════════════════════════╗
    ║ Looks like Playwright Test or Playwright was just installed or updated. ║
    ║ Please run the following command to download new browsers:              ║
    ║                                                                         ║
    ║     npx playwright install                                              ║
    ║                                                                         ║
    ║ <3 Playwright Team                                                      ║
    ╚═════════════════════════════════════════════════════════════════════════╝
]]>
</failure>
</testcase>
<testcase name="Accessibility (WCAG Compliance) › should have proper ARIA labels and roles" classname="responsive-accessibility.spec.ts" time="0.001">
<failure message="responsive-accessibility.spec.ts:161:7 should have proper ARIA labels and roles" type="FAILURE">
<![CDATA[  [chromium] › responsive-accessibility.spec.ts:161:7 › Accessibility (WCAG Compliance) › should have proper ARIA labels and roles 

    Error: browserType.launch: Executable doesn't exist at /Users/marklewis/Library/Caches/ms-playwright/chromium_headless_shell-1181/chrome-mac/headless_shell
    ╔═════════════════════════════════════════════════════════════════════════╗
    ║ Looks like Playwright Test or Playwright was just installed or updated. ║
    ║ Please run the following command to download new browsers:              ║
    ║                                                                         ║
    ║     npx playwright install                                              ║
    ║                                                                         ║
    ║ <3 Playwright Team                                                      ║
    ╚═════════════════════════════════════════════════════════════════════════╝
]]>
</failure>
</testcase>
<testcase name="Accessibility (WCAG Compliance) › should support keyboard navigation" classname="responsive-accessibility.spec.ts" time="0.001">
<failure message="responsive-accessibility.spec.ts:188:7 should support keyboard navigation" type="FAILURE">
<![CDATA[  [chromium] › responsive-accessibility.spec.ts:188:7 › Accessibility (WCAG Compliance) › should support keyboard navigation 

    Error: browserType.launch: Executable doesn't exist at /Users/marklewis/Library/Caches/ms-playwright/chromium_headless_shell-1181/chrome-mac/headless_shell
    ╔═════════════════════════════════════════════════════════════════════════╗
    ║ Looks like Playwright Test or Playwright was just installed or updated. ║
    ║ Please run the following command to download new browsers:              ║
    ║                                                                         ║
    ║     npx playwright install                                              ║
    ║                                                                         ║
    ║ <3 Playwright Team                                                      ║
    ╚═════════════════════════════════════════════════════════════════════════╝
]]>
</failure>
</testcase>
<testcase name="Accessibility (WCAG Compliance) › should support screen reader announcements" classname="responsive-accessibility.spec.ts" time="0.001">
<failure message="responsive-accessibility.spec.ts:213:7 should support screen reader announcements" type="FAILURE">
<![CDATA[  [chromium] › responsive-accessibility.spec.ts:213:7 › Accessibility (WCAG Compliance) › should support screen reader announcements 

    Error: browserType.launch: Executable doesn't exist at /Users/marklewis/Library/Caches/ms-playwright/chromium_headless_shell-1181/chrome-mac/headless_shell
    ╔═════════════════════════════════════════════════════════════════════════╗
    ║ Looks like Playwright Test or Playwright was just installed or updated. ║
    ║ Please run the following command to download new browsers:              ║
    ║                                                                         ║
    ║     npx playwright install                                              ║
    ║                                                                         ║
    ║ <3 Playwright Team                                                      ║
    ╚═════════════════════════════════════════════════════════════════════════╝
]]>
</failure>
</testcase>
<testcase name="Accessibility (WCAG Compliance) › should have sufficient color contrast" classname="responsive-accessibility.spec.ts" time="0.001">
<failure message="responsive-accessibility.spec.ts:240:7 should have sufficient color contrast" type="FAILURE">
<![CDATA[  [chromium] › responsive-accessibility.spec.ts:240:7 › Accessibility (WCAG Compliance) › should have sufficient color contrast 

    Error: browserType.launch: Executable doesn't exist at /Users/marklewis/Library/Caches/ms-playwright/chromium_headless_shell-1181/chrome-mac/headless_shell
    ╔═════════════════════════════════════════════════════════════════════════╗
    ║ Looks like Playwright Test or Playwright was just installed or updated. ║
    ║ Please run the following command to download new browsers:              ║
    ║                                                                         ║
    ║     npx playwright install                                              ║
    ║                                                                         ║
    ║ <3 Playwright Team                                                      ║
    ╚═════════════════════════════════════════════════════════════════════════╝
]]>
</failure>
</testcase>
<testcase name="Accessibility (WCAG Compliance) › should support reduced motion preferences" classname="responsive-accessibility.spec.ts" time="0.001">
<failure message="responsive-accessibility.spec.ts:273:7 should support reduced motion preferences" type="FAILURE">
<![CDATA[  [chromium] › responsive-accessibility.spec.ts:273:7 › Accessibility (WCAG Compliance) › should support reduced motion preferences 

    Error: browserType.launch: Executable doesn't exist at /Users/marklewis/Library/Caches/ms-playwright/chromium_headless_shell-1181/chrome-mac/headless_shell
    ╔═════════════════════════════════════════════════════════════════════════╗
    ║ Looks like Playwright Test or Playwright was just installed or updated. ║
    ║ Please run the following command to download new browsers:              ║
    ║                                                                         ║
    ║     npx playwright install                                              ║
    ║                                                                         ║
    ║ <3 Playwright Team                                                      ║
    ╚═════════════════════════════════════════════════════════════════════════╝
]]>
</failure>
</testcase>
<testcase name="Accessibility (WCAG Compliance) › should provide alternative text for visual elements" classname="responsive-accessibility.spec.ts" time="0.001">
<failure message="responsive-accessibility.spec.ts:297:7 should provide alternative text for visual elements" type="FAILURE">
<![CDATA[  [chromium] › responsive-accessibility.spec.ts:297:7 › Accessibility (WCAG Compliance) › should provide alternative text for visual elements 

    Error: browserType.launch: Executable doesn't exist at /Users/marklewis/Library/Caches/ms-playwright/chromium_headless_shell-1181/chrome-mac/headless_shell
    ╔═════════════════════════════════════════════════════════════════════════╗
    ║ Looks like Playwright Test or Playwright was just installed or updated. ║
    ║ Please run the following command to download new browsers:              ║
    ║                                                                         ║
    ║     npx playwright install                                              ║
    ║                                                                         ║
    ║ <3 Playwright Team                                                      ║
    ╚═════════════════════════════════════════════════════════════════════════╝
]]>
</failure>
</testcase>
<testcase name="Accessibility (WCAG Compliance) › should handle focus management properly" classname="responsive-accessibility.spec.ts" time="0.001">
<failure message="responsive-accessibility.spec.ts:323:7 should handle focus management properly" type="FAILURE">
<![CDATA[  [chromium] › responsive-accessibility.spec.ts:323:7 › Accessibility (WCAG Compliance) › should handle focus management properly 

    Error: browserType.launch: Executable doesn't exist at /Users/marklewis/Library/Caches/ms-playwright/chromium_headless_shell-1181/chrome-mac/headless_shell
    ╔═════════════════════════════════════════════════════════════════════════╗
    ║ Looks like Playwright Test or Playwright was just installed or updated. ║
    ║ Please run the following command to download new browsers:              ║
    ║                                                                         ║
    ║     npx playwright install                                              ║
    ║                                                                         ║
    ║ <3 Playwright Team                                                      ║
    ╚═════════════════════════════════════════════════════════════════════════╝
]]>
</failure>
</testcase>
<testcase name="Accessibility (WCAG Compliance) › should provide meaningful error messages" classname="responsive-accessibility.spec.ts" time="0.001">
<failure message="responsive-accessibility.spec.ts:351:7 should provide meaningful error messages" type="FAILURE">
<![CDATA[  [chromium] › responsive-accessibility.spec.ts:351:7 › Accessibility (WCAG Compliance) › should provide meaningful error messages 

    Error: browserType.launch: Executable doesn't exist at /Users/marklewis/Library/Caches/ms-playwright/chromium_headless_shell-1181/chrome-mac/headless_shell
    ╔═════════════════════════════════════════════════════════════════════════╗
    ║ Looks like Playwright Test or Playwright was just installed or updated. ║
    ║ Please run the following command to download new browsers:              ║
    ║                                                                         ║
    ║     npx playwright install                                              ║
    ║                                                                         ║
    ║ <3 Playwright Team                                                      ║
    ╚═════════════════════════════════════════════════════════════════════════╝
]]>
</failure>
</testcase>
<testcase name="Accessibility (WCAG Compliance) › should support zoom up to 200% without breaking layout" classname="responsive-accessibility.spec.ts" time="0.001">
<failure message="responsive-accessibility.spec.ts:378:7 should support zoom up to 200% without breaking layout" type="FAILURE">
<![CDATA[  [chromium] › responsive-accessibility.spec.ts:378:7 › Accessibility (WCAG Compliance) › should support zoom up to 200% without breaking layout 

    Error: browserType.launch: Executable doesn't exist at /Users/marklewis/Library/Caches/ms-playwright/chromium_headless_shell-1181/chrome-mac/headless_shell
    ╔═════════════════════════════════════════════════════════════════════════╗
    ║ Looks like Playwright Test or Playwright was just installed or updated. ║
    ║ Please run the following command to download new browsers:              ║
    ║                                                                         ║
    ║     npx playwright install                                              ║
    ║                                                                         ║
    ║ <3 Playwright Team                                                      ║
    ╚═════════════════════════════════════════════════════════════════════════╝
]]>
</failure>
</testcase>
</testsuite>
<testsuite name="rls-security.spec.ts" timestamp="2025-08-24T08:06:44.390Z" hostname="chromium" tests="10" failures="10" skipped="0" time="0.01" errors="0">
<testcase name="Row Level Security (RLS) Policies › should only show user-specific data in graph" classname="rls-security.spec.ts" time="0.001">
<failure message="rls-security.spec.ts:6:7 should only show user-specific data in graph" type="FAILURE">
<![CDATA[  [chromium] › rls-security.spec.ts:6:7 › Row Level Security (RLS) Policies › should only show user-specific data in graph 

    Error: browserType.launch: Executable doesn't exist at /Users/marklewis/Library/Caches/ms-playwright/chromium_headless_shell-1181/chrome-mac/headless_shell
    ╔═════════════════════════════════════════════════════════════════════════╗
    ║ Looks like Playwright Test or Playwright was just installed or updated. ║
    ║ Please run the following command to download new browsers:              ║
    ║                                                                         ║
    ║     npx playwright install                                              ║
    ║                                                                         ║
    ║ <3 Playwright Team                                                      ║
    ╚═════════════════════════════════════════════════════════════════════════╝
]]>
</failure>
</testcase>
<testcase name="Row Level Security (RLS) Policies › should prevent unauthorized node access via API" classname="rls-security.spec.ts" time="0.001">
<failure message="rls-security.spec.ts:37:7 should prevent unauthorized node access via API" type="FAILURE">
<![CDATA[  [chromium] › rls-security.spec.ts:37:7 › Row Level Security (RLS) Policies › should prevent unauthorized node access via API 

    Error: browserType.launch: Executable doesn't exist at /Users/marklewis/Library/Caches/ms-playwright/chromium_headless_shell-1181/chrome-mac/headless_shell
    ╔═════════════════════════════════════════════════════════════════════════╗
    ║ Looks like Playwright Test or Playwright was just installed or updated. ║
    ║ Please run the following command to download new browsers:              ║
    ║                                                                         ║
    ║     npx playwright install                                              ║
    ║                                                                         ║
    ║ <3 Playwright Team                                                      ║
    ╚═════════════════════════════════════════════════════════════════════════╝
]]>
</failure>
</testcase>
<testcase name="Row Level Security (RLS) Policies › should prevent cross-user edge creation" classname="rls-security.spec.ts" time="0.001">
<failure message="rls-security.spec.ts:76:7 should prevent cross-user edge creation" type="FAILURE">
<![CDATA[  [chromium] › rls-security.spec.ts:76:7 › Row Level Security (RLS) Policies › should prevent cross-user edge creation 

    Error: browserType.launch: Executable doesn't exist at /Users/marklewis/Library/Caches/ms-playwright/chromium_headless_shell-1181/chrome-mac/headless_shell
    ╔═════════════════════════════════════════════════════════════════════════╗
    ║ Looks like Playwright Test or Playwright was just installed or updated. ║
    ║ Please run the following command to download new browsers:              ║
    ║                                                                         ║
    ║     npx playwright install                                              ║
    ║                                                                         ║
    ║ <3 Playwright Team                                                      ║
    ╚═════════════════════════════════════════════════════════════════════════╝
]]>
</failure>
</testcase>
<testcase name="Row Level Security (RLS) Policies › should handle unauthenticated requests properly" classname="rls-security.spec.ts" time="0.001">
<failure message="rls-security.spec.ts:119:7 should handle unauthenticated requests properly" type="FAILURE">
<![CDATA[  [chromium] › rls-security.spec.ts:119:7 › Row Level Security (RLS) Policies › should handle unauthenticated requests properly 

    Error: browserType.launch: Executable doesn't exist at /Users/marklewis/Library/Caches/ms-playwright/chromium_headless_shell-1181/chrome-mac/headless_shell
    ╔═════════════════════════════════════════════════════════════════════════╗
    ║ Looks like Playwright Test or Playwright was just installed or updated. ║
    ║ Please run the following command to download new browsers:              ║
    ║                                                                         ║
    ║     npx playwright install                                              ║
    ║                                                                         ║
    ║ <3 Playwright Team                                                      ║
    ╚═════════════════════════════════════════════════════════════════════════╝
]]>
</failure>
</testcase>
<testcase name="Row Level Security (RLS) Policies › should prevent node deletion by unauthorized users" classname="rls-security.spec.ts" time="0.001">
<failure message="rls-security.spec.ts:138:7 should prevent node deletion by unauthorized users" type="FAILURE">
<![CDATA[  [chromium] › rls-security.spec.ts:138:7 › Row Level Security (RLS) Policies › should prevent node deletion by unauthorized users 

    Error: browserType.launch: Executable doesn't exist at /Users/marklewis/Library/Caches/ms-playwright/chromium_headless_shell-1181/chrome-mac/headless_shell
    ╔═════════════════════════════════════════════════════════════════════════╗
    ║ Looks like Playwright Test or Playwright was just installed or updated. ║
    ║ Please run the following command to download new browsers:              ║
    ║                                                                         ║
    ║     npx playwright install                                              ║
    ║                                                                         ║
    ║ <3 Playwright Team                                                      ║
    ╚═════════════════════════════════════════════════════════════════════════╝
]]>
</failure>
</testcase>
<testcase name="Row Level Security (RLS) Policies › should handle expired authentication tokens" classname="rls-security.spec.ts" time="0.001">
<failure message="rls-security.spec.ts:193:7 should handle expired authentication tokens" type="FAILURE">
<![CDATA[  [chromium] › rls-security.spec.ts:193:7 › Row Level Security (RLS) Policies › should handle expired authentication tokens 

    Error: browserType.launch: Executable doesn't exist at /Users/marklewis/Library/Caches/ms-playwright/chromium_headless_shell-1181/chrome-mac/headless_shell
    ╔═════════════════════════════════════════════════════════════════════════╗
    ║ Looks like Playwright Test or Playwright was just installed or updated. ║
    ║ Please run the following command to download new browsers:              ║
    ║                                                                         ║
    ║     npx playwright install                                              ║
    ║                                                                         ║
    ║ <3 Playwright Team                                                      ║
    ╚═════════════════════════════════════════════════════════════════════════╝
]]>
</failure>
</testcase>
<testcase name="Row Level Security (RLS) Policies › should enforce user isolation in real-time subscriptions" classname="rls-security.spec.ts" time="0.001">
<failure message="rls-security.spec.ts:217:7 should enforce user isolation in real-time subscriptions" type="FAILURE">
<![CDATA[  [chromium] › rls-security.spec.ts:217:7 › Row Level Security (RLS) Policies › should enforce user isolation in real-time subscriptions 

    Error: browserType.launch: Executable doesn't exist at /Users/marklewis/Library/Caches/ms-playwright/chromium_headless_shell-1181/chrome-mac/headless_shell
    ╔═════════════════════════════════════════════════════════════════════════╗
    ║ Looks like Playwright Test or Playwright was just installed or updated. ║
    ║ Please run the following command to download new browsers:              ║
    ║                                                                         ║
    ║     npx playwright install                                              ║
    ║                                                                         ║
    ║ <3 Playwright Team                                                      ║
    ╚═════════════════════════════════════════════════════════════════════════╝
]]>
</failure>
</testcase>
<testcase name="Row Level Security (RLS) Policies › should validate user ownership in embedding operations" classname="rls-security.spec.ts" time="0.001">
<failure message="rls-security.spec.ts:257:7 should validate user ownership in embedding operations" type="FAILURE">
<![CDATA[  [chromium] › rls-security.spec.ts:257:7 › Row Level Security (RLS) Policies › should validate user ownership in embedding operations 

    Error: browserType.launch: Executable doesn't exist at /Users/marklewis/Library/Caches/ms-playwright/chromium_headless_shell-1181/chrome-mac/headless_shell
    ╔═════════════════════════════════════════════════════════════════════════╗
    ║ Looks like Playwright Test or Playwright was just installed or updated. ║
    ║ Please run the following command to download new browsers:              ║
    ║                                                                         ║
    ║     npx playwright install                                              ║
    ║                                                                         ║
    ║ <3 Playwright Team                                                      ║
    ╚═════════════════════════════════════════════════════════════════════════╝
]]>
</failure>
</testcase>
<testcase name="Row Level Security (RLS) Policies › should prevent SQL injection in graph operations" classname="rls-security.spec.ts" time="0.001">
<failure message="rls-security.spec.ts:292:7 should prevent SQL injection in graph operations" type="FAILURE">
<![CDATA[  [chromium] › rls-security.spec.ts:292:7 › Row Level Security (RLS) Policies › should prevent SQL injection in graph operations 

    Error: browserType.launch: Executable doesn't exist at /Users/marklewis/Library/Caches/ms-playwright/chromium_headless_shell-1181/chrome-mac/headless_shell
    ╔═════════════════════════════════════════════════════════════════════════╗
    ║ Looks like Playwright Test or Playwright was just installed or updated. ║
    ║ Please run the following command to download new browsers:              ║
    ║                                                                         ║
    ║     npx playwright install                                              ║
    ║                                                                         ║
    ║ <3 Playwright Team                                                      ║
    ╚═════════════════════════════════════════════════════════════════════════╝
]]>
</failure>
</testcase>
<testcase name="Row Level Security (RLS) Policies › should handle privilege escalation attempts" classname="rls-security.spec.ts" time="0.001">
<failure message="rls-security.spec.ts:336:7 should handle privilege escalation attempts" type="FAILURE">
<![CDATA[  [chromium] › rls-security.spec.ts:336:7 › Row Level Security (RLS) Policies › should handle privilege escalation attempts 

    Error: browserType.launch: Executable doesn't exist at /Users/marklewis/Library/Caches/ms-playwright/chromium_headless_shell-1181/chrome-mac/headless_shell
    ╔═════════════════════════════════════════════════════════════════════════╗
    ║ Looks like Playwright Test or Playwright was just installed or updated. ║
    ║ Please run the following command to download new browsers:              ║
    ║                                                                         ║
    ║     npx playwright install                                              ║
    ║                                                                         ║
    ║ <3 Playwright Team                                                      ║
    ╚═════════════════════════════════════════════════════════════════════════╝
]]>
</failure>
</testcase>
</testsuite>
<testsuite name="embedding-generation.spec.ts" timestamp="2025-08-24T08:06:44.390Z" hostname="firefox" tests="8" failures="8" skipped="0" time="0.01" errors="0">
<testcase name="Embedding Generation Edge Functions › should generate embeddings for new nodes" classname="embedding-generation.spec.ts" time="0.001">
<failure message="embedding-generation.spec.ts:9:7 should generate embeddings for new nodes" type="FAILURE">
<![CDATA[  [firefox] › embedding-generation.spec.ts:9:7 › Embedding Generation Edge Functions › should generate embeddings for new nodes 

    Error: browserType.launch: Executable doesn't exist at /Users/marklewis/Library/Caches/ms-playwright/firefox-1489/firefox/Nightly.app/Contents/MacOS/firefox
    ╔═════════════════════════════════════════════════════════════════════════╗
    ║ Looks like Playwright Test or Playwright was just installed or updated. ║
    ║ Please run the following command to download new browsers:              ║
    ║                                                                         ║
    ║     npx playwright install                                              ║
    ║                                                                         ║
    ║ <3 Playwright Team                                                      ║
    ╚═════════════════════════════════════════════════════════════════════════╝
]]>
</failure>
</testcase>
<testcase name="Embedding Generation Edge Functions › should handle embedding generation errors gracefully" classname="embedding-generation.spec.ts" time="0.001">
<failure message="embedding-generation.spec.ts:60:7 should handle embedding generation errors gracefully" type="FAILURE">
<![CDATA[  [firefox] › embedding-generation.spec.ts:60:7 › Embedding Generation Edge Functions › should handle embedding generation errors gracefully 

    Error: browserType.launch: Executable doesn't exist at /Users/marklewis/Library/Caches/ms-playwright/firefox-1489/firefox/Nightly.app/Contents/MacOS/firefox
    ╔═════════════════════════════════════════════════════════════════════════╗
    ║ Looks like Playwright Test or Playwright was just installed or updated. ║
    ║ Please run the following command to download new browsers:              ║
    ║                                                                         ║
    ║     npx playwright install                                              ║
    ║                                                                         ║
    ║ <3 Playwright Team                                                      ║
    ╚═════════════════════════════════════════════════════════════════════════╝
]]>
</failure>
</testcase>
<testcase name="Embedding Generation Edge Functions › should update embeddings when node content changes" classname="embedding-generation.spec.ts" time="0.001">
<failure message="embedding-generation.spec.ts:85:7 should update embeddings when node content changes" type="FAILURE">
<![CDATA[  [firefox] › embedding-generation.spec.ts:85:7 › Embedding Generation Edge Functions › should update embeddings when node content changes 

    Error: browserType.launch: Executable doesn't exist at /Users/marklewis/Library/Caches/ms-playwright/firefox-1489/firefox/Nightly.app/Contents/MacOS/firefox
    ╔═════════════════════════════════════════════════════════════════════════╗
    ║ Looks like Playwright Test or Playwright was just installed or updated. ║
    ║ Please run the following command to download new browsers:              ║
    ║                                                                         ║
    ║     npx playwright install                                              ║
    ║                                                                         ║
    ║ <3 Playwright Team                                                      ║
    ╚═════════════════════════════════════════════════════════════════════════╝
]]>
</failure>
</testcase>
<testcase name="Embedding Generation Edge Functions › should handle batch embedding generation" classname="embedding-generation.spec.ts" time="0.001">
<failure message="embedding-generation.spec.ts:154:7 should handle batch embedding generation" type="FAILURE">
<![CDATA[  [firefox] › embedding-generation.spec.ts:154:7 › Embedding Generation Edge Functions › should handle batch embedding generation 

    Error: browserType.launch: Executable doesn't exist at /Users/marklewis/Library/Caches/ms-playwright/firefox-1489/firefox/Nightly.app/Contents/MacOS/firefox
    ╔═════════════════════════════════════════════════════════════════════════╗
    ║ Looks like Playwright Test or Playwright was just installed or updated. ║
    ║ Please run the following command to download new browsers:              ║
    ║                                                                         ║
    ║     npx playwright install                                              ║
    ║                                                                         ║
    ║ <3 Playwright Team                                                      ║
    ╚═════════════════════════════════════════════════════════════════════════╝
]]>
</failure>
</testcase>
<testcase name="Embedding Generation Edge Functions › should use embeddings for similarity search" classname="embedding-generation.spec.ts" time="0.001">
<failure message="embedding-generation.spec.ts:198:7 should use embeddings for similarity search" type="FAILURE">
<![CDATA[  [firefox] › embedding-generation.spec.ts:198:7 › Embedding Generation Edge Functions › should use embeddings for similarity search 

    Error: browserType.launch: Executable doesn't exist at /Users/marklewis/Library/Caches/ms-playwright/firefox-1489/firefox/Nightly.app/Contents/MacOS/firefox
    ╔═════════════════════════════════════════════════════════════════════════╗
    ║ Looks like Playwright Test or Playwright was just installed or updated. ║
    ║ Please run the following command to download new browsers:              ║
    ║                                                                         ║
    ║     npx playwright install                                              ║
    ║                                                                         ║
    ║ <3 Playwright Team                                                      ║
    ╚═════════════════════════════════════════════════════════════════════════╝
]]>
</failure>
</testcase>
<testcase name="Embedding Generation Edge Functions › should handle embedding generation timeout" classname="embedding-generation.spec.ts" time="0.002">
<failure message="embedding-generation.spec.ts:271:7 should handle embedding generation timeout" type="FAILURE">
<![CDATA[  [firefox] › embedding-generation.spec.ts:271:7 › Embedding Generation Edge Functions › should handle embedding generation timeout 

    Error: browserType.launch: Executable doesn't exist at /Users/marklewis/Library/Caches/ms-playwright/firefox-1489/firefox/Nightly.app/Contents/MacOS/firefox
    ╔═════════════════════════════════════════════════════════════════════════╗
    ║ Looks like Playwright Test or Playwright was just installed or updated. ║
    ║ Please run the following command to download new browsers:              ║
    ║                                                                         ║
    ║     npx playwright install                                              ║
    ║                                                                         ║
    ║ <3 Playwright Team                                                      ║
    ╚═════════════════════════════════════════════════════════════════════════╝
]]>
</failure>
</testcase>
<testcase name="Embedding Generation Edge Functions › should validate embedding vector dimensions" classname="embedding-generation.spec.ts" time="0.002">
<failure message="embedding-generation.spec.ts:313:7 should validate embedding vector dimensions" type="FAILURE">
<![CDATA[  [firefox] › embedding-generation.spec.ts:313:7 › Embedding Generation Edge Functions › should validate embedding vector dimensions 

    Error: browserType.launch: Executable doesn't exist at /Users/marklewis/Library/Caches/ms-playwright/firefox-1489/firefox/Nightly.app/Contents/MacOS/firefox
    ╔═════════════════════════════════════════════════════════════════════════╗
    ║ Looks like Playwright Test or Playwright was just installed or updated. ║
    ║ Please run the following command to download new browsers:              ║
    ║                                                                         ║
    ║     npx playwright install                                              ║
    ║                                                                         ║
    ║ <3 Playwright Team                                                      ║
    ╚═════════════════════════════════════════════════════════════════════════╝
]]>
</failure>
</testcase>
<testcase name="Embedding Generation Edge Functions › should handle embedding queue processing" classname="embedding-generation.spec.ts" time="0.001">
<failure message="embedding-generation.spec.ts:357:7 should handle embedding queue processing" type="FAILURE">
<![CDATA[  [firefox] › embedding-generation.spec.ts:357:7 › Embedding Generation Edge Functions › should handle embedding queue processing 

    Error: browserType.launch: Executable doesn't exist at /Users/marklewis/Library/Caches/ms-playwright/firefox-1489/firefox/Nightly.app/Contents/MacOS/firefox
    ╔═════════════════════════════════════════════════════════════════════════╗
    ║ Looks like Playwright Test or Playwright was just installed or updated. ║
    ║ Please run the following command to download new browsers:              ║
    ║                                                                         ║
    ║     npx playwright install                                              ║
    ║                                                                         ║
    ║ <3 Playwright Team                                                      ║
    ╚═════════════════════════════════════════════════════════════════════════╝
]]>
</failure>
</testcase>
</testsuite>
<testsuite name="error-handling.spec.ts" timestamp="2025-08-24T08:06:44.390Z" hostname="firefox" tests="11" failures="11" skipped="0" time="0.012" errors="0">
<testcase name="Error Handling and Recovery › should handle network connectivity issues gracefully" classname="error-handling.spec.ts" time="0.001">
<failure message="error-handling.spec.ts:10:7 should handle network connectivity issues gracefully" type="FAILURE">
<![CDATA[  [firefox] › error-handling.spec.ts:10:7 › Error Handling and Recovery › should handle network connectivity issues gracefully 

    Error: browserType.launch: Executable doesn't exist at /Users/marklewis/Library/Caches/ms-playwright/firefox-1489/firefox/Nightly.app/Contents/MacOS/firefox
    ╔═════════════════════════════════════════════════════════════════════════╗
    ║ Looks like Playwright Test or Playwright was just installed or updated. ║
    ║ Please run the following command to download new browsers:              ║
    ║                                                                         ║
    ║     npx playwright install                                              ║
    ║                                                                         ║
    ║ <3 Playwright Team                                                      ║
    ╚═════════════════════════════════════════════════════════════════════════╝
]]>
</failure>
</testcase>
<testcase name="Error Handling and Recovery › should handle API timeouts gracefully" classname="error-handling.spec.ts" time="0.001">
<failure message="error-handling.spec.ts:37:7 should handle API timeouts gracefully" type="FAILURE">
<![CDATA[  [firefox] › error-handling.spec.ts:37:7 › Error Handling and Recovery › should handle API timeouts gracefully 

    Error: browserType.launch: Executable doesn't exist at /Users/marklewis/Library/Caches/ms-playwright/firefox-1489/firefox/Nightly.app/Contents/MacOS/firefox
    ╔═════════════════════════════════════════════════════════════════════════╗
    ║ Looks like Playwright Test or Playwright was just installed or updated. ║
    ║ Please run the following command to download new browsers:              ║
    ║                                                                         ║
    ║     npx playwright install                                              ║
    ║                                                                         ║
    ║ <3 Playwright Team                                                      ║
    ╚═════════════════════════════════════════════════════════════════════════╝
]]>
</failure>
</testcase>
<testcase name="Error Handling and Recovery › should handle malformed API responses" classname="error-handling.spec.ts" time="0.001">
<failure message="error-handling.spec.ts:76:7 should handle malformed API responses" type="FAILURE">
<![CDATA[  [firefox] › error-handling.spec.ts:76:7 › Error Handling and Recovery › should handle malformed API responses 

    Error: browserType.launch: Executable doesn't exist at /Users/marklewis/Library/Caches/ms-playwright/firefox-1489/firefox/Nightly.app/Contents/MacOS/firefox
    ╔═════════════════════════════════════════════════════════════════════════╗
    ║ Looks like Playwright Test or Playwright was just installed or updated. ║
    ║ Please run the following command to download new browsers:              ║
    ║                                                                         ║
    ║     npx playwright install                                              ║
    ║                                                                         ║
    ║ <3 Playwright Team                                                      ║
    ╚═════════════════════════════════════════════════════════════════════════╝
]]>
</failure>
</testcase>
<testcase name="Error Handling and Recovery › should handle missing graph data gracefully" classname="error-handling.spec.ts" time="0.001">
<failure message="error-handling.spec.ts:125:7 should handle missing graph data gracefully" type="FAILURE">
<![CDATA[  [firefox] › error-handling.spec.ts:125:7 › Error Handling and Recovery › should handle missing graph data gracefully 

    Error: browserType.launch: Executable doesn't exist at /Users/marklewis/Library/Caches/ms-playwright/firefox-1489/firefox/Nightly.app/Contents/MacOS/firefox
    ╔═════════════════════════════════════════════════════════════════════════╗
    ║ Looks like Playwright Test or Playwright was just installed or updated. ║
    ║ Please run the following command to download new browsers:              ║
    ║                                                                         ║
    ║     npx playwright install                                              ║
    ║                                                                         ║
    ║ <3 Playwright Team                                                      ║
    ╚═════════════════════════════════════════════════════════════════════════╝
]]>
</failure>
</testcase>
<testcase name="Error Handling and Recovery › should handle corrupted localStorage gracefully" classname="error-handling.spec.ts" time="0.001">
<failure message="error-handling.spec.ts:153:7 should handle corrupted localStorage gracefully" type="FAILURE">
<![CDATA[  [firefox] › error-handling.spec.ts:153:7 › Error Handling and Recovery › should handle corrupted localStorage gracefully 

    Error: browserType.launch: Executable doesn't exist at /Users/marklewis/Library/Caches/ms-playwright/firefox-1489/firefox/Nightly.app/Contents/MacOS/firefox
    ╔═════════════════════════════════════════════════════════════════════════╗
    ║ Looks like Playwright Test or Playwright was just installed or updated. ║
    ║ Please run the following command to download new browsers:              ║
    ║                                                                         ║
    ║     npx playwright install                                              ║
    ║                                                                         ║
    ║ <3 Playwright Team                                                      ║
    ╚═════════════════════════════════════════════════════════════════════════╝
]]>
</failure>
</testcase>
<testcase name="Error Handling and Recovery › should handle concurrent modification conflicts" classname="error-handling.spec.ts" time="0.002">
<failure message="error-handling.spec.ts:174:7 should handle concurrent modification conflicts" type="FAILURE">
<![CDATA[  [firefox] › error-handling.spec.ts:174:7 › Error Handling and Recovery › should handle concurrent modification conflicts 

    Error: browserType.launch: Executable doesn't exist at /Users/marklewis/Library/Caches/ms-playwright/firefox-1489/firefox/Nightly.app/Contents/MacOS/firefox
    ╔═════════════════════════════════════════════════════════════════════════╗
    ║ Looks like Playwright Test or Playwright was just installed or updated. ║
    ║ Please run the following command to download new browsers:              ║
    ║                                                                         ║
    ║     npx playwright install                                              ║
    ║                                                                         ║
    ║ <3 Playwright Team                                                      ║
    ╚═════════════════════════════════════════════════════════════════════════╝
]]>
</failure>
</testcase>
<testcase name="Error Handling and Recovery › should handle large dataset loading errors" classname="error-handling.spec.ts" time="0.001">
<failure message="error-handling.spec.ts:244:7 should handle large dataset loading errors" type="FAILURE">
<![CDATA[  [firefox] › error-handling.spec.ts:244:7 › Error Handling and Recovery › should handle large dataset loading errors 

    Error: browserType.launch: Executable doesn't exist at /Users/marklewis/Library/Caches/ms-playwright/firefox-1489/firefox/Nightly.app/Contents/MacOS/firefox
    ╔═════════════════════════════════════════════════════════════════════════╗
    ║ Looks like Playwright Test or Playwright was just installed or updated. ║
    ║ Please run the following command to download new browsers:              ║
    ║                                                                         ║
    ║     npx playwright install                                              ║
    ║                                                                         ║
    ║ <3 Playwright Team                                                      ║
    ╚═════════════════════════════════════════════════════════════════════════╝
]]>
</failure>
</testcase>
<testcase name="Error Handling and Recovery › should recover from Cytoscape initialization failures" classname="error-handling.spec.ts" time="0.001">
<failure message="error-handling.spec.ts:281:7 should recover from Cytoscape initialization failures" type="FAILURE">
<![CDATA[  [firefox] › error-handling.spec.ts:281:7 › Error Handling and Recovery › should recover from Cytoscape initialization failures 

    Error: browserType.launch: Executable doesn't exist at /Users/marklewis/Library/Caches/ms-playwright/firefox-1489/firefox/Nightly.app/Contents/MacOS/firefox
    ╔═════════════════════════════════════════════════════════════════════════╗
    ║ Looks like Playwright Test or Playwright was just installed or updated. ║
    ║ Please run the following command to download new browsers:              ║
    ║                                                                         ║
    ║     npx playwright install                                              ║
    ║                                                                         ║
    ║ <3 Playwright Team                                                      ║
    ╚═════════════════════════════════════════════════════════════════════════╝
]]>
</failure>
</testcase>
<testcase name="Error Handling and Recovery › should handle memory pressure gracefully" classname="error-handling.spec.ts" time="0.001">
<failure message="error-handling.spec.ts:310:7 should handle memory pressure gracefully" type="FAILURE">
<![CDATA[  [firefox] › error-handling.spec.ts:310:7 › Error Handling and Recovery › should handle memory pressure gracefully 

    Error: browserType.launch: Executable doesn't exist at /Users/marklewis/Library/Caches/ms-playwright/firefox-1489/firefox/Nightly.app/Contents/MacOS/firefox
    ╔═════════════════════════════════════════════════════════════════════════╗
    ║ Looks like Playwright Test or Playwright was just installed or updated. ║
    ║ Please run the following command to download new browsers:              ║
    ║                                                                         ║
    ║     npx playwright install                                              ║
    ║                                                                         ║
    ║ <3 Playwright Team                                                      ║
    ╚═════════════════════════════════════════════════════════════════════════╝
]]>
</failure>
</testcase>
<testcase name="Error Handling and Recovery › should provide helpful error messages for common issues" classname="error-handling.spec.ts" time="0.001">
<failure message="error-handling.spec.ts:340:7 should provide helpful error messages for common issues" type="FAILURE">
<![CDATA[  [firefox] › error-handling.spec.ts:340:7 › Error Handling and Recovery › should provide helpful error messages for common issues 

    Error: browserType.launch: Executable doesn't exist at /Users/marklewis/Library/Caches/ms-playwright/firefox-1489/firefox/Nightly.app/Contents/MacOS/firefox
    ╔═════════════════════════════════════════════════════════════════════════╗
    ║ Looks like Playwright Test or Playwright was just installed or updated. ║
    ║ Please run the following command to download new browsers:              ║
    ║                                                                         ║
    ║     npx playwright install                                              ║
    ║                                                                         ║
    ║ <3 Playwright Team                                                      ║
    ╚═════════════════════════════════════════════════════════════════════════╝
]]>
</failure>
</testcase>
<testcase name="Error Handling and Recovery › should handle browser compatibility issues" classname="error-handling.spec.ts" time="0.001">
<failure message="error-handling.spec.ts:378:7 should handle browser compatibility issues" type="FAILURE">
<![CDATA[  [firefox] › error-handling.spec.ts:378:7 › Error Handling and Recovery › should handle browser compatibility issues 

    Error: browserType.launch: Executable doesn't exist at /Users/marklewis/Library/Caches/ms-playwright/firefox-1489/firefox/Nightly.app/Contents/MacOS/firefox
    ╔═════════════════════════════════════════════════════════════════════════╗
    ║ Looks like Playwright Test or Playwright was just installed or updated. ║
    ║ Please run the following command to download new browsers:              ║
    ║                                                                         ║
    ║     npx playwright install                                              ║
    ║                                                                         ║
    ║ <3 Playwright Team                                                      ║
    ╚═════════════════════════════════════════════════════════════════════════╝
]]>
</failure>
</testcase>
</testsuite>
<testsuite name="graph-data-flow.spec.ts" timestamp="2025-08-24T08:06:44.390Z" hostname="firefox" tests="7" failures="7" skipped="0" time="0.008" errors="0">
<testcase name="Graph Data Flow › should load graph data from database and display in frontend" classname="graph-data-flow.spec.ts" time="0.001">
<failure message="graph-data-flow.spec.ts:11:7 should load graph data from database and display in frontend" type="FAILURE">
<![CDATA[  [firefox] › graph-data-flow.spec.ts:11:7 › Graph Data Flow › should load graph data from database and display in frontend 

    Error: browserType.launch: Executable doesn't exist at /Users/marklewis/Library/Caches/ms-playwright/firefox-1489/firefox/Nightly.app/Contents/MacOS/firefox
    ╔═════════════════════════════════════════════════════════════════════════╗
    ║ Looks like Playwright Test or Playwright was just installed or updated. ║
    ║ Please run the following command to download new browsers:              ║
    ║                                                                         ║
    ║     npx playwright install                                              ║
    ║                                                                         ║
    ║ <3 Playwright Team                                                      ║
    ╚═════════════════════════════════════════════════════════════════════════╝
]]>
</failure>
</testcase>
<testcase name="Graph Data Flow › should display node details when clicked" classname="graph-data-flow.spec.ts" time="0.001">
<failure message="graph-data-flow.spec.ts:38:7 should display node details when clicked" type="FAILURE">
<![CDATA[  [firefox] › graph-data-flow.spec.ts:38:7 › Graph Data Flow › should display node details when clicked 

    Error: browserType.launch: Executable doesn't exist at /Users/marklewis/Library/Caches/ms-playwright/firefox-1489/firefox/Nightly.app/Contents/MacOS/firefox
    ╔═════════════════════════════════════════════════════════════════════════╗
    ║ Looks like Playwright Test or Playwright was just installed or updated. ║
    ║ Please run the following command to download new browsers:              ║
    ║                                                                         ║
    ║     npx playwright install                                              ║
    ║                                                                         ║
    ║ <3 Playwright Team                                                      ║
    ╚═════════════════════════════════════════════════════════════════════════╝
]]>
</failure>
</testcase>
<testcase name="Graph Data Flow › should create new node via API and display in graph" classname="graph-data-flow.spec.ts" time="0.001">
<failure message="graph-data-flow.spec.ts:53:7 should create new node via API and display in graph" type="FAILURE">
<![CDATA[  [firefox] › graph-data-flow.spec.ts:53:7 › Graph Data Flow › should create new node via API and display in graph 

    Error: browserType.launch: Executable doesn't exist at /Users/marklewis/Library/Caches/ms-playwright/firefox-1489/firefox/Nightly.app/Contents/MacOS/firefox
    ╔═════════════════════════════════════════════════════════════════════════╗
    ║ Looks like Playwright Test or Playwright was just installed or updated. ║
    ║ Please run the following command to download new browsers:              ║
    ║                                                                         ║
    ║     npx playwright install                                              ║
    ║                                                                         ║
    ║ <3 Playwright Team                                                      ║
    ╚═════════════════════════════════════════════════════════════════════════╝
]]>
</failure>
</testcase>
<testcase name="Graph Data Flow › should update node via edge function and reflect changes" classname="graph-data-flow.spec.ts" time="0.002">
<failure message="graph-data-flow.spec.ts:96:7 should update node via edge function and reflect changes" type="FAILURE">
<![CDATA[  [firefox] › graph-data-flow.spec.ts:96:7 › Graph Data Flow › should update node via edge function and reflect changes 

    Error: browserType.launch: Executable doesn't exist at /Users/marklewis/Library/Caches/ms-playwright/firefox-1489/firefox/Nightly.app/Contents/MacOS/firefox
    ╔═════════════════════════════════════════════════════════════════════════╗
    ║ Looks like Playwright Test or Playwright was just installed or updated. ║
    ║ Please run the following command to download new browsers:              ║
    ║                                                                         ║
    ║     npx playwright install                                              ║
    ║                                                                         ║
    ║ <3 Playwright Team                                                      ║
    ╚═════════════════════════════════════════════════════════════════════════╝
]]>
</failure>
</testcase>
<testcase name="Graph Data Flow › should handle graph data for different node statuses" classname="graph-data-flow.spec.ts" time="0.001">
<failure message="graph-data-flow.spec.ts:149:7 should handle graph data for different node statuses" type="FAILURE">
<![CDATA[  [firefox] › graph-data-flow.spec.ts:149:7 › Graph Data Flow › should handle graph data for different node statuses 

    Error: browserType.launch: Executable doesn't exist at /Users/marklewis/Library/Caches/ms-playwright/firefox-1489/firefox/Nightly.app/Contents/MacOS/firefox
    ╔═════════════════════════════════════════════════════════════════════════╗
    ║ Looks like Playwright Test or Playwright was just installed or updated. ║
    ║ Please run the following command to download new browsers:              ║
    ║                                                                         ║
    ║     npx playwright install                                              ║
    ║                                                                         ║
    ║ <3 Playwright Team                                                      ║
    ╚═════════════════════════════════════════════════════════════════════════╝
]]>
</failure>
</testcase>
<testcase name="Graph Data Flow › should display edges between connected nodes" classname="graph-data-flow.spec.ts" time="0.001">
<failure message="graph-data-flow.spec.ts:173:7 should display edges between connected nodes" type="FAILURE">
<![CDATA[  [firefox] › graph-data-flow.spec.ts:173:7 › Graph Data Flow › should display edges between connected nodes 

    Error: browserType.launch: Executable doesn't exist at /Users/marklewis/Library/Caches/ms-playwright/firefox-1489/firefox/Nightly.app/Contents/MacOS/firefox
    ╔═════════════════════════════════════════════════════════════════════════╗
    ║ Looks like Playwright Test or Playwright was just installed or updated. ║
    ║ Please run the following command to download new browsers:              ║
    ║                                                                         ║
    ║     npx playwright install                                              ║
    ║                                                                         ║
    ║ <3 Playwright Team                                                      ║
    ╚═════════════════════════════════════════════════════════════════════════╝
]]>
</failure>
</testcase>
<testcase name="Graph Data Flow › should handle empty graph state gracefully" classname="graph-data-flow.spec.ts" time="0.001">
<failure message="graph-data-flow.spec.ts:206:7 should handle empty graph state gracefully" type="FAILURE">
<![CDATA[  [firefox] › graph-data-flow.spec.ts:206:7 › Graph Data Flow › should handle empty graph state gracefully 

    Error: browserType.launch: Executable doesn't exist at /Users/marklewis/Library/Caches/ms-playwright/firefox-1489/firefox/Nightly.app/Contents/MacOS/firefox
    ╔═════════════════════════════════════════════════════════════════════════╗
    ║ Looks like Playwright Test or Playwright was just installed or updated. ║
    ║ Please run the following command to download new browsers:              ║
    ║                                                                         ║
    ║     npx playwright install                                              ║
    ║                                                                         ║
    ║ <3 Playwright Team                                                      ║
    ╚═════════════════════════════════════════════════════════════════════════╝
]]>
</failure>
</testcase>
</testsuite>
<testsuite name="graph-interactions.spec.ts" timestamp="2025-08-24T08:06:44.390Z" hostname="firefox" tests="14" failures="14" skipped="0" time="0.019" errors="0">
<testcase name="Graph Interactions › should handle node click interactions" classname="graph-interactions.spec.ts" time="0.001">
<failure message="graph-interactions.spec.ts:26:7 should handle node click interactions" type="FAILURE">
<![CDATA[  [firefox] › graph-interactions.spec.ts:26:7 › Graph Interactions › should handle node click interactions 

    Error: browserType.launch: Executable doesn't exist at /Users/marklewis/Library/Caches/ms-playwright/firefox-1489/firefox/Nightly.app/Contents/MacOS/firefox
    ╔═════════════════════════════════════════════════════════════════════════╗
    ║ Looks like Playwright Test or Playwright was just installed or updated. ║
    ║ Please run the following command to download new browsers:              ║
    ║                                                                         ║
    ║     npx playwright install                                              ║
    ║                                                                         ║
    ║ <3 Playwright Team                                                      ║
    ╚═════════════════════════════════════════════════════════════════════════╝
]]>
</failure>
</testcase>
<testcase name="Graph Interactions › should handle node right-click context menu" classname="graph-interactions.spec.ts" time="0.002">
<failure message="graph-interactions.spec.ts:47:7 should handle node right-click context menu" type="FAILURE">
<![CDATA[  [firefox] › graph-interactions.spec.ts:47:7 › Graph Interactions › should handle node right-click context menu 

    Error: browserType.launch: Executable doesn't exist at /Users/marklewis/Library/Caches/ms-playwright/firefox-1489/firefox/Nightly.app/Contents/MacOS/firefox
    ╔═════════════════════════════════════════════════════════════════════════╗
    ║ Looks like Playwright Test or Playwright was just installed or updated. ║
    ║ Please run the following command to download new browsers:              ║
    ║                                                                         ║
    ║     npx playwright install                                              ║
    ║                                                                         ║
    ║ <3 Playwright Team                                                      ║
    ╚═════════════════════════════════════════════════════════════════════════╝
]]>
</failure>
</testcase>
<testcase name="Graph Interactions › should handle node drag interactions" classname="graph-interactions.spec.ts" time="0.001">
<failure message="graph-interactions.spec.ts:62:7 should handle node drag interactions" type="FAILURE">
<![CDATA[  [firefox] › graph-interactions.spec.ts:62:7 › Graph Interactions › should handle node drag interactions 

    Error: browserType.launch: Executable doesn't exist at /Users/marklewis/Library/Caches/ms-playwright/firefox-1489/firefox/Nightly.app/Contents/MacOS/firefox
    ╔═════════════════════════════════════════════════════════════════════════╗
    ║ Looks like Playwright Test or Playwright was just installed or updated. ║
    ║ Please run the following command to download new browsers:              ║
    ║                                                                         ║
    ║     npx playwright install                                              ║
    ║                                                                         ║
    ║ <3 Playwright Team                                                      ║
    ╚═════════════════════════════════════════════════════════════════════════╝
]]>
</failure>
</testcase>
<testcase name="Graph Interactions › should handle graph search functionality" classname="graph-interactions.spec.ts" time="0.002">
<failure message="graph-interactions.spec.ts:87:7 should handle graph search functionality" type="FAILURE">
<![CDATA[  [firefox] › graph-interactions.spec.ts:87:7 › Graph Interactions › should handle graph search functionality 

    Error: browserType.launch: Executable doesn't exist at /Users/marklewis/Library/Caches/ms-playwright/firefox-1489/firefox/Nightly.app/Contents/MacOS/firefox
    ╔═════════════════════════════════════════════════════════════════════════╗
    ║ Looks like Playwright Test or Playwright was just installed or updated. ║
    ║ Please run the following command to download new browsers:              ║
    ║                                                                         ║
    ║     npx playwright install                                              ║
    ║                                                                         ║
    ║ <3 Playwright Team                                                      ║
    ╚═════════════════════════════════════════════════════════════════════════╝
]]>
</failure>
</testcase>
<testcase name="Graph Interactions › should handle partial search queries" classname="graph-interactions.spec.ts" time="0.002">
<failure message="graph-interactions.spec.ts:105:7 should handle partial search queries" type="FAILURE">
<![CDATA[  [firefox] › graph-interactions.spec.ts:105:7 › Graph Interactions › should handle partial search queries 

    Error: browserType.launch: Executable doesn't exist at /Users/marklewis/Library/Caches/ms-playwright/firefox-1489/firefox/Nightly.app/Contents/MacOS/firefox
    ╔═════════════════════════════════════════════════════════════════════════╗
    ║ Looks like Playwright Test or Playwright was just installed or updated. ║
    ║ Please run the following command to download new browsers:              ║
    ║                                                                         ║
    ║     npx playwright install                                              ║
    ║                                                                         ║
    ║ <3 Playwright Team                                                      ║
    ╚═════════════════════════════════════════════════════════════════════════╝
]]>
</failure>
</testcase>
<testcase name="Graph Interactions › should handle layout changes" classname="graph-interactions.spec.ts" time="0.001">
<failure message="graph-interactions.spec.ts:128:7 should handle layout changes" type="FAILURE">
<![CDATA[  [firefox] › graph-interactions.spec.ts:128:7 › Graph Interactions › should handle layout changes ─

    Error: browserType.launch: Executable doesn't exist at /Users/marklewis/Library/Caches/ms-playwright/firefox-1489/firefox/Nightly.app/Contents/MacOS/firefox
    ╔═════════════════════════════════════════════════════════════════════════╗
    ║ Looks like Playwright Test or Playwright was just installed or updated. ║
    ║ Please run the following command to download new browsers:              ║
    ║                                                                         ║
    ║     npx playwright install                                              ║
    ║                                                                         ║
    ║ <3 Playwright Team                                                      ║
    ╚═════════════════════════════════════════════════════════════════════════╝
]]>
</failure>
</testcase>
<testcase name="Graph Interactions › should handle zoom controls" classname="graph-interactions.spec.ts" time="0.001">
<failure message="graph-interactions.spec.ts:153:7 should handle zoom controls" type="FAILURE">
<![CDATA[  [firefox] › graph-interactions.spec.ts:153:7 › Graph Interactions › should handle zoom controls ──

    Error: browserType.launch: Executable doesn't exist at /Users/marklewis/Library/Caches/ms-playwright/firefox-1489/firefox/Nightly.app/Contents/MacOS/firefox
    ╔═════════════════════════════════════════════════════════════════════════╗
    ║ Looks like Playwright Test or Playwright was just installed or updated. ║
    ║ Please run the following command to download new browsers:              ║
    ║                                                                         ║
    ║     npx playwright install                                              ║
    ║                                                                         ║
    ║ <3 Playwright Team                                                      ║
    ╚═════════════════════════════════════════════════════════════════════════╝
]]>
</failure>
</testcase>
<testcase name="Graph Interactions › should handle node type filtering" classname="graph-interactions.spec.ts" time="0.002">
<failure message="graph-interactions.spec.ts:193:7 should handle node type filtering" type="FAILURE">
<![CDATA[  [firefox] › graph-interactions.spec.ts:193:7 › Graph Interactions › should handle node type filtering 

    Error: browserType.launch: Executable doesn't exist at /Users/marklewis/Library/Caches/ms-playwright/firefox-1489/firefox/Nightly.app/Contents/MacOS/firefox
    ╔═════════════════════════════════════════════════════════════════════════╗
    ║ Looks like Playwright Test or Playwright was just installed or updated. ║
    ║ Please run the following command to download new browsers:              ║
    ║                                                                         ║
    ║     npx playwright install                                              ║
    ║                                                                         ║
    ║ <3 Playwright Team                                                      ║
    ╚═════════════════════════════════════════════════════════════════════════╝
]]>
</failure>
</testcase>
<testcase name="Graph Interactions › should handle multiple node selection" classname="graph-interactions.spec.ts" time="0.002">
<failure message="graph-interactions.spec.ts:217:7 should handle multiple node selection" type="FAILURE">
<![CDATA[  [firefox] › graph-interactions.spec.ts:217:7 › Graph Interactions › should handle multiple node selection 

    Error: browserType.launch: Executable doesn't exist at /Users/marklewis/Library/Caches/ms-playwright/firefox-1489/firefox/Nightly.app/Contents/MacOS/firefox
    ╔═════════════════════════════════════════════════════════════════════════╗
    ║ Looks like Playwright Test or Playwright was just installed or updated. ║
    ║ Please run the following command to download new browsers:              ║
    ║                                                                         ║
    ║     npx playwright install                                              ║
    ║                                                                         ║
    ║ <3 Playwright Team                                                      ║
    ╚═════════════════════════════════════════════════════════════════════════╝
]]>
</failure>
</testcase>
<testcase name="Graph Interactions › should handle graph export functionality" classname="graph-interactions.spec.ts" time="0.001">
<failure message="graph-interactions.spec.ts:238:7 should handle graph export functionality" type="FAILURE">
<![CDATA[  [firefox] › graph-interactions.spec.ts:238:7 › Graph Interactions › should handle graph export functionality 

    Error: browserType.launch: Executable doesn't exist at /Users/marklewis/Library/Caches/ms-playwright/firefox-1489/firefox/Nightly.app/Contents/MacOS/firefox
    ╔═════════════════════════════════════════════════════════════════════════╗
    ║ Looks like Playwright Test or Playwright was just installed or updated. ║
    ║ Please run the following command to download new browsers:              ║
    ║                                                                         ║
    ║     npx playwright install                                              ║
    ║                                                                         ║
    ║ <3 Playwright Team                                                      ║
    ╚═════════════════════════════════════════════════════════════════════════╝
]]>
</failure>
</testcase>
<testcase name="Graph Interactions › should handle keyboard shortcuts" classname="graph-interactions.spec.ts" time="0.001">
<failure message="graph-interactions.spec.ts:258:7 should handle keyboard shortcuts" type="FAILURE">
<![CDATA[  [firefox] › graph-interactions.spec.ts:258:7 › Graph Interactions › should handle keyboard shortcuts 

    Error: browserType.launch: Executable doesn't exist at /Users/marklewis/Library/Caches/ms-playwright/firefox-1489/firefox/Nightly.app/Contents/MacOS/firefox
    ╔═════════════════════════════════════════════════════════════════════════╗
    ║ Looks like Playwright Test or Playwright was just installed or updated. ║
    ║ Please run the following command to download new browsers:              ║
    ║                                                                         ║
    ║     npx playwright install                                              ║
    ║                                                                         ║
    ║ <3 Playwright Team                                                      ║
    ╚═════════════════════════════════════════════════════════════════════════╝
]]>
</failure>
</testcase>
<testcase name="Graph Interactions › should handle edge click interactions" classname="graph-interactions.spec.ts" time="0.001">
<failure message="graph-interactions.spec.ts:288:7 should handle edge click interactions" type="FAILURE">
<![CDATA[  [firefox] › graph-interactions.spec.ts:288:7 › Graph Interactions › should handle edge click interactions 

    Error: browserType.launch: Executable doesn't exist at /Users/marklewis/Library/Caches/ms-playwright/firefox-1489/firefox/Nightly.app/Contents/MacOS/firefox
    ╔═════════════════════════════════════════════════════════════════════════╗
    ║ Looks like Playwright Test or Playwright was just installed or updated. ║
    ║ Please run the following command to download new browsers:              ║
    ║                                                                         ║
    ║     npx playwright install                                              ║
    ║                                                                         ║
    ║ <3 Playwright Team                                                      ║
    ╚═════════════════════════════════════════════════════════════════════════╝
]]>
</failure>
</testcase>
<testcase name="Graph Interactions › should handle hover interactions" classname="graph-interactions.spec.ts" time="0.001">
<failure message="graph-interactions.spec.ts:316:7 should handle hover interactions" type="FAILURE">
<![CDATA[  [firefox] › graph-interactions.spec.ts:316:7 › Graph Interactions › should handle hover interactions 

    Error: browserType.launch: Executable doesn't exist at /Users/marklewis/Library/Caches/ms-playwright/firefox-1489/firefox/Nightly.app/Contents/MacOS/firefox
    ╔═════════════════════════════════════════════════════════════════════════╗
    ║ Looks like Playwright Test or Playwright was just installed or updated. ║
    ║ Please run the following command to download new browsers:              ║
    ║                                                                         ║
    ║     npx playwright install                                              ║
    ║                                                                         ║
    ║ <3 Playwright Team                                                      ║
    ╚═════════════════════════════════════════════════════════════════════════╝
]]>
</failure>
</testcase>
<testcase name="Graph Interactions › should handle touch interactions on touch devices" classname="graph-interactions.spec.ts" time="0.001">
<failure message="graph-interactions.spec.ts:342:7 should handle touch interactions on touch devices" type="FAILURE">
<![CDATA[  [firefox] › graph-interactions.spec.ts:342:7 › Graph Interactions › should handle touch interactions on touch devices 

    Error: browserType.launch: Executable doesn't exist at /Users/marklewis/Library/Caches/ms-playwright/firefox-1489/firefox/Nightly.app/Contents/MacOS/firefox
    ╔═════════════════════════════════════════════════════════════════════════╗
    ║ Looks like Playwright Test or Playwright was just installed or updated. ║
    ║ Please run the following command to download new browsers:              ║
    ║                                                                         ║
    ║     npx playwright install                                              ║
    ║                                                                         ║
    ║ <3 Playwright Team                                                      ║
    ╚═════════════════════════════════════════════════════════════════════════╝
]]>
</failure>
</testcase>
</testsuite>
<testsuite name="node-creation-edges.spec.ts" timestamp="2025-08-24T08:06:44.390Z" hostname="firefox" tests="7" failures="7" skipped="0" time="0.007" errors="0">
<testcase name="Node Creation and Edge Relationships › should create nodes via graph-operations edge function" classname="node-creation-edges.spec.ts" time="0.001">
<failure message="node-creation-edges.spec.ts:10:7 should create nodes via graph-operations edge function" type="FAILURE">
<![CDATA[  [firefox] › node-creation-edges.spec.ts:10:7 › Node Creation and Edge Relationships › should create nodes via graph-operations edge function 

    Error: browserType.launch: Executable doesn't exist at /Users/marklewis/Library/Caches/ms-playwright/firefox-1489/firefox/Nightly.app/Contents/MacOS/firefox
    ╔═════════════════════════════════════════════════════════════════════════╗
    ║ Looks like Playwright Test or Playwright was just installed or updated. ║
    ║ Please run the following command to download new browsers:              ║
    ║                                                                         ║
    ║     npx playwright install                                              ║
    ║                                                                         ║
    ║ <3 Playwright Team                                                      ║
    ╚═════════════════════════════════════════════════════════════════════════╝
]]>
</failure>
</testcase>
<testcase name="Node Creation and Edge Relationships › should create different types of nodes" classname="node-creation-edges.spec.ts" time="0.001">
<failure message="node-creation-edges.spec.ts:65:7 should create different types of nodes" type="FAILURE">
<![CDATA[  [firefox] › node-creation-edges.spec.ts:65:7 › Node Creation and Edge Relationships › should create different types of nodes 

    Error: browserType.launch: Executable doesn't exist at /Users/marklewis/Library/Caches/ms-playwright/firefox-1489/firefox/Nightly.app/Contents/MacOS/firefox
    ╔═════════════════════════════════════════════════════════════════════════╗
    ║ Looks like Playwright Test or Playwright was just installed or updated. ║
    ║ Please run the following command to download new browsers:              ║
    ║                                                                         ║
    ║     npx playwright install                                              ║
    ║                                                                         ║
    ║ <3 Playwright Team                                                      ║
    ╚═════════════════════════════════════════════════════════════════════════╝
]]>
</failure>
</testcase>
<testcase name="Node Creation and Edge Relationships › should create edges between nodes" classname="node-creation-edges.spec.ts" time="0.001">
<failure message="node-creation-edges.spec.ts:116:7 should create edges between nodes" type="FAILURE">
<![CDATA[  [firefox] › node-creation-edges.spec.ts:116:7 › Node Creation and Edge Relationships › should create edges between nodes 

    Error: browserType.launch: Executable doesn't exist at /Users/marklewis/Library/Caches/ms-playwright/firefox-1489/firefox/Nightly.app/Contents/MacOS/firefox
    ╔═════════════════════════════════════════════════════════════════════════╗
    ║ Looks like Playwright Test or Playwright was just installed or updated. ║
    ║ Please run the following command to download new browsers:              ║
    ║                                                                         ║
    ║     npx playwright install                                              ║
    ║                                                                         ║
    ║ <3 Playwright Team                                                      ║
    ╚═════════════════════════════════════════════════════════════════════════╝
]]>
</failure>
</testcase>
<testcase name="Node Creation and Edge Relationships › should delete nodes and clean up edges" classname="node-creation-edges.spec.ts" time="0.001">
<failure message="node-creation-edges.spec.ts:190:7 should delete nodes and clean up edges" type="FAILURE">
<![CDATA[  [firefox] › node-creation-edges.spec.ts:190:7 › Node Creation and Edge Relationships › should delete nodes and clean up edges 

    Error: browserType.launch: Executable doesn't exist at /Users/marklewis/Library/Caches/ms-playwright/firefox-1489/firefox/Nightly.app/Contents/MacOS/firefox
    ╔═════════════════════════════════════════════════════════════════════════╗
    ║ Looks like Playwright Test or Playwright was just installed or updated. ║
    ║ Please run the following command to download new browsers:              ║
    ║                                                                         ║
    ║     npx playwright install                                              ║
    ║                                                                         ║
    ║ <3 Playwright Team                                                      ║
    ╚═════════════════════════════════════════════════════════════════════════╝
]]>
</failure>
</testcase>
<testcase name="Node Creation and Edge Relationships › should update node status from draft to curated" classname="node-creation-edges.spec.ts" time="0.001">
<failure message="node-creation-edges.spec.ts:257:7 should update node status from draft to curated" type="FAILURE">
<![CDATA[  [firefox] › node-creation-edges.spec.ts:257:7 › Node Creation and Edge Relationships › should update node status from draft to curated 

    Error: browserType.launch: Executable doesn't exist at /Users/marklewis/Library/Caches/ms-playwright/firefox-1489/firefox/Nightly.app/Contents/MacOS/firefox
    ╔═════════════════════════════════════════════════════════════════════════╗
    ║ Looks like Playwright Test or Playwright was just installed or updated. ║
    ║ Please run the following command to download new browsers:              ║
    ║                                                                         ║
    ║     npx playwright install                                              ║
    ║                                                                         ║
    ║ <3 Playwright Team                                                      ║
    ╚═════════════════════════════════════════════════════════════════════════╝
]]>
</failure>
</testcase>
<testcase name="Node Creation and Edge Relationships › should handle edge creation validation" classname="node-creation-edges.spec.ts" time="0.001">
<failure message="node-creation-edges.spec.ts:300:7 should handle edge creation validation" type="FAILURE">
<![CDATA[  [firefox] › node-creation-edges.spec.ts:300:7 › Node Creation and Edge Relationships › should handle edge creation validation 

    Error: browserType.launch: Executable doesn't exist at /Users/marklewis/Library/Caches/ms-playwright/firefox-1489/firefox/Nightly.app/Contents/MacOS/firefox
    ╔═════════════════════════════════════════════════════════════════════════╗
    ║ Looks like Playwright Test or Playwright was just installed or updated. ║
    ║ Please run the following command to download new browsers:              ║
    ║                                                                         ║
    ║     npx playwright install                                              ║
    ║                                                                         ║
    ║ <3 Playwright Team                                                      ║
    ╚═════════════════════════════════════════════════════════════════════════╝
]]>
</failure>
</testcase>
<testcase name="Node Creation and Edge Relationships › should handle concurrent node creation" classname="node-creation-edges.spec.ts" time="0.001">
<failure message="node-creation-edges.spec.ts:331:7 should handle concurrent node creation" type="FAILURE">
<![CDATA[  [firefox] › node-creation-edges.spec.ts:331:7 › Node Creation and Edge Relationships › should handle concurrent node creation 

    Error: browserType.launch: Executable doesn't exist at /Users/marklewis/Library/Caches/ms-playwright/firefox-1489/firefox/Nightly.app/Contents/MacOS/firefox
    ╔═════════════════════════════════════════════════════════════════════════╗
    ║ Looks like Playwright Test or Playwright was just installed or updated. ║
    ║ Please run the following command to download new browsers:              ║
    ║                                                                         ║
    ║     npx playwright install                                              ║
    ║                                                                         ║
    ║ <3 Playwright Team                                                      ║
    ╚═════════════════════════════════════════════════════════════════════════╝
]]>
</failure>
</testcase>
</testsuite>
<testsuite name="realtime-updates.spec.ts" timestamp="2025-08-24T08:06:44.390Z" hostname="firefox" tests="8" failures="8" skipped="0" time="0.01" errors="0">
<testcase name="Real-time Updates › should receive real-time node creation updates" classname="realtime-updates.spec.ts" time="0.002">
<failure message="realtime-updates.spec.ts:10:7 should receive real-time node creation updates" type="FAILURE">
<![CDATA[  [firefox] › realtime-updates.spec.ts:10:7 › Real-time Updates › should receive real-time node creation updates 

    Error: browserType.launch: Executable doesn't exist at /Users/marklewis/Library/Caches/ms-playwright/firefox-1489/firefox/Nightly.app/Contents/MacOS/firefox
    ╔═════════════════════════════════════════════════════════════════════════╗
    ║ Looks like Playwright Test or Playwright was just installed or updated. ║
    ║ Please run the following command to download new browsers:              ║
    ║                                                                         ║
    ║     npx playwright install                                              ║
    ║                                                                         ║
    ║ <3 Playwright Team                                                      ║
    ╚═════════════════════════════════════════════════════════════════════════╝
]]>
</failure>
</testcase>
<testcase name="Real-time Updates › should receive real-time node update notifications" classname="realtime-updates.spec.ts" time="0.001">
<failure message="realtime-updates.spec.ts:49:7 should receive real-time node update notifications" type="FAILURE">
<![CDATA[  [firefox] › realtime-updates.spec.ts:49:7 › Real-time Updates › should receive real-time node update notifications 

    Error: browserType.launch: Executable doesn't exist at /Users/marklewis/Library/Caches/ms-playwright/firefox-1489/firefox/Nightly.app/Contents/MacOS/firefox
    ╔═════════════════════════════════════════════════════════════════════════╗
    ║ Looks like Playwright Test or Playwright was just installed or updated. ║
    ║ Please run the following command to download new browsers:              ║
    ║                                                                         ║
    ║     npx playwright install                                              ║
    ║                                                                         ║
    ║ <3 Playwright Team                                                      ║
    ╚═════════════════════════════════════════════════════════════════════════╝
]]>
</failure>
</testcase>
<testcase name="Real-time Updates › should receive real-time edge creation updates" classname="realtime-updates.spec.ts" time="0.001">
<failure message="realtime-updates.spec.ts:113:7 should receive real-time edge creation updates" type="FAILURE">
<![CDATA[  [firefox] › realtime-updates.spec.ts:113:7 › Real-time Updates › should receive real-time edge creation updates 

    Error: browserType.launch: Executable doesn't exist at /Users/marklewis/Library/Caches/ms-playwright/firefox-1489/firefox/Nightly.app/Contents/MacOS/firefox
    ╔═════════════════════════════════════════════════════════════════════════╗
    ║ Looks like Playwright Test or Playwright was just installed or updated. ║
    ║ Please run the following command to download new browsers:              ║
    ║                                                                         ║
    ║     npx playwright install                                              ║
    ║                                                                         ║
    ║ <3 Playwright Team                                                      ║
    ╚═════════════════════════════════════════════════════════════════════════╝
]]>
</failure>
</testcase>
<testcase name="Real-time Updates › should handle multiple concurrent real-time updates" classname="realtime-updates.spec.ts" time="0.001">
<failure message="realtime-updates.spec.ts:157:7 should handle multiple concurrent real-time updates" type="FAILURE">
<![CDATA[  [firefox] › realtime-updates.spec.ts:157:7 › Real-time Updates › should handle multiple concurrent real-time updates 

    Error: browserType.launch: Executable doesn't exist at /Users/marklewis/Library/Caches/ms-playwright/firefox-1489/firefox/Nightly.app/Contents/MacOS/firefox
    ╔═════════════════════════════════════════════════════════════════════════╗
    ║ Looks like Playwright Test or Playwright was just installed or updated. ║
    ║ Please run the following command to download new browsers:              ║
    ║                                                                         ║
    ║     npx playwright install                                              ║
    ║                                                                         ║
    ║ <3 Playwright Team                                                      ║
    ╚═════════════════════════════════════════════════════════════════════════╝
]]>
</failure>
</testcase>
<testcase name="Real-time Updates › should handle real-time node deletion updates" classname="realtime-updates.spec.ts" time="0.001">
<failure message="realtime-updates.spec.ts:204:7 should handle real-time node deletion updates" type="FAILURE">
<![CDATA[  [firefox] › realtime-updates.spec.ts:204:7 › Real-time Updates › should handle real-time node deletion updates 

    Error: browserType.launch: Executable doesn't exist at /Users/marklewis/Library/Caches/ms-playwright/firefox-1489/firefox/Nightly.app/Contents/MacOS/firefox
    ╔═════════════════════════════════════════════════════════════════════════╗
    ║ Looks like Playwright Test or Playwright was just installed or updated. ║
    ║ Please run the following command to download new browsers:              ║
    ║                                                                         ║
    ║     npx playwright install                                              ║
    ║                                                                         ║
    ║ <3 Playwright Team                                                      ║
    ╚═════════════════════════════════════════════════════════════════════════╝
]]>
</failure>
</testcase>
<testcase name="Real-time Updates › should maintain real-time connection after network interruption" classname="realtime-updates.spec.ts" time="0.002">
<failure message="realtime-updates.spec.ts:248:7 should maintain real-time connection after network interruption" type="FAILURE">
<![CDATA[  [firefox] › realtime-updates.spec.ts:248:7 › Real-time Updates › should maintain real-time connection after network interruption 

    Error: browserType.launch: Executable doesn't exist at /Users/marklewis/Library/Caches/ms-playwright/firefox-1489/firefox/Nightly.app/Contents/MacOS/firefox
    ╔═════════════════════════════════════════════════════════════════════════╗
    ║ Looks like Playwright Test or Playwright was just installed or updated. ║
    ║ Please run the following command to download new browsers:              ║
    ║                                                                         ║
    ║     npx playwright install                                              ║
    ║                                                                         ║
    ║ <3 Playwright Team                                                      ║
    ╚═════════════════════════════════════════════════════════════════════════╝
]]>
</failure>
</testcase>
<testcase name="Real-time Updates › should filter real-time updates based on user permissions" classname="realtime-updates.spec.ts" time="0.001">
<failure message="realtime-updates.spec.ts:277:7 should filter real-time updates based on user permissions" type="FAILURE">
<![CDATA[  [firefox] › realtime-updates.spec.ts:277:7 › Real-time Updates › should filter real-time updates based on user permissions 

    Error: browserType.launch: Executable doesn't exist at /Users/marklewis/Library/Caches/ms-playwright/firefox-1489/firefox/Nightly.app/Contents/MacOS/firefox
    ╔═════════════════════════════════════════════════════════════════════════╗
    ║ Looks like Playwright Test or Playwright was just installed or updated. ║
    ║ Please run the following command to download new browsers:              ║
    ║                                                                         ║
    ║     npx playwright install                                              ║
    ║                                                                         ║
    ║ <3 Playwright Team                                                      ║
    ╚═════════════════════════════════════════════════════════════════════════╝
]]>
</failure>
</testcase>
<testcase name="Real-time Updates › should handle real-time subscription cleanup on page navigation" classname="realtime-updates.spec.ts" time="0.001">
<failure message="realtime-updates.spec.ts:323:7 should handle real-time subscription cleanup on page navigation" type="FAILURE">
<![CDATA[  [firefox] › realtime-updates.spec.ts:323:7 › Real-time Updates › should handle real-time subscription cleanup on page navigation 

    Error: browserType.launch: Executable doesn't exist at /Users/marklewis/Library/Caches/ms-playwright/firefox-1489/firefox/Nightly.app/Contents/MacOS/firefox
    ╔═════════════════════════════════════════════════════════════════════════╗
    ║ Looks like Playwright Test or Playwright was just installed or updated. ║
    ║ Please run the following command to download new browsers:              ║
    ║                                                                         ║
    ║     npx playwright install                                              ║
    ║                                                                         ║
    ║ <3 Playwright Team                                                      ║
    ╚═════════════════════════════════════════════════════════════════════════╝
]]>
</failure>
</testcase>
</testsuite>
<testsuite name="responsive-accessibility.spec.ts" timestamp="2025-08-24T08:06:44.390Z" hostname="firefox" tests="15" failures="15" skipped="0" time="0.017" errors="0">
<testcase name="Responsive Design › should adapt to mobile viewport (iPhone)" classname="responsive-accessibility.spec.ts" time="0.001">
<failure message="responsive-accessibility.spec.ts:10:7 should adapt to mobile viewport (iPhone)" type="FAILURE">
<![CDATA[  [firefox] › responsive-accessibility.spec.ts:10:7 › Responsive Design › should adapt to mobile viewport (iPhone) 

    Error: browserType.launch: Executable doesn't exist at /Users/marklewis/Library/Caches/ms-playwright/firefox-1489/firefox/Nightly.app/Contents/MacOS/firefox
    ╔═════════════════════════════════════════════════════════════════════════╗
    ║ Looks like Playwright Test or Playwright was just installed or updated. ║
    ║ Please run the following command to download new browsers:              ║
    ║                                                                         ║
    ║     npx playwright install                                              ║
    ║                                                                         ║
    ║ <3 Playwright Team                                                      ║
    ╚═════════════════════════════════════════════════════════════════════════╝
]]>
</failure>
</testcase>
<testcase name="Responsive Design › should adapt to tablet viewport (iPad)" classname="responsive-accessibility.spec.ts" time="0.001">
<failure message="responsive-accessibility.spec.ts:29:7 should adapt to tablet viewport (iPad)" type="FAILURE">
<![CDATA[  [firefox] › responsive-accessibility.spec.ts:29:7 › Responsive Design › should adapt to tablet viewport (iPad) 

    Error: browserType.launch: Executable doesn't exist at /Users/marklewis/Library/Caches/ms-playwright/firefox-1489/firefox/Nightly.app/Contents/MacOS/firefox
    ╔═════════════════════════════════════════════════════════════════════════╗
    ║ Looks like Playwright Test or Playwright was just installed or updated. ║
    ║ Please run the following command to download new browsers:              ║
    ║                                                                         ║
    ║     npx playwright install                                              ║
    ║                                                                         ║
    ║ <3 Playwright Team                                                      ║
    ╚═════════════════════════════════════════════════════════════════════════╝
]]>
</failure>
</testcase>
<testcase name="Responsive Design › should handle landscape orientation on mobile" classname="responsive-accessibility.spec.ts" time="0.001">
<failure message="responsive-accessibility.spec.ts:54:7 should handle landscape orientation on mobile" type="FAILURE">
<![CDATA[  [firefox] › responsive-accessibility.spec.ts:54:7 › Responsive Design › should handle landscape orientation on mobile 

    Error: browserType.launch: Executable doesn't exist at /Users/marklewis/Library/Caches/ms-playwright/firefox-1489/firefox/Nightly.app/Contents/MacOS/firefox
    ╔═════════════════════════════════════════════════════════════════════════╗
    ║ Looks like Playwright Test or Playwright was just installed or updated. ║
    ║ Please run the following command to download new browsers:              ║
    ║                                                                         ║
    ║     npx playwright install                                              ║
    ║                                                                         ║
    ║ <3 Playwright Team                                                      ║
    ╚═════════════════════════════════════════════════════════════════════════╝
]]>
</failure>
</testcase>
<testcase name="Responsive Design › should handle touch gestures on mobile" classname="responsive-accessibility.spec.ts" time="0.001">
<failure message="responsive-accessibility.spec.ts:69:7 should handle touch gestures on mobile" type="FAILURE">
<![CDATA[  [firefox] › responsive-accessibility.spec.ts:69:7 › Responsive Design › should handle touch gestures on mobile 

    Error: browserType.launch: Executable doesn't exist at /Users/marklewis/Library/Caches/ms-playwright/firefox-1489/firefox/Nightly.app/Contents/MacOS/firefox
    ╔═════════════════════════════════════════════════════════════════════════╗
    ║ Looks like Playwright Test or Playwright was just installed or updated. ║
    ║ Please run the following command to download new browsers:              ║
    ║                                                                         ║
    ║     npx playwright install                                              ║
    ║                                                                         ║
    ║ <3 Playwright Team                                                      ║
    ╚═════════════════════════════════════════════════════════════════════════╝
]]>
</failure>
</testcase>
<testcase name="Responsive Design › should handle pinch-to-zoom on touch devices" classname="responsive-accessibility.spec.ts" time="0.001">
<failure message="responsive-accessibility.spec.ts:98:7 should handle pinch-to-zoom on touch devices" type="FAILURE">
<![CDATA[  [firefox] › responsive-accessibility.spec.ts:98:7 › Responsive Design › should handle pinch-to-zoom on touch devices 

    Error: browserType.launch: Executable doesn't exist at /Users/marklewis/Library/Caches/ms-playwright/firefox-1489/firefox/Nightly.app/Contents/MacOS/firefox
    ╔═════════════════════════════════════════════════════════════════════════╗
    ║ Looks like Playwright Test or Playwright was just installed or updated. ║
    ║ Please run the following command to download new browsers:              ║
    ║                                                                         ║
    ║     npx playwright install                                              ║
    ║                                                                         ║
    ║ <3 Playwright Team                                                      ║
    ╚═════════════════════════════════════════════════════════════════════════╝
]]>
</failure>
</testcase>
<testcase name="Responsive Design › should show appropriate UI controls on different screen sizes" classname="responsive-accessibility.spec.ts" time="0.001">
<failure message="responsive-accessibility.spec.ts:126:7 should show appropriate UI controls on different screen sizes" type="FAILURE">
<![CDATA[  [firefox] › responsive-accessibility.spec.ts:126:7 › Responsive Design › should show appropriate UI controls on different screen sizes 

    Error: browserType.launch: Executable doesn't exist at /Users/marklewis/Library/Caches/ms-playwright/firefox-1489/firefox/Nightly.app/Contents/MacOS/firefox
    ╔═════════════════════════════════════════════════════════════════════════╗
    ║ Looks like Playwright Test or Playwright was just installed or updated. ║
    ║ Please run the following command to download new browsers:              ║
    ║                                                                         ║
    ║     npx playwright install                                              ║
    ║                                                                         ║
    ║ <3 Playwright Team                                                      ║
    ╚═════════════════════════════════════════════════════════════════════════╝
]]>
</failure>
</testcase>
<testcase name="Accessibility (WCAG Compliance) › should have proper ARIA labels and roles" classname="responsive-accessibility.spec.ts" time="0.001">
<failure message="responsive-accessibility.spec.ts:161:7 should have proper ARIA labels and roles" type="FAILURE">
<![CDATA[  [firefox] › responsive-accessibility.spec.ts:161:7 › Accessibility (WCAG Compliance) › should have proper ARIA labels and roles 

    Error: browserType.launch: Executable doesn't exist at /Users/marklewis/Library/Caches/ms-playwright/firefox-1489/firefox/Nightly.app/Contents/MacOS/firefox
    ╔═════════════════════════════════════════════════════════════════════════╗
    ║ Looks like Playwright Test or Playwright was just installed or updated. ║
    ║ Please run the following command to download new browsers:              ║
    ║                                                                         ║
    ║     npx playwright install                                              ║
    ║                                                                         ║
    ║ <3 Playwright Team                                                      ║
    ╚═════════════════════════════════════════════════════════════════════════╝
]]>
</failure>
</testcase>
<testcase name="Accessibility (WCAG Compliance) › should support keyboard navigation" classname="responsive-accessibility.spec.ts" time="0.001">
<failure message="responsive-accessibility.spec.ts:188:7 should support keyboard navigation" type="FAILURE">
<![CDATA[  [firefox] › responsive-accessibility.spec.ts:188:7 › Accessibility (WCAG Compliance) › should support keyboard navigation 

    Error: browserType.launch: Executable doesn't exist at /Users/marklewis/Library/Caches/ms-playwright/firefox-1489/firefox/Nightly.app/Contents/MacOS/firefox
    ╔═════════════════════════════════════════════════════════════════════════╗
    ║ Looks like Playwright Test or Playwright was just installed or updated. ║
    ║ Please run the following command to download new browsers:              ║
    ║                                                                         ║
    ║     npx playwright install                                              ║
    ║                                                                         ║
    ║ <3 Playwright Team                                                      ║
    ╚═════════════════════════════════════════════════════════════════════════╝
]]>
</failure>
</testcase>
<testcase name="Accessibility (WCAG Compliance) › should support screen reader announcements" classname="responsive-accessibility.spec.ts" time="0.002">
<failure message="responsive-accessibility.spec.ts:213:7 should support screen reader announcements" type="FAILURE">
<![CDATA[  [firefox] › responsive-accessibility.spec.ts:213:7 › Accessibility (WCAG Compliance) › should support screen reader announcements 

    Error: browserType.launch: Executable doesn't exist at /Users/marklewis/Library/Caches/ms-playwright/firefox-1489/firefox/Nightly.app/Contents/MacOS/firefox
    ╔═════════════════════════════════════════════════════════════════════════╗
    ║ Looks like Playwright Test or Playwright was just installed or updated. ║
    ║ Please run the following command to download new browsers:              ║
    ║                                                                         ║
    ║     npx playwright install                                              ║
    ║                                                                         ║
    ║ <3 Playwright Team                                                      ║
    ╚═════════════════════════════════════════════════════════════════════════╝
]]>
</failure>
</testcase>
<testcase name="Accessibility (WCAG Compliance) › should have sufficient color contrast" classname="responsive-accessibility.spec.ts" time="0.001">
<failure message="responsive-accessibility.spec.ts:240:7 should have sufficient color contrast" type="FAILURE">
<![CDATA[  [firefox] › responsive-accessibility.spec.ts:240:7 › Accessibility (WCAG Compliance) › should have sufficient color contrast 

    Error: browserType.launch: Executable doesn't exist at /Users/marklewis/Library/Caches/ms-playwright/firefox-1489/firefox/Nightly.app/Contents/MacOS/firefox
    ╔═════════════════════════════════════════════════════════════════════════╗
    ║ Looks like Playwright Test or Playwright was just installed or updated. ║
    ║ Please run the following command to download new browsers:              ║
    ║                                                                         ║
    ║     npx playwright install                                              ║
    ║                                                                         ║
    ║ <3 Playwright Team                                                      ║
    ╚═════════════════════════════════════════════════════════════════════════╝
]]>
</failure>
</testcase>
<testcase name="Accessibility (WCAG Compliance) › should support reduced motion preferences" classname="responsive-accessibility.spec.ts" time="0.001">
<failure message="responsive-accessibility.spec.ts:273:7 should support reduced motion preferences" type="FAILURE">
<![CDATA[  [firefox] › responsive-accessibility.spec.ts:273:7 › Accessibility (WCAG Compliance) › should support reduced motion preferences 

    Error: browserType.launch: Executable doesn't exist at /Users/marklewis/Library/Caches/ms-playwright/firefox-1489/firefox/Nightly.app/Contents/MacOS/firefox
    ╔═════════════════════════════════════════════════════════════════════════╗
    ║ Looks like Playwright Test or Playwright was just installed or updated. ║
    ║ Please run the following command to download new browsers:              ║
    ║                                                                         ║
    ║     npx playwright install                                              ║
    ║                                                                         ║
    ║ <3 Playwright Team                                                      ║
    ╚═════════════════════════════════════════════════════════════════════════╝
]]>
</failure>
</testcase>
<testcase name="Accessibility (WCAG Compliance) › should provide alternative text for visual elements" classname="responsive-accessibility.spec.ts" time="0.001">
<failure message="responsive-accessibility.spec.ts:297:7 should provide alternative text for visual elements" type="FAILURE">
<![CDATA[  [firefox] › responsive-accessibility.spec.ts:297:7 › Accessibility (WCAG Compliance) › should provide alternative text for visual elements 

    Error: browserType.launch: Executable doesn't exist at /Users/marklewis/Library/Caches/ms-playwright/firefox-1489/firefox/Nightly.app/Contents/MacOS/firefox
    ╔═════════════════════════════════════════════════════════════════════════╗
    ║ Looks like Playwright Test or Playwright was just installed or updated. ║
    ║ Please run the following command to download new browsers:              ║
    ║                                                                         ║
    ║     npx playwright install                                              ║
    ║                                                                         ║
    ║ <3 Playwright Team                                                      ║
    ╚═════════════════════════════════════════════════════════════════════════╝
]]>
</failure>
</testcase>
<testcase name="Accessibility (WCAG Compliance) › should handle focus management properly" classname="responsive-accessibility.spec.ts" time="0.002">
<failure message="responsive-accessibility.spec.ts:323:7 should handle focus management properly" type="FAILURE">
<![CDATA[  [firefox] › responsive-accessibility.spec.ts:323:7 › Accessibility (WCAG Compliance) › should handle focus management properly 

    Error: browserType.launch: Executable doesn't exist at /Users/marklewis/Library/Caches/ms-playwright/firefox-1489/firefox/Nightly.app/Contents/MacOS/firefox
    ╔═════════════════════════════════════════════════════════════════════════╗
    ║ Looks like Playwright Test or Playwright was just installed or updated. ║
    ║ Please run the following command to download new browsers:              ║
    ║                                                                         ║
    ║     npx playwright install                                              ║
    ║                                                                         ║
    ║ <3 Playwright Team                                                      ║
    ╚═════════════════════════════════════════════════════════════════════════╝
]]>
</failure>
</testcase>
<testcase name="Accessibility (WCAG Compliance) › should provide meaningful error messages" classname="responsive-accessibility.spec.ts" time="0.001">
<failure message="responsive-accessibility.spec.ts:351:7 should provide meaningful error messages" type="FAILURE">
<![CDATA[  [firefox] › responsive-accessibility.spec.ts:351:7 › Accessibility (WCAG Compliance) › should provide meaningful error messages 

    Error: browserType.launch: Executable doesn't exist at /Users/marklewis/Library/Caches/ms-playwright/firefox-1489/firefox/Nightly.app/Contents/MacOS/firefox
    ╔═════════════════════════════════════════════════════════════════════════╗
    ║ Looks like Playwright Test or Playwright was just installed or updated. ║
    ║ Please run the following command to download new browsers:              ║
    ║                                                                         ║
    ║     npx playwright install                                              ║
    ║                                                                         ║
    ║ <3 Playwright Team                                                      ║
    ╚═════════════════════════════════════════════════════════════════════════╝
]]>
</failure>
</testcase>
<testcase name="Accessibility (WCAG Compliance) › should support zoom up to 200% without breaking layout" classname="responsive-accessibility.spec.ts" time="0.001">
<failure message="responsive-accessibility.spec.ts:378:7 should support zoom up to 200% without breaking layout" type="FAILURE">
<![CDATA[  [firefox] › responsive-accessibility.spec.ts:378:7 › Accessibility (WCAG Compliance) › should support zoom up to 200% without breaking layout 

    Error: browserType.launch: Executable doesn't exist at /Users/marklewis/Library/Caches/ms-playwright/firefox-1489/firefox/Nightly.app/Contents/MacOS/firefox
    ╔═════════════════════════════════════════════════════════════════════════╗
    ║ Looks like Playwright Test or Playwright was just installed or updated. ║
    ║ Please run the following command to download new browsers:              ║
    ║                                                                         ║
    ║     npx playwright install                                              ║
    ║                                                                         ║
    ║ <3 Playwright Team                                                      ║
    ╚═════════════════════════════════════════════════════════════════════════╝
]]>
</failure>
</testcase>
</testsuite>
<testsuite name="rls-security.spec.ts" timestamp="2025-08-24T08:06:44.390Z" hostname="firefox" tests="10" failures="10" skipped="0" time="0.011" errors="0">
<testcase name="Row Level Security (RLS) Policies › should only show user-specific data in graph" classname="rls-security.spec.ts" time="0.001">
<failure message="rls-security.spec.ts:6:7 should only show user-specific data in graph" type="FAILURE">
<![CDATA[  [firefox] › rls-security.spec.ts:6:7 › Row Level Security (RLS) Policies › should only show user-specific data in graph 

    Error: browserType.launch: Executable doesn't exist at /Users/marklewis/Library/Caches/ms-playwright/firefox-1489/firefox/Nightly.app/Contents/MacOS/firefox
    ╔═════════════════════════════════════════════════════════════════════════╗
    ║ Looks like Playwright Test or Playwright was just installed or updated. ║
    ║ Please run the following command to download new browsers:              ║
    ║                                                                         ║
    ║     npx playwright install                                              ║
    ║                                                                         ║
    ║ <3 Playwright Team                                                      ║
    ╚═════════════════════════════════════════════════════════════════════════╝
]]>
</failure>
</testcase>
<testcase name="Row Level Security (RLS) Policies › should prevent unauthorized node access via API" classname="rls-security.spec.ts" time="0.001">
<failure message="rls-security.spec.ts:37:7 should prevent unauthorized node access via API" type="FAILURE">
<![CDATA[  [firefox] › rls-security.spec.ts:37:7 › Row Level Security (RLS) Policies › should prevent unauthorized node access via API 

    Error: browserType.launch: Executable doesn't exist at /Users/marklewis/Library/Caches/ms-playwright/firefox-1489/firefox/Nightly.app/Contents/MacOS/firefox
    ╔═════════════════════════════════════════════════════════════════════════╗
    ║ Looks like Playwright Test or Playwright was just installed or updated. ║
    ║ Please run the following command to download new browsers:              ║
    ║                                                                         ║
    ║     npx playwright install                                              ║
    ║                                                                         ║
    ║ <3 Playwright Team                                                      ║
    ╚═════════════════════════════════════════════════════════════════════════╝
]]>
</failure>
</testcase>
<testcase name="Row Level Security (RLS) Policies › should prevent cross-user edge creation" classname="rls-security.spec.ts" time="0.001">
<failure message="rls-security.spec.ts:76:7 should prevent cross-user edge creation" type="FAILURE">
<![CDATA[  [firefox] › rls-security.spec.ts:76:7 › Row Level Security (RLS) Policies › should prevent cross-user edge creation 

    Error: browserType.launch: Executable doesn't exist at /Users/marklewis/Library/Caches/ms-playwright/firefox-1489/firefox/Nightly.app/Contents/MacOS/firefox
    ╔═════════════════════════════════════════════════════════════════════════╗
    ║ Looks like Playwright Test or Playwright was just installed or updated. ║
    ║ Please run the following command to download new browsers:              ║
    ║                                                                         ║
    ║     npx playwright install                                              ║
    ║                                                                         ║
    ║ <3 Playwright Team                                                      ║
    ╚═════════════════════════════════════════════════════════════════════════╝
]]>
</failure>
</testcase>
<testcase name="Row Level Security (RLS) Policies › should handle unauthenticated requests properly" classname="rls-security.spec.ts" time="0.001">
<failure message="rls-security.spec.ts:119:7 should handle unauthenticated requests properly" type="FAILURE">
<![CDATA[  [firefox] › rls-security.spec.ts:119:7 › Row Level Security (RLS) Policies › should handle unauthenticated requests properly 

    Error: browserType.launch: Executable doesn't exist at /Users/marklewis/Library/Caches/ms-playwright/firefox-1489/firefox/Nightly.app/Contents/MacOS/firefox
    ╔═════════════════════════════════════════════════════════════════════════╗
    ║ Looks like Playwright Test or Playwright was just installed or updated. ║
    ║ Please run the following command to download new browsers:              ║
    ║                                                                         ║
    ║     npx playwright install                                              ║
    ║                                                                         ║
    ║ <3 Playwright Team                                                      ║
    ╚═════════════════════════════════════════════════════════════════════════╝
]]>
</failure>
</testcase>
<testcase name="Row Level Security (RLS) Policies › should prevent node deletion by unauthorized users" classname="rls-security.spec.ts" time="0.001">
<failure message="rls-security.spec.ts:138:7 should prevent node deletion by unauthorized users" type="FAILURE">
<![CDATA[  [firefox] › rls-security.spec.ts:138:7 › Row Level Security (RLS) Policies › should prevent node deletion by unauthorized users 

    Error: browserType.launch: Executable doesn't exist at /Users/marklewis/Library/Caches/ms-playwright/firefox-1489/firefox/Nightly.app/Contents/MacOS/firefox
    ╔═════════════════════════════════════════════════════════════════════════╗
    ║ Looks like Playwright Test or Playwright was just installed or updated. ║
    ║ Please run the following command to download new browsers:              ║
    ║                                                                         ║
    ║     npx playwright install                                              ║
    ║                                                                         ║
    ║ <3 Playwright Team                                                      ║
    ╚═════════════════════════════════════════════════════════════════════════╝
]]>
</failure>
</testcase>
<testcase name="Row Level Security (RLS) Policies › should handle expired authentication tokens" classname="rls-security.spec.ts" time="0.001">
<failure message="rls-security.spec.ts:193:7 should handle expired authentication tokens" type="FAILURE">
<![CDATA[  [firefox] › rls-security.spec.ts:193:7 › Row Level Security (RLS) Policies › should handle expired authentication tokens 

    Error: browserType.launch: Executable doesn't exist at /Users/marklewis/Library/Caches/ms-playwright/firefox-1489/firefox/Nightly.app/Contents/MacOS/firefox
    ╔═════════════════════════════════════════════════════════════════════════╗
    ║ Looks like Playwright Test or Playwright was just installed or updated. ║
    ║ Please run the following command to download new browsers:              ║
    ║                                                                         ║
    ║     npx playwright install                                              ║
    ║                                                                         ║
    ║ <3 Playwright Team                                                      ║
    ╚═════════════════════════════════════════════════════════════════════════╝
]]>
</failure>
</testcase>
<testcase name="Row Level Security (RLS) Policies › should enforce user isolation in real-time subscriptions" classname="rls-security.spec.ts" time="0.001">
<failure message="rls-security.spec.ts:217:7 should enforce user isolation in real-time subscriptions" type="FAILURE">
<![CDATA[  [firefox] › rls-security.spec.ts:217:7 › Row Level Security (RLS) Policies › should enforce user isolation in real-time subscriptions 

    Error: browserType.launch: Executable doesn't exist at /Users/marklewis/Library/Caches/ms-playwright/firefox-1489/firefox/Nightly.app/Contents/MacOS/firefox
    ╔═════════════════════════════════════════════════════════════════════════╗
    ║ Looks like Playwright Test or Playwright was just installed or updated. ║
    ║ Please run the following command to download new browsers:              ║
    ║                                                                         ║
    ║     npx playwright install                                              ║
    ║                                                                         ║
    ║ <3 Playwright Team                                                      ║
    ╚═════════════════════════════════════════════════════════════════════════╝
]]>
</failure>
</testcase>
<testcase name="Row Level Security (RLS) Policies › should validate user ownership in embedding operations" classname="rls-security.spec.ts" time="0.001">
<failure message="rls-security.spec.ts:257:7 should validate user ownership in embedding operations" type="FAILURE">
<![CDATA[  [firefox] › rls-security.spec.ts:257:7 › Row Level Security (RLS) Policies › should validate user ownership in embedding operations 

    Error: browserType.launch: Executable doesn't exist at /Users/marklewis/Library/Caches/ms-playwright/firefox-1489/firefox/Nightly.app/Contents/MacOS/firefox
    ╔═════════════════════════════════════════════════════════════════════════╗
    ║ Looks like Playwright Test or Playwright was just installed or updated. ║
    ║ Please run the following command to download new browsers:              ║
    ║                                                                         ║
    ║     npx playwright install                                              ║
    ║                                                                         ║
    ║ <3 Playwright Team                                                      ║
    ╚═════════════════════════════════════════════════════════════════════════╝
]]>
</failure>
</testcase>
<testcase name="Row Level Security (RLS) Policies › should prevent SQL injection in graph operations" classname="rls-security.spec.ts" time="0.002">
<failure message="rls-security.spec.ts:292:7 should prevent SQL injection in graph operations" type="FAILURE">
<![CDATA[  [firefox] › rls-security.spec.ts:292:7 › Row Level Security (RLS) Policies › should prevent SQL injection in graph operations 

    Error: browserType.launch: Executable doesn't exist at /Users/marklewis/Library/Caches/ms-playwright/firefox-1489/firefox/Nightly.app/Contents/MacOS/firefox
    ╔═════════════════════════════════════════════════════════════════════════╗
    ║ Looks like Playwright Test or Playwright was just installed or updated. ║
    ║ Please run the following command to download new browsers:              ║
    ║                                                                         ║
    ║     npx playwright install                                              ║
    ║                                                                         ║
    ║ <3 Playwright Team                                                      ║
    ╚═════════════════════════════════════════════════════════════════════════╝
]]>
</failure>
</testcase>
<testcase name="Row Level Security (RLS) Policies › should handle privilege escalation attempts" classname="rls-security.spec.ts" time="0.001">
<failure message="rls-security.spec.ts:336:7 should handle privilege escalation attempts" type="FAILURE">
<![CDATA[  [firefox] › rls-security.spec.ts:336:7 › Row Level Security (RLS) Policies › should handle privilege escalation attempts 

    Error: browserType.launch: Executable doesn't exist at /Users/marklewis/Library/Caches/ms-playwright/firefox-1489/firefox/Nightly.app/Contents/MacOS/firefox
    ╔═════════════════════════════════════════════════════════════════════════╗
    ║ Looks like Playwright Test or Playwright was just installed or updated. ║
    ║ Please run the following command to download new browsers:              ║
    ║                                                                         ║
    ║     npx playwright install                                              ║
    ║                                                                         ║
    ║ <3 Playwright Team                                                      ║
    ╚═════════════════════════════════════════════════════════════════════════╝
]]>
</failure>
</testcase>
</testsuite>
<testsuite name="embedding-generation.spec.ts" timestamp="2025-08-24T08:06:44.390Z" hostname="webkit" tests="8" failures="8" skipped="0" time="0.01" errors="0">
<testcase name="Embedding Generation Edge Functions › should generate embeddings for new nodes" classname="embedding-generation.spec.ts" time="0.001">
<failure message="embedding-generation.spec.ts:9:7 should generate embeddings for new nodes" type="FAILURE">
<![CDATA[  [webkit] › embedding-generation.spec.ts:9:7 › Embedding Generation Edge Functions › should generate embeddings for new nodes 

    Error: browserType.launch: Executable doesn't exist at /Users/marklewis/Library/Caches/ms-playwright/webkit-2191/pw_run.sh
    ╔═════════════════════════════════════════════════════════════════════════╗
    ║ Looks like Playwright Test or Playwright was just installed or updated. ║
    ║ Please run the following command to download new browsers:              ║
    ║                                                                         ║
    ║     npx playwright install                                              ║
    ║                                                                         ║
    ║ <3 Playwright Team                                                      ║
    ╚═════════════════════════════════════════════════════════════════════════╝
]]>
</failure>
</testcase>
<testcase name="Embedding Generation Edge Functions › should handle embedding generation errors gracefully" classname="embedding-generation.spec.ts" time="0.002">
<failure message="embedding-generation.spec.ts:60:7 should handle embedding generation errors gracefully" type="FAILURE">
<![CDATA[  [webkit] › embedding-generation.spec.ts:60:7 › Embedding Generation Edge Functions › should handle embedding generation errors gracefully 

    Error: browserType.launch: Executable doesn't exist at /Users/marklewis/Library/Caches/ms-playwright/webkit-2191/pw_run.sh
    ╔═════════════════════════════════════════════════════════════════════════╗
    ║ Looks like Playwright Test or Playwright was just installed or updated. ║
    ║ Please run the following command to download new browsers:              ║
    ║                                                                         ║
    ║     npx playwright install                                              ║
    ║                                                                         ║
    ║ <3 Playwright Team                                                      ║
    ╚═════════════════════════════════════════════════════════════════════════╝
]]>
</failure>
</testcase>
<testcase name="Embedding Generation Edge Functions › should update embeddings when node content changes" classname="embedding-generation.spec.ts" time="0.001">
<failure message="embedding-generation.spec.ts:85:7 should update embeddings when node content changes" type="FAILURE">
<![CDATA[  [webkit] › embedding-generation.spec.ts:85:7 › Embedding Generation Edge Functions › should update embeddings when node content changes 

    Error: browserType.launch: Executable doesn't exist at /Users/marklewis/Library/Caches/ms-playwright/webkit-2191/pw_run.sh
    ╔═════════════════════════════════════════════════════════════════════════╗
    ║ Looks like Playwright Test or Playwright was just installed or updated. ║
    ║ Please run the following command to download new browsers:              ║
    ║                                                                         ║
    ║     npx playwright install                                              ║
    ║                                                                         ║
    ║ <3 Playwright Team                                                      ║
    ╚═════════════════════════════════════════════════════════════════════════╝
]]>
</failure>
</testcase>
<testcase name="Embedding Generation Edge Functions › should handle batch embedding generation" classname="embedding-generation.spec.ts" time="0.001">
<failure message="embedding-generation.spec.ts:154:7 should handle batch embedding generation" type="FAILURE">
<![CDATA[  [webkit] › embedding-generation.spec.ts:154:7 › Embedding Generation Edge Functions › should handle batch embedding generation 

    Error: browserType.launch: Executable doesn't exist at /Users/marklewis/Library/Caches/ms-playwright/webkit-2191/pw_run.sh
    ╔═════════════════════════════════════════════════════════════════════════╗
    ║ Looks like Playwright Test or Playwright was just installed or updated. ║
    ║ Please run the following command to download new browsers:              ║
    ║                                                                         ║
    ║     npx playwright install                                              ║
    ║                                                                         ║
    ║ <3 Playwright Team                                                      ║
    ╚═════════════════════════════════════════════════════════════════════════╝
]]>
</failure>
</testcase>
<testcase name="Embedding Generation Edge Functions › should use embeddings for similarity search" classname="embedding-generation.spec.ts" time="0.001">
<failure message="embedding-generation.spec.ts:198:7 should use embeddings for similarity search" type="FAILURE">
<![CDATA[  [webkit] › embedding-generation.spec.ts:198:7 › Embedding Generation Edge Functions › should use embeddings for similarity search 

    Error: browserType.launch: Executable doesn't exist at /Users/marklewis/Library/Caches/ms-playwright/webkit-2191/pw_run.sh
    ╔═════════════════════════════════════════════════════════════════════════╗
    ║ Looks like Playwright Test or Playwright was just installed or updated. ║
    ║ Please run the following command to download new browsers:              ║
    ║                                                                         ║
    ║     npx playwright install                                              ║
    ║                                                                         ║
    ║ <3 Playwright Team                                                      ║
    ╚═════════════════════════════════════════════════════════════════════════╝
]]>
</failure>
</testcase>
<testcase name="Embedding Generation Edge Functions › should handle embedding generation timeout" classname="embedding-generation.spec.ts" time="0.001">
<failure message="embedding-generation.spec.ts:271:7 should handle embedding generation timeout" type="FAILURE">
<![CDATA[  [webkit] › embedding-generation.spec.ts:271:7 › Embedding Generation Edge Functions › should handle embedding generation timeout 

    Error: browserType.launch: Executable doesn't exist at /Users/marklewis/Library/Caches/ms-playwright/webkit-2191/pw_run.sh
    ╔═════════════════════════════════════════════════════════════════════════╗
    ║ Looks like Playwright Test or Playwright was just installed or updated. ║
    ║ Please run the following command to download new browsers:              ║
    ║                                                                         ║
    ║     npx playwright install                                              ║
    ║                                                                         ║
    ║ <3 Playwright Team                                                      ║
    ╚═════════════════════════════════════════════════════════════════════════╝
]]>
</failure>
</testcase>
<testcase name="Embedding Generation Edge Functions › should validate embedding vector dimensions" classname="embedding-generation.spec.ts" time="0.001">
<failure message="embedding-generation.spec.ts:313:7 should validate embedding vector dimensions" type="FAILURE">
<![CDATA[  [webkit] › embedding-generation.spec.ts:313:7 › Embedding Generation Edge Functions › should validate embedding vector dimensions 

    Error: browserType.launch: Executable doesn't exist at /Users/marklewis/Library/Caches/ms-playwright/webkit-2191/pw_run.sh
    ╔═════════════════════════════════════════════════════════════════════════╗
    ║ Looks like Playwright Test or Playwright was just installed or updated. ║
    ║ Please run the following command to download new browsers:              ║
    ║                                                                         ║
    ║     npx playwright install                                              ║
    ║                                                                         ║
    ║ <3 Playwright Team                                                      ║
    ╚═════════════════════════════════════════════════════════════════════════╝
]]>
</failure>
</testcase>
<testcase name="Embedding Generation Edge Functions › should handle embedding queue processing" classname="embedding-generation.spec.ts" time="0.002">
<failure message="embedding-generation.spec.ts:357:7 should handle embedding queue processing" type="FAILURE">
<![CDATA[  [webkit] › embedding-generation.spec.ts:357:7 › Embedding Generation Edge Functions › should handle embedding queue processing 

    Error: browserType.launch: Executable doesn't exist at /Users/marklewis/Library/Caches/ms-playwright/webkit-2191/pw_run.sh
    ╔═════════════════════════════════════════════════════════════════════════╗
    ║ Looks like Playwright Test or Playwright was just installed or updated. ║
    ║ Please run the following command to download new browsers:              ║
    ║                                                                         ║
    ║     npx playwright install                                              ║
    ║                                                                         ║
    ║ <3 Playwright Team                                                      ║
    ╚═════════════════════════════════════════════════════════════════════════╝
]]>
</failure>
</testcase>
</testsuite>
<testsuite name="error-handling.spec.ts" timestamp="2025-08-24T08:06:44.390Z" hostname="webkit" tests="11" failures="11" skipped="0" time="0.013" errors="0">
<testcase name="Error Handling and Recovery › should handle network connectivity issues gracefully" classname="error-handling.spec.ts" time="0.001">
<failure message="error-handling.spec.ts:10:7 should handle network connectivity issues gracefully" type="FAILURE">
<![CDATA[  [webkit] › error-handling.spec.ts:10:7 › Error Handling and Recovery › should handle network connectivity issues gracefully 

    Error: browserType.launch: Executable doesn't exist at /Users/marklewis/Library/Caches/ms-playwright/webkit-2191/pw_run.sh
    ╔═════════════════════════════════════════════════════════════════════════╗
    ║ Looks like Playwright Test or Playwright was just installed or updated. ║
    ║ Please run the following command to download new browsers:              ║
    ║                                                                         ║
    ║     npx playwright install                                              ║
    ║                                                                         ║
    ║ <3 Playwright Team                                                      ║
    ╚═════════════════════════════════════════════════════════════════════════╝
]]>
</failure>
</testcase>
<testcase name="Error Handling and Recovery › should handle API timeouts gracefully" classname="error-handling.spec.ts" time="0.002">
<failure message="error-handling.spec.ts:37:7 should handle API timeouts gracefully" type="FAILURE">
<![CDATA[  [webkit] › error-handling.spec.ts:37:7 › Error Handling and Recovery › should handle API timeouts gracefully 

    Error: browserType.launch: Executable doesn't exist at /Users/marklewis/Library/Caches/ms-playwright/webkit-2191/pw_run.sh
    ╔═════════════════════════════════════════════════════════════════════════╗
    ║ Looks like Playwright Test or Playwright was just installed or updated. ║
    ║ Please run the following command to download new browsers:              ║
    ║                                                                         ║
    ║     npx playwright install                                              ║
    ║                                                                         ║
    ║ <3 Playwright Team                                                      ║
    ╚═════════════════════════════════════════════════════════════════════════╝
]]>
</failure>
</testcase>
<testcase name="Error Handling and Recovery › should handle malformed API responses" classname="error-handling.spec.ts" time="0.002">
<failure message="error-handling.spec.ts:76:7 should handle malformed API responses" type="FAILURE">
<![CDATA[  [webkit] › error-handling.spec.ts:76:7 › Error Handling and Recovery › should handle malformed API responses 

    Error: browserType.launch: Executable doesn't exist at /Users/marklewis/Library/Caches/ms-playwright/webkit-2191/pw_run.sh
    ╔═════════════════════════════════════════════════════════════════════════╗
    ║ Looks like Playwright Test or Playwright was just installed or updated. ║
    ║ Please run the following command to download new browsers:              ║
    ║                                                                         ║
    ║     npx playwright install                                              ║
    ║                                                                         ║
    ║ <3 Playwright Team                                                      ║
    ╚═════════════════════════════════════════════════════════════════════════╝
]]>
</failure>
</testcase>
<testcase name="Error Handling and Recovery › should handle missing graph data gracefully" classname="error-handling.spec.ts" time="0.001">
<failure message="error-handling.spec.ts:125:7 should handle missing graph data gracefully" type="FAILURE">
<![CDATA[  [webkit] › error-handling.spec.ts:125:7 › Error Handling and Recovery › should handle missing graph data gracefully 

    Error: browserType.launch: Executable doesn't exist at /Users/marklewis/Library/Caches/ms-playwright/webkit-2191/pw_run.sh
    ╔═════════════════════════════════════════════════════════════════════════╗
    ║ Looks like Playwright Test or Playwright was just installed or updated. ║
    ║ Please run the following command to download new browsers:              ║
    ║                                                                         ║
    ║     npx playwright install                                              ║
    ║                                                                         ║
    ║ <3 Playwright Team                                                      ║
    ╚═════════════════════════════════════════════════════════════════════════╝
]]>
</failure>
</testcase>
<testcase name="Error Handling and Recovery › should handle corrupted localStorage gracefully" classname="error-handling.spec.ts" time="0.001">
<failure message="error-handling.spec.ts:153:7 should handle corrupted localStorage gracefully" type="FAILURE">
<![CDATA[  [webkit] › error-handling.spec.ts:153:7 › Error Handling and Recovery › should handle corrupted localStorage gracefully 

    Error: browserType.launch: Executable doesn't exist at /Users/marklewis/Library/Caches/ms-playwright/webkit-2191/pw_run.sh
    ╔═════════════════════════════════════════════════════════════════════════╗
    ║ Looks like Playwright Test or Playwright was just installed or updated. ║
    ║ Please run the following command to download new browsers:              ║
    ║                                                                         ║
    ║     npx playwright install                                              ║
    ║                                                                         ║
    ║ <3 Playwright Team                                                      ║
    ╚═════════════════════════════════════════════════════════════════════════╝
]]>
</failure>
</testcase>
<testcase name="Error Handling and Recovery › should handle concurrent modification conflicts" classname="error-handling.spec.ts" time="0.001">
<failure message="error-handling.spec.ts:174:7 should handle concurrent modification conflicts" type="FAILURE">
<![CDATA[  [webkit] › error-handling.spec.ts:174:7 › Error Handling and Recovery › should handle concurrent modification conflicts 

    Error: browserType.launch: Executable doesn't exist at /Users/marklewis/Library/Caches/ms-playwright/webkit-2191/pw_run.sh
    ╔═════════════════════════════════════════════════════════════════════════╗
    ║ Looks like Playwright Test or Playwright was just installed or updated. ║
    ║ Please run the following command to download new browsers:              ║
    ║                                                                         ║
    ║     npx playwright install                                              ║
    ║                                                                         ║
    ║ <3 Playwright Team                                                      ║
    ╚═════════════════════════════════════════════════════════════════════════╝
]]>
</failure>
</testcase>
<testcase name="Error Handling and Recovery › should handle large dataset loading errors" classname="error-handling.spec.ts" time="0.001">
<failure message="error-handling.spec.ts:244:7 should handle large dataset loading errors" type="FAILURE">
<![CDATA[  [webkit] › error-handling.spec.ts:244:7 › Error Handling and Recovery › should handle large dataset loading errors 

    Error: browserType.launch: Executable doesn't exist at /Users/marklewis/Library/Caches/ms-playwright/webkit-2191/pw_run.sh
    ╔═════════════════════════════════════════════════════════════════════════╗
    ║ Looks like Playwright Test or Playwright was just installed or updated. ║
    ║ Please run the following command to download new browsers:              ║
    ║                                                                         ║
    ║     npx playwright install                                              ║
    ║                                                                         ║
    ║ <3 Playwright Team                                                      ║
    ╚═════════════════════════════════════════════════════════════════════════╝
]]>
</failure>
</testcase>
<testcase name="Error Handling and Recovery › should recover from Cytoscape initialization failures" classname="error-handling.spec.ts" time="0.001">
<failure message="error-handling.spec.ts:281:7 should recover from Cytoscape initialization failures" type="FAILURE">
<![CDATA[  [webkit] › error-handling.spec.ts:281:7 › Error Handling and Recovery › should recover from Cytoscape initialization failures 

    Error: browserType.launch: Executable doesn't exist at /Users/marklewis/Library/Caches/ms-playwright/webkit-2191/pw_run.sh
    ╔═════════════════════════════════════════════════════════════════════════╗
    ║ Looks like Playwright Test or Playwright was just installed or updated. ║
    ║ Please run the following command to download new browsers:              ║
    ║                                                                         ║
    ║     npx playwright install                                              ║
    ║                                                                         ║
    ║ <3 Playwright Team                                                      ║
    ╚═════════════════════════════════════════════════════════════════════════╝
]]>
</failure>
</testcase>
<testcase name="Error Handling and Recovery › should handle memory pressure gracefully" classname="error-handling.spec.ts" time="0.001">
<failure message="error-handling.spec.ts:310:7 should handle memory pressure gracefully" type="FAILURE">
<![CDATA[  [webkit] › error-handling.spec.ts:310:7 › Error Handling and Recovery › should handle memory pressure gracefully 

    Error: browserType.launch: Executable doesn't exist at /Users/marklewis/Library/Caches/ms-playwright/webkit-2191/pw_run.sh
    ╔═════════════════════════════════════════════════════════════════════════╗
    ║ Looks like Playwright Test or Playwright was just installed or updated. ║
    ║ Please run the following command to download new browsers:              ║
    ║                                                                         ║
    ║     npx playwright install                                              ║
    ║                                                                         ║
    ║ <3 Playwright Team                                                      ║
    ╚═════════════════════════════════════════════════════════════════════════╝
]]>
</failure>
</testcase>
<testcase name="Error Handling and Recovery › should provide helpful error messages for common issues" classname="error-handling.spec.ts" time="0.001">
<failure message="error-handling.spec.ts:340:7 should provide helpful error messages for common issues" type="FAILURE">
<![CDATA[  [webkit] › error-handling.spec.ts:340:7 › Error Handling and Recovery › should provide helpful error messages for common issues 

    Error: browserType.launch: Executable doesn't exist at /Users/marklewis/Library/Caches/ms-playwright/webkit-2191/pw_run.sh
    ╔═════════════════════════════════════════════════════════════════════════╗
    ║ Looks like Playwright Test or Playwright was just installed or updated. ║
    ║ Please run the following command to download new browsers:              ║
    ║                                                                         ║
    ║     npx playwright install                                              ║
    ║                                                                         ║
    ║ <3 Playwright Team                                                      ║
    ╚═════════════════════════════════════════════════════════════════════════╝
]]>
</failure>
</testcase>
<testcase name="Error Handling and Recovery › should handle browser compatibility issues" classname="error-handling.spec.ts" time="0.001">
<failure message="error-handling.spec.ts:378:7 should handle browser compatibility issues" type="FAILURE">
<![CDATA[  [webkit] › error-handling.spec.ts:378:7 › Error Handling and Recovery › should handle browser compatibility issues 

    Error: browserType.launch: Executable doesn't exist at /Users/marklewis/Library/Caches/ms-playwright/webkit-2191/pw_run.sh
    ╔═════════════════════════════════════════════════════════════════════════╗
    ║ Looks like Playwright Test or Playwright was just installed or updated. ║
    ║ Please run the following command to download new browsers:              ║
    ║                                                                         ║
    ║     npx playwright install                                              ║
    ║                                                                         ║
    ║ <3 Playwright Team                                                      ║
    ╚═════════════════════════════════════════════════════════════════════════╝
]]>
</failure>
</testcase>
</testsuite>
<testsuite name="graph-data-flow.spec.ts" timestamp="2025-08-24T08:06:44.390Z" hostname="webkit" tests="7" failures="7" skipped="0" time="0.007" errors="0">
<testcase name="Graph Data Flow › should load graph data from database and display in frontend" classname="graph-data-flow.spec.ts" time="0.001">
<failure message="graph-data-flow.spec.ts:11:7 should load graph data from database and display in frontend" type="FAILURE">
<![CDATA[  [webkit] › graph-data-flow.spec.ts:11:7 › Graph Data Flow › should load graph data from database and display in frontend 

    Error: browserType.launch: Executable doesn't exist at /Users/marklewis/Library/Caches/ms-playwright/webkit-2191/pw_run.sh
    ╔═════════════════════════════════════════════════════════════════════════╗
    ║ Looks like Playwright Test or Playwright was just installed or updated. ║
    ║ Please run the following command to download new browsers:              ║
    ║                                                                         ║
    ║     npx playwright install                                              ║
    ║                                                                         ║
    ║ <3 Playwright Team                                                      ║
    ╚═════════════════════════════════════════════════════════════════════════╝
]]>
</failure>
</testcase>
<testcase name="Graph Data Flow › should display node details when clicked" classname="graph-data-flow.spec.ts" time="0.001">
<failure message="graph-data-flow.spec.ts:38:7 should display node details when clicked" type="FAILURE">
<![CDATA[  [webkit] › graph-data-flow.spec.ts:38:7 › Graph Data Flow › should display node details when clicked 

    Error: browserType.launch: Executable doesn't exist at /Users/marklewis/Library/Caches/ms-playwright/webkit-2191/pw_run.sh
    ╔═════════════════════════════════════════════════════════════════════════╗
    ║ Looks like Playwright Test or Playwright was just installed or updated. ║
    ║ Please run the following command to download new browsers:              ║
    ║                                                                         ║
    ║     npx playwright install                                              ║
    ║                                                                         ║
    ║ <3 Playwright Team                                                      ║
    ╚═════════════════════════════════════════════════════════════════════════╝
]]>
</failure>
</testcase>
<testcase name="Graph Data Flow › should create new node via API and display in graph" classname="graph-data-flow.spec.ts" time="0.001">
<failure message="graph-data-flow.spec.ts:53:7 should create new node via API and display in graph" type="FAILURE">
<![CDATA[  [webkit] › graph-data-flow.spec.ts:53:7 › Graph Data Flow › should create new node via API and display in graph 

    Error: browserType.launch: Executable doesn't exist at /Users/marklewis/Library/Caches/ms-playwright/webkit-2191/pw_run.sh
    ╔═════════════════════════════════════════════════════════════════════════╗
    ║ Looks like Playwright Test or Playwright was just installed or updated. ║
    ║ Please run the following command to download new browsers:              ║
    ║                                                                         ║
    ║     npx playwright install                                              ║
    ║                                                                         ║
    ║ <3 Playwright Team                                                      ║
    ╚═════════════════════════════════════════════════════════════════════════╝
]]>
</failure>
</testcase>
<testcase name="Graph Data Flow › should update node via edge function and reflect changes" classname="graph-data-flow.spec.ts" time="0.001">
<failure message="graph-data-flow.spec.ts:96:7 should update node via edge function and reflect changes" type="FAILURE">
<![CDATA[  [webkit] › graph-data-flow.spec.ts:96:7 › Graph Data Flow › should update node via edge function and reflect changes 

    Error: browserType.launch: Executable doesn't exist at /Users/marklewis/Library/Caches/ms-playwright/webkit-2191/pw_run.sh
    ╔═════════════════════════════════════════════════════════════════════════╗
    ║ Looks like Playwright Test or Playwright was just installed or updated. ║
    ║ Please run the following command to download new browsers:              ║
    ║                                                                         ║
    ║     npx playwright install                                              ║
    ║                                                                         ║
    ║ <3 Playwright Team                                                      ║
    ╚═════════════════════════════════════════════════════════════════════════╝
]]>
</failure>
</testcase>
<testcase name="Graph Data Flow › should handle graph data for different node statuses" classname="graph-data-flow.spec.ts" time="0.001">
<failure message="graph-data-flow.spec.ts:149:7 should handle graph data for different node statuses" type="FAILURE">
<![CDATA[  [webkit] › graph-data-flow.spec.ts:149:7 › Graph Data Flow › should handle graph data for different node statuses 

    Error: browserType.launch: Executable doesn't exist at /Users/marklewis/Library/Caches/ms-playwright/webkit-2191/pw_run.sh
    ╔═════════════════════════════════════════════════════════════════════════╗
    ║ Looks like Playwright Test or Playwright was just installed or updated. ║
    ║ Please run the following command to download new browsers:              ║
    ║                                                                         ║
    ║     npx playwright install                                              ║
    ║                                                                         ║
    ║ <3 Playwright Team                                                      ║
    ╚═════════════════════════════════════════════════════════════════════════╝
]]>
</failure>
</testcase>
<testcase name="Graph Data Flow › should display edges between connected nodes" classname="graph-data-flow.spec.ts" time="0.001">
<failure message="graph-data-flow.spec.ts:173:7 should display edges between connected nodes" type="FAILURE">
<![CDATA[  [webkit] › graph-data-flow.spec.ts:173:7 › Graph Data Flow › should display edges between connected nodes 

    Error: browserType.launch: Executable doesn't exist at /Users/marklewis/Library/Caches/ms-playwright/webkit-2191/pw_run.sh
    ╔═════════════════════════════════════════════════════════════════════════╗
    ║ Looks like Playwright Test or Playwright was just installed or updated. ║
    ║ Please run the following command to download new browsers:              ║
    ║                                                                         ║
    ║     npx playwright install                                              ║
    ║                                                                         ║
    ║ <3 Playwright Team                                                      ║
    ╚═════════════════════════════════════════════════════════════════════════╝
]]>
</failure>
</testcase>
<testcase name="Graph Data Flow › should handle empty graph state gracefully" classname="graph-data-flow.spec.ts" time="0.001">
<failure message="graph-data-flow.spec.ts:206:7 should handle empty graph state gracefully" type="FAILURE">
<![CDATA[  [webkit] › graph-data-flow.spec.ts:206:7 › Graph Data Flow › should handle empty graph state gracefully 

    Error: browserType.launch: Executable doesn't exist at /Users/marklewis/Library/Caches/ms-playwright/webkit-2191/pw_run.sh
    ╔═════════════════════════════════════════════════════════════════════════╗
    ║ Looks like Playwright Test or Playwright was just installed or updated. ║
    ║ Please run the following command to download new browsers:              ║
    ║                                                                         ║
    ║     npx playwright install                                              ║
    ║                                                                         ║
    ║ <3 Playwright Team                                                      ║
    ╚═════════════════════════════════════════════════════════════════════════╝
]]>
</failure>
</testcase>
</testsuite>
<testsuite name="graph-interactions.spec.ts" timestamp="2025-08-24T08:06:44.390Z" hostname="webkit" tests="14" failures="14" skipped="0" time="0.014" errors="0">
<testcase name="Graph Interactions › should handle node click interactions" classname="graph-interactions.spec.ts" time="0.001">
<failure message="graph-interactions.spec.ts:26:7 should handle node click interactions" type="FAILURE">
<![CDATA[  [webkit] › graph-interactions.spec.ts:26:7 › Graph Interactions › should handle node click interactions 

    Error: browserType.launch: Executable doesn't exist at /Users/marklewis/Library/Caches/ms-playwright/webkit-2191/pw_run.sh
    ╔═════════════════════════════════════════════════════════════════════════╗
    ║ Looks like Playwright Test or Playwright was just installed or updated. ║
    ║ Please run the following command to download new browsers:              ║
    ║                                                                         ║
    ║     npx playwright install                                              ║
    ║                                                                         ║
    ║ <3 Playwright Team                                                      ║
    ╚═════════════════════════════════════════════════════════════════════════╝
]]>
</failure>
</testcase>
<testcase name="Graph Interactions › should handle node right-click context menu" classname="graph-interactions.spec.ts" time="0.001">
<failure message="graph-interactions.spec.ts:47:7 should handle node right-click context menu" type="FAILURE">
<![CDATA[  [webkit] › graph-interactions.spec.ts:47:7 › Graph Interactions › should handle node right-click context menu 

    Error: browserType.launch: Executable doesn't exist at /Users/marklewis/Library/Caches/ms-playwright/webkit-2191/pw_run.sh
    ╔═════════════════════════════════════════════════════════════════════════╗
    ║ Looks like Playwright Test or Playwright was just installed or updated. ║
    ║ Please run the following command to download new browsers:              ║
    ║                                                                         ║
    ║     npx playwright install                                              ║
    ║                                                                         ║
    ║ <3 Playwright Team                                                      ║
    ╚═════════════════════════════════════════════════════════════════════════╝
]]>
</failure>
</testcase>
<testcase name="Graph Interactions › should handle node drag interactions" classname="graph-interactions.spec.ts" time="0.001">
<failure message="graph-interactions.spec.ts:62:7 should handle node drag interactions" type="FAILURE">
<![CDATA[  [webkit] › graph-interactions.spec.ts:62:7 › Graph Interactions › should handle node drag interactions 

    Error: browserType.launch: Executable doesn't exist at /Users/marklewis/Library/Caches/ms-playwright/webkit-2191/pw_run.sh
    ╔═════════════════════════════════════════════════════════════════════════╗
    ║ Looks like Playwright Test or Playwright was just installed or updated. ║
    ║ Please run the following command to download new browsers:              ║
    ║                                                                         ║
    ║     npx playwright install                                              ║
    ║                                                                         ║
    ║ <3 Playwright Team                                                      ║
    ╚═════════════════════════════════════════════════════════════════════════╝
]]>
</failure>
</testcase>
<testcase name="Graph Interactions › should handle graph search functionality" classname="graph-interactions.spec.ts" time="0.001">
<failure message="graph-interactions.spec.ts:87:7 should handle graph search functionality" type="FAILURE">
<![CDATA[  [webkit] › graph-interactions.spec.ts:87:7 › Graph Interactions › should handle graph search functionality 

    Error: browserType.launch: Executable doesn't exist at /Users/marklewis/Library/Caches/ms-playwright/webkit-2191/pw_run.sh
    ╔═════════════════════════════════════════════════════════════════════════╗
    ║ Looks like Playwright Test or Playwright was just installed or updated. ║
    ║ Please run the following command to download new browsers:              ║
    ║                                                                         ║
    ║     npx playwright install                                              ║
    ║                                                                         ║
    ║ <3 Playwright Team                                                      ║
    ╚═════════════════════════════════════════════════════════════════════════╝
]]>
</failure>
</testcase>
<testcase name="Graph Interactions › should handle partial search queries" classname="graph-interactions.spec.ts" time="0.001">
<failure message="graph-interactions.spec.ts:105:7 should handle partial search queries" type="FAILURE">
<![CDATA[  [webkit] › graph-interactions.spec.ts:105:7 › Graph Interactions › should handle partial search queries 

    Error: browserType.launch: Executable doesn't exist at /Users/marklewis/Library/Caches/ms-playwright/webkit-2191/pw_run.sh
    ╔═════════════════════════════════════════════════════════════════════════╗
    ║ Looks like Playwright Test or Playwright was just installed or updated. ║
    ║ Please run the following command to download new browsers:              ║
    ║                                                                         ║
    ║     npx playwright install                                              ║
    ║                                                                         ║
    ║ <3 Playwright Team                                                      ║
    ╚═════════════════════════════════════════════════════════════════════════╝
]]>
</failure>
</testcase>
<testcase name="Graph Interactions › should handle layout changes" classname="graph-interactions.spec.ts" time="0.001">
<failure message="graph-interactions.spec.ts:128:7 should handle layout changes" type="FAILURE">
<![CDATA[  [webkit] › graph-interactions.spec.ts:128:7 › Graph Interactions › should handle layout changes ──

    Error: browserType.launch: Executable doesn't exist at /Users/marklewis/Library/Caches/ms-playwright/webkit-2191/pw_run.sh
    ╔═════════════════════════════════════════════════════════════════════════╗
    ║ Looks like Playwright Test or Playwright was just installed or updated. ║
    ║ Please run the following command to download new browsers:              ║
    ║                                                                         ║
    ║     npx playwright install                                              ║
    ║                                                                         ║
    ║ <3 Playwright Team                                                      ║
    ╚═════════════════════════════════════════════════════════════════════════╝
]]>
</failure>
</testcase>
<testcase name="Graph Interactions › should handle zoom controls" classname="graph-interactions.spec.ts" time="0.001">
<failure message="graph-interactions.spec.ts:153:7 should handle zoom controls" type="FAILURE">
<![CDATA[  [webkit] › graph-interactions.spec.ts:153:7 › Graph Interactions › should handle zoom controls ───

    Error: browserType.launch: Executable doesn't exist at /Users/marklewis/Library/Caches/ms-playwright/webkit-2191/pw_run.sh
    ╔═════════════════════════════════════════════════════════════════════════╗
    ║ Looks like Playwright Test or Playwright was just installed or updated. ║
    ║ Please run the following command to download new browsers:              ║
    ║                                                                         ║
    ║     npx playwright install                                              ║
    ║                                                                         ║
    ║ <3 Playwright Team                                                      ║
    ╚═════════════════════════════════════════════════════════════════════════╝
]]>
</failure>
</testcase>
<testcase name="Graph Interactions › should handle node type filtering" classname="graph-interactions.spec.ts" time="0.001">
<failure message="graph-interactions.spec.ts:193:7 should handle node type filtering" type="FAILURE">
<![CDATA[  [webkit] › graph-interactions.spec.ts:193:7 › Graph Interactions › should handle node type filtering 

    Error: browserType.launch: Executable doesn't exist at /Users/marklewis/Library/Caches/ms-playwright/webkit-2191/pw_run.sh
    ╔═════════════════════════════════════════════════════════════════════════╗
    ║ Looks like Playwright Test or Playwright was just installed or updated. ║
    ║ Please run the following command to download new browsers:              ║
    ║                                                                         ║
    ║     npx playwright install                                              ║
    ║                                                                         ║
    ║ <3 Playwright Team                                                      ║
    ╚═════════════════════════════════════════════════════════════════════════╝
]]>
</failure>
</testcase>
<testcase name="Graph Interactions › should handle multiple node selection" classname="graph-interactions.spec.ts" time="0.001">
<failure message="graph-interactions.spec.ts:217:7 should handle multiple node selection" type="FAILURE">
<![CDATA[  [webkit] › graph-interactions.spec.ts:217:7 › Graph Interactions › should handle multiple node selection 

    Error: browserType.launch: Executable doesn't exist at /Users/marklewis/Library/Caches/ms-playwright/webkit-2191/pw_run.sh
    ╔═════════════════════════════════════════════════════════════════════════╗
    ║ Looks like Playwright Test or Playwright was just installed or updated. ║
    ║ Please run the following command to download new browsers:              ║
    ║                                                                         ║
    ║     npx playwright install                                              ║
    ║                                                                         ║
    ║ <3 Playwright Team                                                      ║
    ╚═════════════════════════════════════════════════════════════════════════╝
]]>
</failure>
</testcase>
<testcase name="Graph Interactions › should handle graph export functionality" classname="graph-interactions.spec.ts" time="0.001">
<failure message="graph-interactions.spec.ts:238:7 should handle graph export functionality" type="FAILURE">
<![CDATA[  [webkit] › graph-interactions.spec.ts:238:7 › Graph Interactions › should handle graph export functionality 

    Error: browserType.launch: Executable doesn't exist at /Users/marklewis/Library/Caches/ms-playwright/webkit-2191/pw_run.sh
    ╔═════════════════════════════════════════════════════════════════════════╗
    ║ Looks like Playwright Test or Playwright was just installed or updated. ║
    ║ Please run the following command to download new browsers:              ║
    ║                                                                         ║
    ║     npx playwright install                                              ║
    ║                                                                         ║
    ║ <3 Playwright Team                                                      ║
    ╚═════════════════════════════════════════════════════════════════════════╝
]]>
</failure>
</testcase>
<testcase name="Graph Interactions › should handle keyboard shortcuts" classname="graph-interactions.spec.ts" time="0.001">
<failure message="graph-interactions.spec.ts:258:7 should handle keyboard shortcuts" type="FAILURE">
<![CDATA[  [webkit] › graph-interactions.spec.ts:258:7 › Graph Interactions › should handle keyboard shortcuts 

    Error: browserType.launch: Executable doesn't exist at /Users/marklewis/Library/Caches/ms-playwright/webkit-2191/pw_run.sh
    ╔═════════════════════════════════════════════════════════════════════════╗
    ║ Looks like Playwright Test or Playwright was just installed or updated. ║
    ║ Please run the following command to download new browsers:              ║
    ║                                                                         ║
    ║     npx playwright install                                              ║
    ║                                                                         ║
    ║ <3 Playwright Team                                                      ║
    ╚═════════════════════════════════════════════════════════════════════════╝
]]>
</failure>
</testcase>
<testcase name="Graph Interactions › should handle edge click interactions" classname="graph-interactions.spec.ts" time="0.001">
<failure message="graph-interactions.spec.ts:288:7 should handle edge click interactions" type="FAILURE">
<![CDATA[  [webkit] › graph-interactions.spec.ts:288:7 › Graph Interactions › should handle edge click interactions 

    Error: browserType.launch: Executable doesn't exist at /Users/marklewis/Library/Caches/ms-playwright/webkit-2191/pw_run.sh
    ╔═════════════════════════════════════════════════════════════════════════╗
    ║ Looks like Playwright Test or Playwright was just installed or updated. ║
    ║ Please run the following command to download new browsers:              ║
    ║                                                                         ║
    ║     npx playwright install                                              ║
    ║                                                                         ║
    ║ <3 Playwright Team                                                      ║
    ╚═════════════════════════════════════════════════════════════════════════╝
]]>
</failure>
</testcase>
<testcase name="Graph Interactions › should handle hover interactions" classname="graph-interactions.spec.ts" time="0.001">
<failure message="graph-interactions.spec.ts:316:7 should handle hover interactions" type="FAILURE">
<![CDATA[  [webkit] › graph-interactions.spec.ts:316:7 › Graph Interactions › should handle hover interactions 

    Error: browserType.launch: Executable doesn't exist at /Users/marklewis/Library/Caches/ms-playwright/webkit-2191/pw_run.sh
    ╔═════════════════════════════════════════════════════════════════════════╗
    ║ Looks like Playwright Test or Playwright was just installed or updated. ║
    ║ Please run the following command to download new browsers:              ║
    ║                                                                         ║
    ║     npx playwright install                                              ║
    ║                                                                         ║
    ║ <3 Playwright Team                                                      ║
    ╚═════════════════════════════════════════════════════════════════════════╝
]]>
</failure>
</testcase>
<testcase name="Graph Interactions › should handle touch interactions on touch devices" classname="graph-interactions.spec.ts" time="0.001">
<failure message="graph-interactions.spec.ts:342:7 should handle touch interactions on touch devices" type="FAILURE">
<![CDATA[  [webkit] › graph-interactions.spec.ts:342:7 › Graph Interactions › should handle touch interactions on touch devices 

    Error: browserType.launch: Executable doesn't exist at /Users/marklewis/Library/Caches/ms-playwright/webkit-2191/pw_run.sh
    ╔═════════════════════════════════════════════════════════════════════════╗
    ║ Looks like Playwright Test or Playwright was just installed or updated. ║
    ║ Please run the following command to download new browsers:              ║
    ║                                                                         ║
    ║     npx playwright install                                              ║
    ║                                                                         ║
    ║ <3 Playwright Team                                                      ║
    ╚═════════════════════════════════════════════════════════════════════════╝
]]>
</failure>
</testcase>
</testsuite>
<testsuite name="node-creation-edges.spec.ts" timestamp="2025-08-24T08:06:44.390Z" hostname="webkit" tests="7" failures="7" skipped="0" time="0.008" errors="0">
<testcase name="Node Creation and Edge Relationships › should create nodes via graph-operations edge function" classname="node-creation-edges.spec.ts" time="0.001">
<failure message="node-creation-edges.spec.ts:10:7 should create nodes via graph-operations edge function" type="FAILURE">
<![CDATA[  [webkit] › node-creation-edges.spec.ts:10:7 › Node Creation and Edge Relationships › should create nodes via graph-operations edge function 

    Error: browserType.launch: Executable doesn't exist at /Users/marklewis/Library/Caches/ms-playwright/webkit-2191/pw_run.sh
    ╔═════════════════════════════════════════════════════════════════════════╗
    ║ Looks like Playwright Test or Playwright was just installed or updated. ║
    ║ Please run the following command to download new browsers:              ║
    ║                                                                         ║
    ║     npx playwright install                                              ║
    ║                                                                         ║
    ║ <3 Playwright Team                                                      ║
    ╚═════════════════════════════════════════════════════════════════════════╝
]]>
</failure>
</testcase>
<testcase name="Node Creation and Edge Relationships › should create different types of nodes" classname="node-creation-edges.spec.ts" time="0.001">
<failure message="node-creation-edges.spec.ts:65:7 should create different types of nodes" type="FAILURE">
<![CDATA[  [webkit] › node-creation-edges.spec.ts:65:7 › Node Creation and Edge Relationships › should create different types of nodes 

    Error: browserType.launch: Executable doesn't exist at /Users/marklewis/Library/Caches/ms-playwright/webkit-2191/pw_run.sh
    ╔═════════════════════════════════════════════════════════════════════════╗
    ║ Looks like Playwright Test or Playwright was just installed or updated. ║
    ║ Please run the following command to download new browsers:              ║
    ║                                                                         ║
    ║     npx playwright install                                              ║
    ║                                                                         ║
    ║ <3 Playwright Team                                                      ║
    ╚═════════════════════════════════════════════════════════════════════════╝
]]>
</failure>
</testcase>
<testcase name="Node Creation and Edge Relationships › should create edges between nodes" classname="node-creation-edges.spec.ts" time="0.001">
<failure message="node-creation-edges.spec.ts:116:7 should create edges between nodes" type="FAILURE">
<![CDATA[  [webkit] › node-creation-edges.spec.ts:116:7 › Node Creation and Edge Relationships › should create edges between nodes 

    Error: browserType.launch: Executable doesn't exist at /Users/marklewis/Library/Caches/ms-playwright/webkit-2191/pw_run.sh
    ╔═════════════════════════════════════════════════════════════════════════╗
    ║ Looks like Playwright Test or Playwright was just installed or updated. ║
    ║ Please run the following command to download new browsers:              ║
    ║                                                                         ║
    ║     npx playwright install                                              ║
    ║                                                                         ║
    ║ <3 Playwright Team                                                      ║
    ╚═════════════════════════════════════════════════════════════════════════╝
]]>
</failure>
</testcase>
<testcase name="Node Creation and Edge Relationships › should delete nodes and clean up edges" classname="node-creation-edges.spec.ts" time="0.001">
<failure message="node-creation-edges.spec.ts:190:7 should delete nodes and clean up edges" type="FAILURE">
<![CDATA[  [webkit] › node-creation-edges.spec.ts:190:7 › Node Creation and Edge Relationships › should delete nodes and clean up edges 

    Error: browserType.launch: Executable doesn't exist at /Users/marklewis/Library/Caches/ms-playwright/webkit-2191/pw_run.sh
    ╔═════════════════════════════════════════════════════════════════════════╗
    ║ Looks like Playwright Test or Playwright was just installed or updated. ║
    ║ Please run the following command to download new browsers:              ║
    ║                                                                         ║
    ║     npx playwright install                                              ║
    ║                                                                         ║
    ║ <3 Playwright Team                                                      ║
    ╚═════════════════════════════════════════════════════════════════════════╝
]]>
</failure>
</testcase>
<testcase name="Node Creation and Edge Relationships › should update node status from draft to curated" classname="node-creation-edges.spec.ts" time="0.001">
<failure message="node-creation-edges.spec.ts:257:7 should update node status from draft to curated" type="FAILURE">
<![CDATA[  [webkit] › node-creation-edges.spec.ts:257:7 › Node Creation and Edge Relationships › should update node status from draft to curated 

    Error: browserType.launch: Executable doesn't exist at /Users/marklewis/Library/Caches/ms-playwright/webkit-2191/pw_run.sh
    ╔═════════════════════════════════════════════════════════════════════════╗
    ║ Looks like Playwright Test or Playwright was just installed or updated. ║
    ║ Please run the following command to download new browsers:              ║
    ║                                                                         ║
    ║     npx playwright install                                              ║
    ║                                                                         ║
    ║ <3 Playwright Team                                                      ║
    ╚═════════════════════════════════════════════════════════════════════════╝
]]>
</failure>
</testcase>
<testcase name="Node Creation and Edge Relationships › should handle edge creation validation" classname="node-creation-edges.spec.ts" time="0.001">
<failure message="node-creation-edges.spec.ts:300:7 should handle edge creation validation" type="FAILURE">
<![CDATA[  [webkit] › node-creation-edges.spec.ts:300:7 › Node Creation and Edge Relationships › should handle edge creation validation 

    Error: browserType.launch: Executable doesn't exist at /Users/marklewis/Library/Caches/ms-playwright/webkit-2191/pw_run.sh
    ╔═════════════════════════════════════════════════════════════════════════╗
    ║ Looks like Playwright Test or Playwright was just installed or updated. ║
    ║ Please run the following command to download new browsers:              ║
    ║                                                                         ║
    ║     npx playwright install                                              ║
    ║                                                                         ║
    ║ <3 Playwright Team                                                      ║
    ╚═════════════════════════════════════════════════════════════════════════╝
]]>
</failure>
</testcase>
<testcase name="Node Creation and Edge Relationships › should handle concurrent node creation" classname="node-creation-edges.spec.ts" time="0.002">
<failure message="node-creation-edges.spec.ts:331:7 should handle concurrent node creation" type="FAILURE">
<![CDATA[  [webkit] › node-creation-edges.spec.ts:331:7 › Node Creation and Edge Relationships › should handle concurrent node creation 

    Error: browserType.launch: Executable doesn't exist at /Users/marklewis/Library/Caches/ms-playwright/webkit-2191/pw_run.sh
    ╔═════════════════════════════════════════════════════════════════════════╗
    ║ Looks like Playwright Test or Playwright was just installed or updated. ║
    ║ Please run the following command to download new browsers:              ║
    ║                                                                         ║
    ║     npx playwright install                                              ║
    ║                                                                         ║
    ║ <3 Playwright Team                                                      ║
    ╚═════════════════════════════════════════════════════════════════════════╝
]]>
</failure>
</testcase>
</testsuite>
<testsuite name="realtime-updates.spec.ts" timestamp="2025-08-24T08:06:44.390Z" hostname="webkit" tests="8" failures="8" skipped="0" time="0.01" errors="0">
<testcase name="Real-time Updates › should receive real-time node creation updates" classname="realtime-updates.spec.ts" time="0.002">
<failure message="realtime-updates.spec.ts:10:7 should receive real-time node creation updates" type="FAILURE">
<![CDATA[  [webkit] › realtime-updates.spec.ts:10:7 › Real-time Updates › should receive real-time node creation updates 

    Error: browserType.launch: Executable doesn't exist at /Users/marklewis/Library/Caches/ms-playwright/webkit-2191/pw_run.sh
    ╔═════════════════════════════════════════════════════════════════════════╗
    ║ Looks like Playwright Test or Playwright was just installed or updated. ║
    ║ Please run the following command to download new browsers:              ║
    ║                                                                         ║
    ║     npx playwright install                                              ║
    ║                                                                         ║
    ║ <3 Playwright Team                                                      ║
    ╚═════════════════════════════════════════════════════════════════════════╝
]]>
</failure>
</testcase>
<testcase name="Real-time Updates › should receive real-time node update notifications" classname="realtime-updates.spec.ts" time="0.001">
<failure message="realtime-updates.spec.ts:49:7 should receive real-time node update notifications" type="FAILURE">
<![CDATA[  [webkit] › realtime-updates.spec.ts:49:7 › Real-time Updates › should receive real-time node update notifications 

    Error: browserType.launch: Executable doesn't exist at /Users/marklewis/Library/Caches/ms-playwright/webkit-2191/pw_run.sh
    ╔═════════════════════════════════════════════════════════════════════════╗
    ║ Looks like Playwright Test or Playwright was just installed or updated. ║
    ║ Please run the following command to download new browsers:              ║
    ║                                                                         ║
    ║     npx playwright install                                              ║
    ║                                                                         ║
    ║ <3 Playwright Team                                                      ║
    ╚═════════════════════════════════════════════════════════════════════════╝
]]>
</failure>
</testcase>
<testcase name="Real-time Updates › should receive real-time edge creation updates" classname="realtime-updates.spec.ts" time="0.001">
<failure message="realtime-updates.spec.ts:113:7 should receive real-time edge creation updates" type="FAILURE">
<![CDATA[  [webkit] › realtime-updates.spec.ts:113:7 › Real-time Updates › should receive real-time edge creation updates 

    Error: browserType.launch: Executable doesn't exist at /Users/marklewis/Library/Caches/ms-playwright/webkit-2191/pw_run.sh
    ╔═════════════════════════════════════════════════════════════════════════╗
    ║ Looks like Playwright Test or Playwright was just installed or updated. ║
    ║ Please run the following command to download new browsers:              ║
    ║                                                                         ║
    ║     npx playwright install                                              ║
    ║                                                                         ║
    ║ <3 Playwright Team                                                      ║
    ╚═════════════════════════════════════════════════════════════════════════╝
]]>
</failure>
</testcase>
<testcase name="Real-time Updates › should handle multiple concurrent real-time updates" classname="realtime-updates.spec.ts" time="0.002">
<failure message="realtime-updates.spec.ts:157:7 should handle multiple concurrent real-time updates" type="FAILURE">
<![CDATA[  [webkit] › realtime-updates.spec.ts:157:7 › Real-time Updates › should handle multiple concurrent real-time updates 

    Error: browserType.launch: Executable doesn't exist at /Users/marklewis/Library/Caches/ms-playwright/webkit-2191/pw_run.sh
    ╔═════════════════════════════════════════════════════════════════════════╗
    ║ Looks like Playwright Test or Playwright was just installed or updated. ║
    ║ Please run the following command to download new browsers:              ║
    ║                                                                         ║
    ║     npx playwright install                                              ║
    ║                                                                         ║
    ║ <3 Playwright Team                                                      ║
    ╚═════════════════════════════════════════════════════════════════════════╝
]]>
</failure>
</testcase>
<testcase name="Real-time Updates › should handle real-time node deletion updates" classname="realtime-updates.spec.ts" time="0.001">
<failure message="realtime-updates.spec.ts:204:7 should handle real-time node deletion updates" type="FAILURE">
<![CDATA[  [webkit] › realtime-updates.spec.ts:204:7 › Real-time Updates › should handle real-time node deletion updates 

    Error: browserType.launch: Executable doesn't exist at /Users/marklewis/Library/Caches/ms-playwright/webkit-2191/pw_run.sh
    ╔═════════════════════════════════════════════════════════════════════════╗
    ║ Looks like Playwright Test or Playwright was just installed or updated. ║
    ║ Please run the following command to download new browsers:              ║
    ║                                                                         ║
    ║     npx playwright install                                              ║
    ║                                                                         ║
    ║ <3 Playwright Team                                                      ║
    ╚═════════════════════════════════════════════════════════════════════════╝
]]>
</failure>
</testcase>
<testcase name="Real-time Updates › should maintain real-time connection after network interruption" classname="realtime-updates.spec.ts" time="0.001">
<failure message="realtime-updates.spec.ts:248:7 should maintain real-time connection after network interruption" type="FAILURE">
<![CDATA[  [webkit] › realtime-updates.spec.ts:248:7 › Real-time Updates › should maintain real-time connection after network interruption 

    Error: browserType.launch: Executable doesn't exist at /Users/marklewis/Library/Caches/ms-playwright/webkit-2191/pw_run.sh
    ╔═════════════════════════════════════════════════════════════════════════╗
    ║ Looks like Playwright Test or Playwright was just installed or updated. ║
    ║ Please run the following command to download new browsers:              ║
    ║                                                                         ║
    ║     npx playwright install                                              ║
    ║                                                                         ║
    ║ <3 Playwright Team                                                      ║
    ╚═════════════════════════════════════════════════════════════════════════╝
]]>
</failure>
</testcase>
<testcase name="Real-time Updates › should filter real-time updates based on user permissions" classname="realtime-updates.spec.ts" time="0.001">
<failure message="realtime-updates.spec.ts:277:7 should filter real-time updates based on user permissions" type="FAILURE">
<![CDATA[  [webkit] › realtime-updates.spec.ts:277:7 › Real-time Updates › should filter real-time updates based on user permissions 

    Error: browserType.launch: Executable doesn't exist at /Users/marklewis/Library/Caches/ms-playwright/webkit-2191/pw_run.sh
    ╔═════════════════════════════════════════════════════════════════════════╗
    ║ Looks like Playwright Test or Playwright was just installed or updated. ║
    ║ Please run the following command to download new browsers:              ║
    ║                                                                         ║
    ║     npx playwright install                                              ║
    ║                                                                         ║
    ║ <3 Playwright Team                                                      ║
    ╚═════════════════════════════════════════════════════════════════════════╝
]]>
</failure>
</testcase>
<testcase name="Real-time Updates › should handle real-time subscription cleanup on page navigation" classname="realtime-updates.spec.ts" time="0.001">
<failure message="realtime-updates.spec.ts:323:7 should handle real-time subscription cleanup on page navigation" type="FAILURE">
<![CDATA[  [webkit] › realtime-updates.spec.ts:323:7 › Real-time Updates › should handle real-time subscription cleanup on page navigation 

    Error: browserType.launch: Executable doesn't exist at /Users/marklewis/Library/Caches/ms-playwright/webkit-2191/pw_run.sh
    ╔═════════════════════════════════════════════════════════════════════════╗
    ║ Looks like Playwright Test or Playwright was just installed or updated. ║
    ║ Please run the following command to download new browsers:              ║
    ║                                                                         ║
    ║     npx playwright install                                              ║
    ║                                                                         ║
    ║ <3 Playwright Team                                                      ║
    ╚═════════════════════════════════════════════════════════════════════════╝
]]>
</failure>
</testcase>
</testsuite>
<testsuite name="responsive-accessibility.spec.ts" timestamp="2025-08-24T08:06:44.390Z" hostname="webkit" tests="15" failures="15" skipped="0" time="0.015" errors="0">
<testcase name="Responsive Design › should adapt to mobile viewport (iPhone)" classname="responsive-accessibility.spec.ts" time="0.001">
<failure message="responsive-accessibility.spec.ts:10:7 should adapt to mobile viewport (iPhone)" type="FAILURE">
<![CDATA[  [webkit] › responsive-accessibility.spec.ts:10:7 › Responsive Design › should adapt to mobile viewport (iPhone) 

    Error: browserType.launch: Executable doesn't exist at /Users/marklewis/Library/Caches/ms-playwright/webkit-2191/pw_run.sh
    ╔═════════════════════════════════════════════════════════════════════════╗
    ║ Looks like Playwright Test or Playwright was just installed or updated. ║
    ║ Please run the following command to download new browsers:              ║
    ║                                                                         ║
    ║     npx playwright install                                              ║
    ║                                                                         ║
    ║ <3 Playwright Team                                                      ║
    ╚═════════════════════════════════════════════════════════════════════════╝
]]>
</failure>
</testcase>
<testcase name="Responsive Design › should adapt to tablet viewport (iPad)" classname="responsive-accessibility.spec.ts" time="0.001">
<failure message="responsive-accessibility.spec.ts:29:7 should adapt to tablet viewport (iPad)" type="FAILURE">
<![CDATA[  [webkit] › responsive-accessibility.spec.ts:29:7 › Responsive Design › should adapt to tablet viewport (iPad) 

    Error: browserType.launch: Executable doesn't exist at /Users/marklewis/Library/Caches/ms-playwright/webkit-2191/pw_run.sh
    ╔═════════════════════════════════════════════════════════════════════════╗
    ║ Looks like Playwright Test or Playwright was just installed or updated. ║
    ║ Please run the following command to download new browsers:              ║
    ║                                                                         ║
    ║     npx playwright install                                              ║
    ║                                                                         ║
    ║ <3 Playwright Team                                                      ║
    ╚═════════════════════════════════════════════════════════════════════════╝
]]>
</failure>
</testcase>
<testcase name="Responsive Design › should handle landscape orientation on mobile" classname="responsive-accessibility.spec.ts" time="0.001">
<failure message="responsive-accessibility.spec.ts:54:7 should handle landscape orientation on mobile" type="FAILURE">
<![CDATA[  [webkit] › responsive-accessibility.spec.ts:54:7 › Responsive Design › should handle landscape orientation on mobile 

    Error: browserType.launch: Executable doesn't exist at /Users/marklewis/Library/Caches/ms-playwright/webkit-2191/pw_run.sh
    ╔═════════════════════════════════════════════════════════════════════════╗
    ║ Looks like Playwright Test or Playwright was just installed or updated. ║
    ║ Please run the following command to download new browsers:              ║
    ║                                                                         ║
    ║     npx playwright install                                              ║
    ║                                                                         ║
    ║ <3 Playwright Team                                                      ║
    ╚═════════════════════════════════════════════════════════════════════════╝
]]>
</failure>
</testcase>
<testcase name="Responsive Design › should handle touch gestures on mobile" classname="responsive-accessibility.spec.ts" time="0.001">
<failure message="responsive-accessibility.spec.ts:69:7 should handle touch gestures on mobile" type="FAILURE">
<![CDATA[  [webkit] › responsive-accessibility.spec.ts:69:7 › Responsive Design › should handle touch gestures on mobile 

    Error: browserType.launch: Executable doesn't exist at /Users/marklewis/Library/Caches/ms-playwright/webkit-2191/pw_run.sh
    ╔═════════════════════════════════════════════════════════════════════════╗
    ║ Looks like Playwright Test or Playwright was just installed or updated. ║
    ║ Please run the following command to download new browsers:              ║
    ║                                                                         ║
    ║     npx playwright install                                              ║
    ║                                                                         ║
    ║ <3 Playwright Team                                                      ║
    ╚═════════════════════════════════════════════════════════════════════════╝
]]>
</failure>
</testcase>
<testcase name="Responsive Design › should handle pinch-to-zoom on touch devices" classname="responsive-accessibility.spec.ts" time="0.001">
<failure message="responsive-accessibility.spec.ts:98:7 should handle pinch-to-zoom on touch devices" type="FAILURE">
<![CDATA[  [webkit] › responsive-accessibility.spec.ts:98:7 › Responsive Design › should handle pinch-to-zoom on touch devices 

    Error: browserType.launch: Executable doesn't exist at /Users/marklewis/Library/Caches/ms-playwright/webkit-2191/pw_run.sh
    ╔═════════════════════════════════════════════════════════════════════════╗
    ║ Looks like Playwright Test or Playwright was just installed or updated. ║
    ║ Please run the following command to download new browsers:              ║
    ║                                                                         ║
    ║     npx playwright install                                              ║
    ║                                                                         ║
    ║ <3 Playwright Team                                                      ║
    ╚═════════════════════════════════════════════════════════════════════════╝
]]>
</failure>
</testcase>
<testcase name="Responsive Design › should show appropriate UI controls on different screen sizes" classname="responsive-accessibility.spec.ts" time="0.001">
<failure message="responsive-accessibility.spec.ts:126:7 should show appropriate UI controls on different screen sizes" type="FAILURE">
<![CDATA[  [webkit] › responsive-accessibility.spec.ts:126:7 › Responsive Design › should show appropriate UI controls on different screen sizes 

    Error: browserType.launch: Executable doesn't exist at /Users/marklewis/Library/Caches/ms-playwright/webkit-2191/pw_run.sh
    ╔═════════════════════════════════════════════════════════════════════════╗
    ║ Looks like Playwright Test or Playwright was just installed or updated. ║
    ║ Please run the following command to download new browsers:              ║
    ║                                                                         ║
    ║     npx playwright install                                              ║
    ║                                                                         ║
    ║ <3 Playwright Team                                                      ║
    ╚═════════════════════════════════════════════════════════════════════════╝
]]>
</failure>
</testcase>
<testcase name="Accessibility (WCAG Compliance) › should have proper ARIA labels and roles" classname="responsive-accessibility.spec.ts" time="0.001">
<failure message="responsive-accessibility.spec.ts:161:7 should have proper ARIA labels and roles" type="FAILURE">
<![CDATA[  [webkit] › responsive-accessibility.spec.ts:161:7 › Accessibility (WCAG Compliance) › should have proper ARIA labels and roles 

    Error: browserType.launch: Executable doesn't exist at /Users/marklewis/Library/Caches/ms-playwright/webkit-2191/pw_run.sh
    ╔═════════════════════════════════════════════════════════════════════════╗
    ║ Looks like Playwright Test or Playwright was just installed or updated. ║
    ║ Please run the following command to download new browsers:              ║
    ║                                                                         ║
    ║     npx playwright install                                              ║
    ║                                                                         ║
    ║ <3 Playwright Team                                                      ║
    ╚═════════════════════════════════════════════════════════════════════════╝
]]>
</failure>
</testcase>
<testcase name="Accessibility (WCAG Compliance) › should support keyboard navigation" classname="responsive-accessibility.spec.ts" time="0.001">
<failure message="responsive-accessibility.spec.ts:188:7 should support keyboard navigation" type="FAILURE">
<![CDATA[  [webkit] › responsive-accessibility.spec.ts:188:7 › Accessibility (WCAG Compliance) › should support keyboard navigation 

    Error: browserType.launch: Executable doesn't exist at /Users/marklewis/Library/Caches/ms-playwright/webkit-2191/pw_run.sh
    ╔═════════════════════════════════════════════════════════════════════════╗
    ║ Looks like Playwright Test or Playwright was just installed or updated. ║
    ║ Please run the following command to download new browsers:              ║
    ║                                                                         ║
    ║     npx playwright install                                              ║
    ║                                                                         ║
    ║ <3 Playwright Team                                                      ║
    ╚═════════════════════════════════════════════════════════════════════════╝
]]>
</failure>
</testcase>
<testcase name="Accessibility (WCAG Compliance) › should support screen reader announcements" classname="responsive-accessibility.spec.ts" time="0.001">
<failure message="responsive-accessibility.spec.ts:213:7 should support screen reader announcements" type="FAILURE">
<![CDATA[  [webkit] › responsive-accessibility.spec.ts:213:7 › Accessibility (WCAG Compliance) › should support screen reader announcements 

    Error: browserType.launch: Executable doesn't exist at /Users/marklewis/Library/Caches/ms-playwright/webkit-2191/pw_run.sh
    ╔═════════════════════════════════════════════════════════════════════════╗
    ║ Looks like Playwright Test or Playwright was just installed or updated. ║
    ║ Please run the following command to download new browsers:              ║
    ║                                                                         ║
    ║     npx playwright install                                              ║
    ║                                                                         ║
    ║ <3 Playwright Team                                                      ║
    ╚═════════════════════════════════════════════════════════════════════════╝
]]>
</failure>
</testcase>
<testcase name="Accessibility (WCAG Compliance) › should have sufficient color contrast" classname="responsive-accessibility.spec.ts" time="0.001">
<failure message="responsive-accessibility.spec.ts:240:7 should have sufficient color contrast" type="FAILURE">
<![CDATA[  [webkit] › responsive-accessibility.spec.ts:240:7 › Accessibility (WCAG Compliance) › should have sufficient color contrast 

    Error: browserType.launch: Executable doesn't exist at /Users/marklewis/Library/Caches/ms-playwright/webkit-2191/pw_run.sh
    ╔═════════════════════════════════════════════════════════════════════════╗
    ║ Looks like Playwright Test or Playwright was just installed or updated. ║
    ║ Please run the following command to download new browsers:              ║
    ║                                                                         ║
    ║     npx playwright install                                              ║
    ║                                                                         ║
    ║ <3 Playwright Team                                                      ║
    ╚═════════════════════════════════════════════════════════════════════════╝
]]>
</failure>
</testcase>
<testcase name="Accessibility (WCAG Compliance) › should support reduced motion preferences" classname="responsive-accessibility.spec.ts" time="0.001">
<failure message="responsive-accessibility.spec.ts:273:7 should support reduced motion preferences" type="FAILURE">
<![CDATA[  [webkit] › responsive-accessibility.spec.ts:273:7 › Accessibility (WCAG Compliance) › should support reduced motion preferences 

    Error: browserType.launch: Executable doesn't exist at /Users/marklewis/Library/Caches/ms-playwright/webkit-2191/pw_run.sh
    ╔═════════════════════════════════════════════════════════════════════════╗
    ║ Looks like Playwright Test or Playwright was just installed or updated. ║
    ║ Please run the following command to download new browsers:              ║
    ║                                                                         ║
    ║     npx playwright install                                              ║
    ║                                                                         ║
    ║ <3 Playwright Team                                                      ║
    ╚═════════════════════════════════════════════════════════════════════════╝
]]>
</failure>
</testcase>
<testcase name="Accessibility (WCAG Compliance) › should provide alternative text for visual elements" classname="responsive-accessibility.spec.ts" time="0.001">
<failure message="responsive-accessibility.spec.ts:297:7 should provide alternative text for visual elements" type="FAILURE">
<![CDATA[  [webkit] › responsive-accessibility.spec.ts:297:7 › Accessibility (WCAG Compliance) › should provide alternative text for visual elements 

    Error: browserType.launch: Executable doesn't exist at /Users/marklewis/Library/Caches/ms-playwright/webkit-2191/pw_run.sh
    ╔═════════════════════════════════════════════════════════════════════════╗
    ║ Looks like Playwright Test or Playwright was just installed or updated. ║
    ║ Please run the following command to download new browsers:              ║
    ║                                                                         ║
    ║     npx playwright install                                              ║
    ║                                                                         ║
    ║ <3 Playwright Team                                                      ║
    ╚═════════════════════════════════════════════════════════════════════════╝
]]>
</failure>
</testcase>
<testcase name="Accessibility (WCAG Compliance) › should handle focus management properly" classname="responsive-accessibility.spec.ts" time="0.001">
<failure message="responsive-accessibility.spec.ts:323:7 should handle focus management properly" type="FAILURE">
<![CDATA[  [webkit] › responsive-accessibility.spec.ts:323:7 › Accessibility (WCAG Compliance) › should handle focus management properly 

    Error: browserType.launch: Executable doesn't exist at /Users/marklewis/Library/Caches/ms-playwright/webkit-2191/pw_run.sh
    ╔═════════════════════════════════════════════════════════════════════════╗
    ║ Looks like Playwright Test or Playwright was just installed or updated. ║
    ║ Please run the following command to download new browsers:              ║
    ║                                                                         ║
    ║     npx playwright install                                              ║
    ║                                                                         ║
    ║ <3 Playwright Team                                                      ║
    ╚═════════════════════════════════════════════════════════════════════════╝
]]>
</failure>
</testcase>
<testcase name="Accessibility (WCAG Compliance) › should provide meaningful error messages" classname="responsive-accessibility.spec.ts" time="0.001">
<failure message="responsive-accessibility.spec.ts:351:7 should provide meaningful error messages" type="FAILURE">
<![CDATA[  [webkit] › responsive-accessibility.spec.ts:351:7 › Accessibility (WCAG Compliance) › should provide meaningful error messages 

    Error: browserType.launch: Executable doesn't exist at /Users/marklewis/Library/Caches/ms-playwright/webkit-2191/pw_run.sh
    ╔═════════════════════════════════════════════════════════════════════════╗
    ║ Looks like Playwright Test or Playwright was just installed or updated. ║
    ║ Please run the following command to download new browsers:              ║
    ║                                                                         ║
    ║     npx playwright install                                              ║
    ║                                                                         ║
    ║ <3 Playwright Team                                                      ║
    ╚═════════════════════════════════════════════════════════════════════════╝
]]>
</failure>
</testcase>
<testcase name="Accessibility (WCAG Compliance) › should support zoom up to 200% without breaking layout" classname="responsive-accessibility.spec.ts" time="0.001">
<failure message="responsive-accessibility.spec.ts:378:7 should support zoom up to 200% without breaking layout" type="FAILURE">
<![CDATA[  [webkit] › responsive-accessibility.spec.ts:378:7 › Accessibility (WCAG Compliance) › should support zoom up to 200% without breaking layout 

    Error: browserType.launch: Executable doesn't exist at /Users/marklewis/Library/Caches/ms-playwright/webkit-2191/pw_run.sh
    ╔═════════════════════════════════════════════════════════════════════════╗
    ║ Looks like Playwright Test or Playwright was just installed or updated. ║
    ║ Please run the following command to download new browsers:              ║
    ║                                                                         ║
    ║     npx playwright install                                              ║
    ║                                                                         ║
    ║ <3 Playwright Team                                                      ║
    ╚═════════════════════════════════════════════════════════════════════════╝
]]>
</failure>
</testcase>
</testsuite>
<testsuite name="rls-security.spec.ts" timestamp="2025-08-24T08:06:44.390Z" hostname="webkit" tests="10" failures="10" skipped="0" time="0.011" errors="0">
<testcase name="Row Level Security (RLS) Policies › should only show user-specific data in graph" classname="rls-security.spec.ts" time="0.001">
<failure message="rls-security.spec.ts:6:7 should only show user-specific data in graph" type="FAILURE">
<![CDATA[  [webkit] › rls-security.spec.ts:6:7 › Row Level Security (RLS) Policies › should only show user-specific data in graph 

    Error: browserType.launch: Executable doesn't exist at /Users/marklewis/Library/Caches/ms-playwright/webkit-2191/pw_run.sh
    ╔═════════════════════════════════════════════════════════════════════════╗
    ║ Looks like Playwright Test or Playwright was just installed or updated. ║
    ║ Please run the following command to download new browsers:              ║
    ║                                                                         ║
    ║     npx playwright install                                              ║
    ║                                                                         ║
    ║ <3 Playwright Team                                                      ║
    ╚═════════════════════════════════════════════════════════════════════════╝
]]>
</failure>
</testcase>
<testcase name="Row Level Security (RLS) Policies › should prevent unauthorized node access via API" classname="rls-security.spec.ts" time="0.001">
<failure message="rls-security.spec.ts:37:7 should prevent unauthorized node access via API" type="FAILURE">
<![CDATA[  [webkit] › rls-security.spec.ts:37:7 › Row Level Security (RLS) Policies › should prevent unauthorized node access via API 

    Error: browserType.launch: Executable doesn't exist at /Users/marklewis/Library/Caches/ms-playwright/webkit-2191/pw_run.sh
    ╔═════════════════════════════════════════════════════════════════════════╗
    ║ Looks like Playwright Test or Playwright was just installed or updated. ║
    ║ Please run the following command to download new browsers:              ║
    ║                                                                         ║
    ║     npx playwright install                                              ║
    ║                                                                         ║
    ║ <3 Playwright Team                                                      ║
    ╚═════════════════════════════════════════════════════════════════════════╝
]]>
</failure>
</testcase>
<testcase name="Row Level Security (RLS) Policies › should prevent cross-user edge creation" classname="rls-security.spec.ts" time="0.002">
<failure message="rls-security.spec.ts:76:7 should prevent cross-user edge creation" type="FAILURE">
<![CDATA[  [webkit] › rls-security.spec.ts:76:7 › Row Level Security (RLS) Policies › should prevent cross-user edge creation 

    Error: browserType.launch: Executable doesn't exist at /Users/marklewis/Library/Caches/ms-playwright/webkit-2191/pw_run.sh
    ╔═════════════════════════════════════════════════════════════════════════╗
    ║ Looks like Playwright Test or Playwright was just installed or updated. ║
    ║ Please run the following command to download new browsers:              ║
    ║                                                                         ║
    ║     npx playwright install                                              ║
    ║                                                                         ║
    ║ <3 Playwright Team                                                      ║
    ╚═════════════════════════════════════════════════════════════════════════╝
]]>
</failure>
</testcase>
<testcase name="Row Level Security (RLS) Policies › should handle unauthenticated requests properly" classname="rls-security.spec.ts" time="0.001">
<failure message="rls-security.spec.ts:119:7 should handle unauthenticated requests properly" type="FAILURE">
<![CDATA[  [webkit] › rls-security.spec.ts:119:7 › Row Level Security (RLS) Policies › should handle unauthenticated requests properly 

    Error: browserType.launch: Executable doesn't exist at /Users/marklewis/Library/Caches/ms-playwright/webkit-2191/pw_run.sh
    ╔═════════════════════════════════════════════════════════════════════════╗
    ║ Looks like Playwright Test or Playwright was just installed or updated. ║
    ║ Please run the following command to download new browsers:              ║
    ║                                                                         ║
    ║     npx playwright install                                              ║
    ║                                                                         ║
    ║ <3 Playwright Team                                                      ║
    ╚═════════════════════════════════════════════════════════════════════════╝
]]>
</failure>
</testcase>
<testcase name="Row Level Security (RLS) Policies › should prevent node deletion by unauthorized users" classname="rls-security.spec.ts" time="0.001">
<failure message="rls-security.spec.ts:138:7 should prevent node deletion by unauthorized users" type="FAILURE">
<![CDATA[  [webkit] › rls-security.spec.ts:138:7 › Row Level Security (RLS) Policies › should prevent node deletion by unauthorized users 

    Error: browserType.launch: Executable doesn't exist at /Users/marklewis/Library/Caches/ms-playwright/webkit-2191/pw_run.sh
    ╔═════════════════════════════════════════════════════════════════════════╗
    ║ Looks like Playwright Test or Playwright was just installed or updated. ║
    ║ Please run the following command to download new browsers:              ║
    ║                                                                         ║
    ║     npx playwright install                                              ║
    ║                                                                         ║
    ║ <3 Playwright Team                                                      ║
    ╚═════════════════════════════════════════════════════════════════════════╝
]]>
</failure>
</testcase>
<testcase name="Row Level Security (RLS) Policies › should handle expired authentication tokens" classname="rls-security.spec.ts" time="0.001">
<failure message="rls-security.spec.ts:193:7 should handle expired authentication tokens" type="FAILURE">
<![CDATA[  [webkit] › rls-security.spec.ts:193:7 › Row Level Security (RLS) Policies › should handle expired authentication tokens 

    Error: browserType.launch: Executable doesn't exist at /Users/marklewis/Library/Caches/ms-playwright/webkit-2191/pw_run.sh
    ╔═════════════════════════════════════════════════════════════════════════╗
    ║ Looks like Playwright Test or Playwright was just installed or updated. ║
    ║ Please run the following command to download new browsers:              ║
    ║                                                                         ║
    ║     npx playwright install                                              ║
    ║                                                                         ║
    ║ <3 Playwright Team                                                      ║
    ╚═════════════════════════════════════════════════════════════════════════╝
]]>
</failure>
</testcase>
<testcase name="Row Level Security (RLS) Policies › should enforce user isolation in real-time subscriptions" classname="rls-security.spec.ts" time="0.001">
<failure message="rls-security.spec.ts:217:7 should enforce user isolation in real-time subscriptions" type="FAILURE">
<![CDATA[  [webkit] › rls-security.spec.ts:217:7 › Row Level Security (RLS) Policies › should enforce user isolation in real-time subscriptions 

    Error: browserType.launch: Executable doesn't exist at /Users/marklewis/Library/Caches/ms-playwright/webkit-2191/pw_run.sh
    ╔═════════════════════════════════════════════════════════════════════════╗
    ║ Looks like Playwright Test or Playwright was just installed or updated. ║
    ║ Please run the following command to download new browsers:              ║
    ║                                                                         ║
    ║     npx playwright install                                              ║
    ║                                                                         ║
    ║ <3 Playwright Team                                                      ║
    ╚═════════════════════════════════════════════════════════════════════════╝
]]>
</failure>
</testcase>
<testcase name="Row Level Security (RLS) Policies › should validate user ownership in embedding operations" classname="rls-security.spec.ts" time="0.001">
<failure message="rls-security.spec.ts:257:7 should validate user ownership in embedding operations" type="FAILURE">
<![CDATA[  [webkit] › rls-security.spec.ts:257:7 › Row Level Security (RLS) Policies › should validate user ownership in embedding operations 

    Error: browserType.launch: Executable doesn't exist at /Users/marklewis/Library/Caches/ms-playwright/webkit-2191/pw_run.sh
    ╔═════════════════════════════════════════════════════════════════════════╗
    ║ Looks like Playwright Test or Playwright was just installed or updated. ║
    ║ Please run the following command to download new browsers:              ║
    ║                                                                         ║
    ║     npx playwright install                                              ║
    ║                                                                         ║
    ║ <3 Playwright Team                                                      ║
    ╚═════════════════════════════════════════════════════════════════════════╝
]]>
</failure>
</testcase>
<testcase name="Row Level Security (RLS) Policies › should prevent SQL injection in graph operations" classname="rls-security.spec.ts" time="0.001">
<failure message="rls-security.spec.ts:292:7 should prevent SQL injection in graph operations" type="FAILURE">
<![CDATA[  [webkit] › rls-security.spec.ts:292:7 › Row Level Security (RLS) Policies › should prevent SQL injection in graph operations 

    Error: browserType.launch: Executable doesn't exist at /Users/marklewis/Library/Caches/ms-playwright/webkit-2191/pw_run.sh
    ╔═════════════════════════════════════════════════════════════════════════╗
    ║ Looks like Playwright Test or Playwright was just installed or updated. ║
    ║ Please run the following command to download new browsers:              ║
    ║                                                                         ║
    ║     npx playwright install                                              ║
    ║                                                                         ║
    ║ <3 Playwright Team                                                      ║
    ╚═════════════════════════════════════════════════════════════════════════╝
]]>
</failure>
</testcase>
<testcase name="Row Level Security (RLS) Policies › should handle privilege escalation attempts" classname="rls-security.spec.ts" time="0.001">
<failure message="rls-security.spec.ts:336:7 should handle privilege escalation attempts" type="FAILURE">
<![CDATA[  [webkit] › rls-security.spec.ts:336:7 › Row Level Security (RLS) Policies › should handle privilege escalation attempts 

    Error: browserType.launch: Executable doesn't exist at /Users/marklewis/Library/Caches/ms-playwright/webkit-2191/pw_run.sh
    ╔═════════════════════════════════════════════════════════════════════════╗
    ║ Looks like Playwright Test or Playwright was just installed or updated. ║
    ║ Please run the following command to download new browsers:              ║
    ║                                                                         ║
    ║     npx playwright install                                              ║
    ║                                                                         ║
    ║ <3 Playwright Team                                                      ║
    ╚═════════════════════════════════════════════════════════════════════════╝
]]>
</failure>
</testcase>
</testsuite>
<testsuite name="embedding-generation.spec.ts" timestamp="2025-08-24T08:06:44.390Z" hostname="Mobile Chrome" tests="8" failures="8" skipped="0" time="0.013" errors="0">
<testcase name="Embedding Generation Edge Functions › should generate embeddings for new nodes" classname="embedding-generation.spec.ts" time="0.001">
<failure message="embedding-generation.spec.ts:9:7 should generate embeddings for new nodes" type="FAILURE">
<![CDATA[  [Mobile Chrome] › embedding-generation.spec.ts:9:7 › Embedding Generation Edge Functions › should generate embeddings for new nodes 

    Error: browserType.launch: Executable doesn't exist at /Users/marklewis/Library/Caches/ms-playwright/chromium_headless_shell-1181/chrome-mac/headless_shell
    ╔═════════════════════════════════════════════════════════════════════════╗
    ║ Looks like Playwright Test or Playwright was just installed or updated. ║
    ║ Please run the following command to download new browsers:              ║
    ║                                                                         ║
    ║     npx playwright install                                              ║
    ║                                                                         ║
    ║ <3 Playwright Team                                                      ║
    ╚═════════════════════════════════════════════════════════════════════════╝
]]>
</failure>
</testcase>
<testcase name="Embedding Generation Edge Functions › should handle embedding generation errors gracefully" classname="embedding-generation.spec.ts" time="0.001">
<failure message="embedding-generation.spec.ts:60:7 should handle embedding generation errors gracefully" type="FAILURE">
<![CDATA[  [Mobile Chrome] › embedding-generation.spec.ts:60:7 › Embedding Generation Edge Functions › should handle embedding generation errors gracefully 

    Error: browserType.launch: Executable doesn't exist at /Users/marklewis/Library/Caches/ms-playwright/chromium_headless_shell-1181/chrome-mac/headless_shell
    ╔═════════════════════════════════════════════════════════════════════════╗
    ║ Looks like Playwright Test or Playwright was just installed or updated. ║
    ║ Please run the following command to download new browsers:              ║
    ║                                                                         ║
    ║     npx playwright install                                              ║
    ║                                                                         ║
    ║ <3 Playwright Team                                                      ║
    ╚═════════════════════════════════════════════════════════════════════════╝
]]>
</failure>
</testcase>
<testcase name="Embedding Generation Edge Functions › should update embeddings when node content changes" classname="embedding-generation.spec.ts" time="0.003">
<failure message="embedding-generation.spec.ts:85:7 should update embeddings when node content changes" type="FAILURE">
<![CDATA[  [Mobile Chrome] › embedding-generation.spec.ts:85:7 › Embedding Generation Edge Functions › should update embeddings when node content changes 

    Error: browserType.launch: Executable doesn't exist at /Users/marklewis/Library/Caches/ms-playwright/chromium_headless_shell-1181/chrome-mac/headless_shell
    ╔═════════════════════════════════════════════════════════════════════════╗
    ║ Looks like Playwright Test or Playwright was just installed or updated. ║
    ║ Please run the following command to download new browsers:              ║
    ║                                                                         ║
    ║     npx playwright install                                              ║
    ║                                                                         ║
    ║ <3 Playwright Team                                                      ║
    ╚═════════════════════════════════════════════════════════════════════════╝
]]>
</failure>
</testcase>
<testcase name="Embedding Generation Edge Functions › should handle batch embedding generation" classname="embedding-generation.spec.ts" time="0.001">
<failure message="embedding-generation.spec.ts:154:7 should handle batch embedding generation" type="FAILURE">
<![CDATA[  [Mobile Chrome] › embedding-generation.spec.ts:154:7 › Embedding Generation Edge Functions › should handle batch embedding generation 

    Error: browserType.launch: Executable doesn't exist at /Users/marklewis/Library/Caches/ms-playwright/chromium_headless_shell-1181/chrome-mac/headless_shell
    ╔═════════════════════════════════════════════════════════════════════════╗
    ║ Looks like Playwright Test or Playwright was just installed or updated. ║
    ║ Please run the following command to download new browsers:              ║
    ║                                                                         ║
    ║     npx playwright install                                              ║
    ║                                                                         ║
    ║ <3 Playwright Team                                                      ║
    ╚═════════════════════════════════════════════════════════════════════════╝
]]>
</failure>
</testcase>
<testcase name="Embedding Generation Edge Functions › should use embeddings for similarity search" classname="embedding-generation.spec.ts" time="0.001">
<failure message="embedding-generation.spec.ts:198:7 should use embeddings for similarity search" type="FAILURE">
<![CDATA[  [Mobile Chrome] › embedding-generation.spec.ts:198:7 › Embedding Generation Edge Functions › should use embeddings for similarity search 

    Error: browserType.launch: Executable doesn't exist at /Users/marklewis/Library/Caches/ms-playwright/chromium_headless_shell-1181/chrome-mac/headless_shell
    ╔═════════════════════════════════════════════════════════════════════════╗
    ║ Looks like Playwright Test or Playwright was just installed or updated. ║
    ║ Please run the following command to download new browsers:              ║
    ║                                                                         ║
    ║     npx playwright install                                              ║
    ║                                                                         ║
    ║ <3 Playwright Team                                                      ║
    ╚═════════════════════════════════════════════════════════════════════════╝
]]>
</failure>
</testcase>
<testcase name="Embedding Generation Edge Functions › should handle embedding generation timeout" classname="embedding-generation.spec.ts" time="0.002">
<failure message="embedding-generation.spec.ts:271:7 should handle embedding generation timeout" type="FAILURE">
<![CDATA[  [Mobile Chrome] › embedding-generation.spec.ts:271:7 › Embedding Generation Edge Functions › should handle embedding generation timeout 

    Error: browserType.launch: Executable doesn't exist at /Users/marklewis/Library/Caches/ms-playwright/chromium_headless_shell-1181/chrome-mac/headless_shell
    ╔═════════════════════════════════════════════════════════════════════════╗
    ║ Looks like Playwright Test or Playwright was just installed or updated. ║
    ║ Please run the following command to download new browsers:              ║
    ║                                                                         ║
    ║     npx playwright install                                              ║
    ║                                                                         ║
    ║ <3 Playwright Team                                                      ║
    ╚═════════════════════════════════════════════════════════════════════════╝
]]>
</failure>
</testcase>
<testcase name="Embedding Generation Edge Functions › should validate embedding vector dimensions" classname="embedding-generation.spec.ts" time="0.001">
<failure message="embedding-generation.spec.ts:313:7 should validate embedding vector dimensions" type="FAILURE">
<![CDATA[  [Mobile Chrome] › embedding-generation.spec.ts:313:7 › Embedding Generation Edge Functions › should validate embedding vector dimensions 

    Error: browserType.launch: Executable doesn't exist at /Users/marklewis/Library/Caches/ms-playwright/chromium_headless_shell-1181/chrome-mac/headless_shell
    ╔═════════════════════════════════════════════════════════════════════════╗
    ║ Looks like Playwright Test or Playwright was just installed or updated. ║
    ║ Please run the following command to download new browsers:              ║
    ║                                                                         ║
    ║     npx playwright install                                              ║
    ║                                                                         ║
    ║ <3 Playwright Team                                                      ║
    ╚═════════════════════════════════════════════════════════════════════════╝
]]>
</failure>
</testcase>
<testcase name="Embedding Generation Edge Functions › should handle embedding queue processing" classname="embedding-generation.spec.ts" time="0.003">
<failure message="embedding-generation.spec.ts:357:7 should handle embedding queue processing" type="FAILURE">
<![CDATA[  [Mobile Chrome] › embedding-generation.spec.ts:357:7 › Embedding Generation Edge Functions › should handle embedding queue processing 

    Error: browserType.launch: Executable doesn't exist at /Users/marklewis/Library/Caches/ms-playwright/chromium_headless_shell-1181/chrome-mac/headless_shell
    ╔═════════════════════════════════════════════════════════════════════════╗
    ║ Looks like Playwright Test or Playwright was just installed or updated. ║
    ║ Please run the following command to download new browsers:              ║
    ║                                                                         ║
    ║     npx playwright install                                              ║
    ║                                                                         ║
    ║ <3 Playwright Team                                                      ║
    ╚═════════════════════════════════════════════════════════════════════════╝
]]>
</failure>
</testcase>
</testsuite>
<testsuite name="error-handling.spec.ts" timestamp="2025-08-24T08:06:44.390Z" hostname="Mobile Chrome" tests="11" failures="11" skipped="0" time="0.011" errors="0">
<testcase name="Error Handling and Recovery › should handle network connectivity issues gracefully" classname="error-handling.spec.ts" time="0.001">
<failure message="error-handling.spec.ts:10:7 should handle network connectivity issues gracefully" type="FAILURE">
<![CDATA[  [Mobile Chrome] › error-handling.spec.ts:10:7 › Error Handling and Recovery › should handle network connectivity issues gracefully 

    Error: browserType.launch: Executable doesn't exist at /Users/marklewis/Library/Caches/ms-playwright/chromium_headless_shell-1181/chrome-mac/headless_shell
    ╔═════════════════════════════════════════════════════════════════════════╗
    ║ Looks like Playwright Test or Playwright was just installed or updated. ║
    ║ Please run the following command to download new browsers:              ║
    ║                                                                         ║
    ║     npx playwright install                                              ║
    ║                                                                         ║
    ║ <3 Playwright Team                                                      ║
    ╚═════════════════════════════════════════════════════════════════════════╝
]]>
</failure>
</testcase>
<testcase name="Error Handling and Recovery › should handle API timeouts gracefully" classname="error-handling.spec.ts" time="0.001">
<failure message="error-handling.spec.ts:37:7 should handle API timeouts gracefully" type="FAILURE">
<![CDATA[  [Mobile Chrome] › error-handling.spec.ts:37:7 › Error Handling and Recovery › should handle API timeouts gracefully 

    Error: browserType.launch: Executable doesn't exist at /Users/marklewis/Library/Caches/ms-playwright/chromium_headless_shell-1181/chrome-mac/headless_shell
    ╔═════════════════════════════════════════════════════════════════════════╗
    ║ Looks like Playwright Test or Playwright was just installed or updated. ║
    ║ Please run the following command to download new browsers:              ║
    ║                                                                         ║
    ║     npx playwright install                                              ║
    ║                                                                         ║
    ║ <3 Playwright Team                                                      ║
    ╚═════════════════════════════════════════════════════════════════════════╝
]]>
</failure>
</testcase>
<testcase name="Error Handling and Recovery › should handle malformed API responses" classname="error-handling.spec.ts" time="0.001">
<failure message="error-handling.spec.ts:76:7 should handle malformed API responses" type="FAILURE">
<![CDATA[  [Mobile Chrome] › error-handling.spec.ts:76:7 › Error Handling and Recovery › should handle malformed API responses 

    Error: browserType.launch: Executable doesn't exist at /Users/marklewis/Library/Caches/ms-playwright/chromium_headless_shell-1181/chrome-mac/headless_shell
    ╔═════════════════════════════════════════════════════════════════════════╗
    ║ Looks like Playwright Test or Playwright was just installed or updated. ║
    ║ Please run the following command to download new browsers:              ║
    ║                                                                         ║
    ║     npx playwright install                                              ║
    ║                                                                         ║
    ║ <3 Playwright Team                                                      ║
    ╚═════════════════════════════════════════════════════════════════════════╝
]]>
</failure>
</testcase>
<testcase name="Error Handling and Recovery › should handle missing graph data gracefully" classname="error-handling.spec.ts" time="0.001">
<failure message="error-handling.spec.ts:125:7 should handle missing graph data gracefully" type="FAILURE">
<![CDATA[  [Mobile Chrome] › error-handling.spec.ts:125:7 › Error Handling and Recovery › should handle missing graph data gracefully 

    Error: browserType.launch: Executable doesn't exist at /Users/marklewis/Library/Caches/ms-playwright/chromium_headless_shell-1181/chrome-mac/headless_shell
    ╔═════════════════════════════════════════════════════════════════════════╗
    ║ Looks like Playwright Test or Playwright was just installed or updated. ║
    ║ Please run the following command to download new browsers:              ║
    ║                                                                         ║
    ║     npx playwright install                                              ║
    ║                                                                         ║
    ║ <3 Playwright Team                                                      ║
    ╚═════════════════════════════════════════════════════════════════════════╝
]]>
</failure>
</testcase>
<testcase name="Error Handling and Recovery › should handle corrupted localStorage gracefully" classname="error-handling.spec.ts" time="0.001">
<failure message="error-handling.spec.ts:153:7 should handle corrupted localStorage gracefully" type="FAILURE">
<![CDATA[  [Mobile Chrome] › error-handling.spec.ts:153:7 › Error Handling and Recovery › should handle corrupted localStorage gracefully 

    Error: browserType.launch: Executable doesn't exist at /Users/marklewis/Library/Caches/ms-playwright/chromium_headless_shell-1181/chrome-mac/headless_shell
    ╔═════════════════════════════════════════════════════════════════════════╗
    ║ Looks like Playwright Test or Playwright was just installed or updated. ║
    ║ Please run the following command to download new browsers:              ║
    ║                                                                         ║
    ║     npx playwright install                                              ║
    ║                                                                         ║
    ║ <3 Playwright Team                                                      ║
    ╚═════════════════════════════════════════════════════════════════════════╝
]]>
</failure>
</testcase>
<testcase name="Error Handling and Recovery › should handle concurrent modification conflicts" classname="error-handling.spec.ts" time="0.001">
<failure message="error-handling.spec.ts:174:7 should handle concurrent modification conflicts" type="FAILURE">
<![CDATA[  [Mobile Chrome] › error-handling.spec.ts:174:7 › Error Handling and Recovery › should handle concurrent modification conflicts 

    Error: browserType.launch: Executable doesn't exist at /Users/marklewis/Library/Caches/ms-playwright/chromium_headless_shell-1181/chrome-mac/headless_shell
    ╔═════════════════════════════════════════════════════════════════════════╗
    ║ Looks like Playwright Test or Playwright was just installed or updated. ║
    ║ Please run the following command to download new browsers:              ║
    ║                                                                         ║
    ║     npx playwright install                                              ║
    ║                                                                         ║
    ║ <3 Playwright Team                                                      ║
    ╚═════════════════════════════════════════════════════════════════════════╝
]]>
</failure>
</testcase>
<testcase name="Error Handling and Recovery › should handle large dataset loading errors" classname="error-handling.spec.ts" time="0.001">
<failure message="error-handling.spec.ts:244:7 should handle large dataset loading errors" type="FAILURE">
<![CDATA[  [Mobile Chrome] › error-handling.spec.ts:244:7 › Error Handling and Recovery › should handle large dataset loading errors 

    Error: browserType.launch: Executable doesn't exist at /Users/marklewis/Library/Caches/ms-playwright/chromium_headless_shell-1181/chrome-mac/headless_shell
    ╔═════════════════════════════════════════════════════════════════════════╗
    ║ Looks like Playwright Test or Playwright was just installed or updated. ║
    ║ Please run the following command to download new browsers:              ║
    ║                                                                         ║
    ║     npx playwright install                                              ║
    ║                                                                         ║
    ║ <3 Playwright Team                                                      ║
    ╚═════════════════════════════════════════════════════════════════════════╝
]]>
</failure>
</testcase>
<testcase name="Error Handling and Recovery › should recover from Cytoscape initialization failures" classname="error-handling.spec.ts" time="0.001">
<failure message="error-handling.spec.ts:281:7 should recover from Cytoscape initialization failures" type="FAILURE">
<![CDATA[  [Mobile Chrome] › error-handling.spec.ts:281:7 › Error Handling and Recovery › should recover from Cytoscape initialization failures 

    Error: browserType.launch: Executable doesn't exist at /Users/marklewis/Library/Caches/ms-playwright/chromium_headless_shell-1181/chrome-mac/headless_shell
    ╔═════════════════════════════════════════════════════════════════════════╗
    ║ Looks like Playwright Test or Playwright was just installed or updated. ║
    ║ Please run the following command to download new browsers:              ║
    ║                                                                         ║
    ║     npx playwright install                                              ║
    ║                                                                         ║
    ║ <3 Playwright Team                                                      ║
    ╚═════════════════════════════════════════════════════════════════════════╝
]]>
</failure>
</testcase>
<testcase name="Error Handling and Recovery › should handle memory pressure gracefully" classname="error-handling.spec.ts" time="0.001">
<failure message="error-handling.spec.ts:310:7 should handle memory pressure gracefully" type="FAILURE">
<![CDATA[  [Mobile Chrome] › error-handling.spec.ts:310:7 › Error Handling and Recovery › should handle memory pressure gracefully 

    Error: browserType.launch: Executable doesn't exist at /Users/marklewis/Library/Caches/ms-playwright/chromium_headless_shell-1181/chrome-mac/headless_shell
    ╔═════════════════════════════════════════════════════════════════════════╗
    ║ Looks like Playwright Test or Playwright was just installed or updated. ║
    ║ Please run the following command to download new browsers:              ║
    ║                                                                         ║
    ║     npx playwright install                                              ║
    ║                                                                         ║
    ║ <3 Playwright Team                                                      ║
    ╚═════════════════════════════════════════════════════════════════════════╝
]]>
</failure>
</testcase>
<testcase name="Error Handling and Recovery › should provide helpful error messages for common issues" classname="error-handling.spec.ts" time="0.001">
<failure message="error-handling.spec.ts:340:7 should provide helpful error messages for common issues" type="FAILURE">
<![CDATA[  [Mobile Chrome] › error-handling.spec.ts:340:7 › Error Handling and Recovery › should provide helpful error messages for common issues 

    Error: browserType.launch: Executable doesn't exist at /Users/marklewis/Library/Caches/ms-playwright/chromium_headless_shell-1181/chrome-mac/headless_shell
    ╔═════════════════════════════════════════════════════════════════════════╗
    ║ Looks like Playwright Test or Playwright was just installed or updated. ║
    ║ Please run the following command to download new browsers:              ║
    ║                                                                         ║
    ║     npx playwright install                                              ║
    ║                                                                         ║
    ║ <3 Playwright Team                                                      ║
    ╚═════════════════════════════════════════════════════════════════════════╝
]]>
</failure>
</testcase>
<testcase name="Error Handling and Recovery › should handle browser compatibility issues" classname="error-handling.spec.ts" time="0.001">
<failure message="error-handling.spec.ts:378:7 should handle browser compatibility issues" type="FAILURE">
<![CDATA[  [Mobile Chrome] › error-handling.spec.ts:378:7 › Error Handling and Recovery › should handle browser compatibility issues 

    Error: browserType.launch: Executable doesn't exist at /Users/marklewis/Library/Caches/ms-playwright/chromium_headless_shell-1181/chrome-mac/headless_shell
    ╔═════════════════════════════════════════════════════════════════════════╗
    ║ Looks like Playwright Test or Playwright was just installed or updated. ║
    ║ Please run the following command to download new browsers:              ║
    ║                                                                         ║
    ║     npx playwright install                                              ║
    ║                                                                         ║
    ║ <3 Playwright Team                                                      ║
    ╚═════════════════════════════════════════════════════════════════════════╝
]]>
</failure>
</testcase>
</testsuite>
<testsuite name="graph-data-flow.spec.ts" timestamp="2025-08-24T08:06:44.390Z" hostname="Mobile Chrome" tests="7" failures="7" skipped="0" time="0.012" errors="0">
<testcase name="Graph Data Flow › should load graph data from database and display in frontend" classname="graph-data-flow.spec.ts" time="0.002">
<failure message="graph-data-flow.spec.ts:11:7 should load graph data from database and display in frontend" type="FAILURE">
<![CDATA[  [Mobile Chrome] › graph-data-flow.spec.ts:11:7 › Graph Data Flow › should load graph data from database and display in frontend 

    Error: browserType.launch: Executable doesn't exist at /Users/marklewis/Library/Caches/ms-playwright/chromium_headless_shell-1181/chrome-mac/headless_shell
    ╔═════════════════════════════════════════════════════════════════════════╗
    ║ Looks like Playwright Test or Playwright was just installed or updated. ║
    ║ Please run the following command to download new browsers:              ║
    ║                                                                         ║
    ║     npx playwright install                                              ║
    ║                                                                         ║
    ║ <3 Playwright Team                                                      ║
    ╚═════════════════════════════════════════════════════════════════════════╝
]]>
</failure>
</testcase>
<testcase name="Graph Data Flow › should display node details when clicked" classname="graph-data-flow.spec.ts" time="0.001">
<failure message="graph-data-flow.spec.ts:38:7 should display node details when clicked" type="FAILURE">
<![CDATA[  [Mobile Chrome] › graph-data-flow.spec.ts:38:7 › Graph Data Flow › should display node details when clicked 

    Error: browserType.launch: Executable doesn't exist at /Users/marklewis/Library/Caches/ms-playwright/chromium_headless_shell-1181/chrome-mac/headless_shell
    ╔═════════════════════════════════════════════════════════════════════════╗
    ║ Looks like Playwright Test or Playwright was just installed or updated. ║
    ║ Please run the following command to download new browsers:              ║
    ║                                                                         ║
    ║     npx playwright install                                              ║
    ║                                                                         ║
    ║ <3 Playwright Team                                                      ║
    ╚═════════════════════════════════════════════════════════════════════════╝
]]>
</failure>
</testcase>
<testcase name="Graph Data Flow › should create new node via API and display in graph" classname="graph-data-flow.spec.ts" time="0.002">
<failure message="graph-data-flow.spec.ts:53:7 should create new node via API and display in graph" type="FAILURE">
<![CDATA[  [Mobile Chrome] › graph-data-flow.spec.ts:53:7 › Graph Data Flow › should create new node via API and display in graph 

    Error: browserType.launch: Executable doesn't exist at /Users/marklewis/Library/Caches/ms-playwright/chromium_headless_shell-1181/chrome-mac/headless_shell
    ╔═════════════════════════════════════════════════════════════════════════╗
    ║ Looks like Playwright Test or Playwright was just installed or updated. ║
    ║ Please run the following command to download new browsers:              ║
    ║                                                                         ║
    ║     npx playwright install                                              ║
    ║                                                                         ║
    ║ <3 Playwright Team                                                      ║
    ╚═════════════════════════════════════════════════════════════════════════╝
]]>
</failure>
</testcase>
<testcase name="Graph Data Flow › should update node via edge function and reflect changes" classname="graph-data-flow.spec.ts" time="0.002">
<failure message="graph-data-flow.spec.ts:96:7 should update node via edge function and reflect changes" type="FAILURE">
<![CDATA[  [Mobile Chrome] › graph-data-flow.spec.ts:96:7 › Graph Data Flow › should update node via edge function and reflect changes 

    Error: browserType.launch: Executable doesn't exist at /Users/marklewis/Library/Caches/ms-playwright/chromium_headless_shell-1181/chrome-mac/headless_shell
    ╔═════════════════════════════════════════════════════════════════════════╗
    ║ Looks like Playwright Test or Playwright was just installed or updated. ║
    ║ Please run the following command to download new browsers:              ║
    ║                                                                         ║
    ║     npx playwright install                                              ║
    ║                                                                         ║
    ║ <3 Playwright Team                                                      ║
    ╚═════════════════════════════════════════════════════════════════════════╝
]]>
</failure>
</testcase>
<testcase name="Graph Data Flow › should handle graph data for different node statuses" classname="graph-data-flow.spec.ts" time="0.002">
<failure message="graph-data-flow.spec.ts:149:7 should handle graph data for different node statuses" type="FAILURE">
<![CDATA[  [Mobile Chrome] › graph-data-flow.spec.ts:149:7 › Graph Data Flow › should handle graph data for different node statuses 

    Error: browserType.launch: Executable doesn't exist at /Users/marklewis/Library/Caches/ms-playwright/chromium_headless_shell-1181/chrome-mac/headless_shell
    ╔═════════════════════════════════════════════════════════════════════════╗
    ║ Looks like Playwright Test or Playwright was just installed or updated. ║
    ║ Please run the following command to download new browsers:              ║
    ║                                                                         ║
    ║     npx playwright install                                              ║
    ║                                                                         ║
    ║ <3 Playwright Team                                                      ║
    ╚═════════════════════════════════════════════════════════════════════════╝
]]>
</failure>
</testcase>
<testcase name="Graph Data Flow › should display edges between connected nodes" classname="graph-data-flow.spec.ts" time="0.001">
<failure message="graph-data-flow.spec.ts:173:7 should display edges between connected nodes" type="FAILURE">
<![CDATA[  [Mobile Chrome] › graph-data-flow.spec.ts:173:7 › Graph Data Flow › should display edges between connected nodes 

    Error: browserType.launch: Executable doesn't exist at /Users/marklewis/Library/Caches/ms-playwright/chromium_headless_shell-1181/chrome-mac/headless_shell
    ╔═════════════════════════════════════════════════════════════════════════╗
    ║ Looks like Playwright Test or Playwright was just installed or updated. ║
    ║ Please run the following command to download new browsers:              ║
    ║                                                                         ║
    ║     npx playwright install                                              ║
    ║                                                                         ║
    ║ <3 Playwright Team                                                      ║
    ╚═════════════════════════════════════════════════════════════════════════╝
]]>
</failure>
</testcase>
<testcase name="Graph Data Flow › should handle empty graph state gracefully" classname="graph-data-flow.spec.ts" time="0.002">
<failure message="graph-data-flow.spec.ts:206:7 should handle empty graph state gracefully" type="FAILURE">
<![CDATA[  [Mobile Chrome] › graph-data-flow.spec.ts:206:7 › Graph Data Flow › should handle empty graph state gracefully 

    Error: browserType.launch: Executable doesn't exist at /Users/marklewis/Library/Caches/ms-playwright/chromium_headless_shell-1181/chrome-mac/headless_shell
    ╔═════════════════════════════════════════════════════════════════════════╗
    ║ Looks like Playwright Test or Playwright was just installed or updated. ║
    ║ Please run the following command to download new browsers:              ║
    ║                                                                         ║
    ║     npx playwright install                                              ║
    ║                                                                         ║
    ║ <3 Playwright Team                                                      ║
    ╚═════════════════════════════════════════════════════════════════════════╝
]]>
</failure>
</testcase>
</testsuite>
<testsuite name="graph-interactions.spec.ts" timestamp="2025-08-24T08:06:44.390Z" hostname="Mobile Chrome" tests="14" failures="14" skipped="0" time="0.018" errors="0">
<testcase name="Graph Interactions › should handle node click interactions" classname="graph-interactions.spec.ts" time="0.001">
<failure message="graph-interactions.spec.ts:26:7 should handle node click interactions" type="FAILURE">
<![CDATA[  [Mobile Chrome] › graph-interactions.spec.ts:26:7 › Graph Interactions › should handle node click interactions 

    Error: browserType.launch: Executable doesn't exist at /Users/marklewis/Library/Caches/ms-playwright/chromium_headless_shell-1181/chrome-mac/headless_shell
    ╔═════════════════════════════════════════════════════════════════════════╗
    ║ Looks like Playwright Test or Playwright was just installed or updated. ║
    ║ Please run the following command to download new browsers:              ║
    ║                                                                         ║
    ║     npx playwright install                                              ║
    ║                                                                         ║
    ║ <3 Playwright Team                                                      ║
    ╚═════════════════════════════════════════════════════════════════════════╝
]]>
</failure>
</testcase>
<testcase name="Graph Interactions › should handle node right-click context menu" classname="graph-interactions.spec.ts" time="0.001">
<failure message="graph-interactions.spec.ts:47:7 should handle node right-click context menu" type="FAILURE">
<![CDATA[  [Mobile Chrome] › graph-interactions.spec.ts:47:7 › Graph Interactions › should handle node right-click context menu 

    Error: browserType.launch: Executable doesn't exist at /Users/marklewis/Library/Caches/ms-playwright/chromium_headless_shell-1181/chrome-mac/headless_shell
    ╔═════════════════════════════════════════════════════════════════════════╗
    ║ Looks like Playwright Test or Playwright was just installed or updated. ║
    ║ Please run the following command to download new browsers:              ║
    ║                                                                         ║
    ║     npx playwright install                                              ║
    ║                                                                         ║
    ║ <3 Playwright Team                                                      ║
    ╚═════════════════════════════════════════════════════════════════════════╝
]]>
</failure>
</testcase>
<testcase name="Graph Interactions › should handle node drag interactions" classname="graph-interactions.spec.ts" time="0.001">
<failure message="graph-interactions.spec.ts:62:7 should handle node drag interactions" type="FAILURE">
<![CDATA[  [Mobile Chrome] › graph-interactions.spec.ts:62:7 › Graph Interactions › should handle node drag interactions 

    Error: browserType.launch: Executable doesn't exist at /Users/marklewis/Library/Caches/ms-playwright/chromium_headless_shell-1181/chrome-mac/headless_shell
    ╔═════════════════════════════════════════════════════════════════════════╗
    ║ Looks like Playwright Test or Playwright was just installed or updated. ║
    ║ Please run the following command to download new browsers:              ║
    ║                                                                         ║
    ║     npx playwright install                                              ║
    ║                                                                         ║
    ║ <3 Playwright Team                                                      ║
    ╚═════════════════════════════════════════════════════════════════════════╝
]]>
</failure>
</testcase>
<testcase name="Graph Interactions › should handle graph search functionality" classname="graph-interactions.spec.ts" time="0.001">
<failure message="graph-interactions.spec.ts:87:7 should handle graph search functionality" type="FAILURE">
<![CDATA[  [Mobile Chrome] › graph-interactions.spec.ts:87:7 › Graph Interactions › should handle graph search functionality 

    Error: browserType.launch: Executable doesn't exist at /Users/marklewis/Library/Caches/ms-playwright/chromium_headless_shell-1181/chrome-mac/headless_shell
    ╔═════════════════════════════════════════════════════════════════════════╗
    ║ Looks like Playwright Test or Playwright was just installed or updated. ║
    ║ Please run the following command to download new browsers:              ║
    ║                                                                         ║
    ║     npx playwright install                                              ║
    ║                                                                         ║
    ║ <3 Playwright Team                                                      ║
    ╚═════════════════════════════════════════════════════════════════════════╝
]]>
</failure>
</testcase>
<testcase name="Graph Interactions › should handle partial search queries" classname="graph-interactions.spec.ts" time="0.002">
<failure message="graph-interactions.spec.ts:105:7 should handle partial search queries" type="FAILURE">
<![CDATA[  [Mobile Chrome] › graph-interactions.spec.ts:105:7 › Graph Interactions › should handle partial search queries 

    Error: browserType.launch: Executable doesn't exist at /Users/marklewis/Library/Caches/ms-playwright/chromium_headless_shell-1181/chrome-mac/headless_shell
    ╔═════════════════════════════════════════════════════════════════════════╗
    ║ Looks like Playwright Test or Playwright was just installed or updated. ║
    ║ Please run the following command to download new browsers:              ║
    ║                                                                         ║
    ║     npx playwright install                                              ║
    ║                                                                         ║
    ║ <3 Playwright Team                                                      ║
    ╚═════════════════════════════════════════════════════════════════════════╝
]]>
</failure>
</testcase>
<testcase name="Graph Interactions › should handle layout changes" classname="graph-interactions.spec.ts" time="0.002">
<failure message="graph-interactions.spec.ts:128:7 should handle layout changes" type="FAILURE">
<![CDATA[  [Mobile Chrome] › graph-interactions.spec.ts:128:7 › Graph Interactions › should handle layout changes 

    Error: browserType.launch: Executable doesn't exist at /Users/marklewis/Library/Caches/ms-playwright/chromium_headless_shell-1181/chrome-mac/headless_shell
    ╔═════════════════════════════════════════════════════════════════════════╗
    ║ Looks like Playwright Test or Playwright was just installed or updated. ║
    ║ Please run the following command to download new browsers:              ║
    ║                                                                         ║
    ║     npx playwright install                                              ║
    ║                                                                         ║
    ║ <3 Playwright Team                                                      ║
    ╚═════════════════════════════════════════════════════════════════════════╝
]]>
</failure>
</testcase>
<testcase name="Graph Interactions › should handle zoom controls" classname="graph-interactions.spec.ts" time="0.001">
<failure message="graph-interactions.spec.ts:153:7 should handle zoom controls" type="FAILURE">
<![CDATA[  [Mobile Chrome] › graph-interactions.spec.ts:153:7 › Graph Interactions › should handle zoom controls 

    Error: browserType.launch: Executable doesn't exist at /Users/marklewis/Library/Caches/ms-playwright/chromium_headless_shell-1181/chrome-mac/headless_shell
    ╔═════════════════════════════════════════════════════════════════════════╗
    ║ Looks like Playwright Test or Playwright was just installed or updated. ║
    ║ Please run the following command to download new browsers:              ║
    ║                                                                         ║
    ║     npx playwright install                                              ║
    ║                                                                         ║
    ║ <3 Playwright Team                                                      ║
    ╚═════════════════════════════════════════════════════════════════════════╝
]]>
</failure>
</testcase>
<testcase name="Graph Interactions › should handle node type filtering" classname="graph-interactions.spec.ts" time="0.002">
<failure message="graph-interactions.spec.ts:193:7 should handle node type filtering" type="FAILURE">
<![CDATA[  [Mobile Chrome] › graph-interactions.spec.ts:193:7 › Graph Interactions › should handle node type filtering 

    Error: browserType.launch: Executable doesn't exist at /Users/marklewis/Library/Caches/ms-playwright/chromium_headless_shell-1181/chrome-mac/headless_shell
    ╔═════════════════════════════════════════════════════════════════════════╗
    ║ Looks like Playwright Test or Playwright was just installed or updated. ║
    ║ Please run the following command to download new browsers:              ║
    ║                                                                         ║
    ║     npx playwright install                                              ║
    ║                                                                         ║
    ║ <3 Playwright Team                                                      ║
    ╚═════════════════════════════════════════════════════════════════════════╝
]]>
</failure>
</testcase>
<testcase name="Graph Interactions › should handle multiple node selection" classname="graph-interactions.spec.ts" time="0.001">
<failure message="graph-interactions.spec.ts:217:7 should handle multiple node selection" type="FAILURE">
<![CDATA[  [Mobile Chrome] › graph-interactions.spec.ts:217:7 › Graph Interactions › should handle multiple node selection 

    Error: browserType.launch: Executable doesn't exist at /Users/marklewis/Library/Caches/ms-playwright/chromium_headless_shell-1181/chrome-mac/headless_shell
    ╔═════════════════════════════════════════════════════════════════════════╗
    ║ Looks like Playwright Test or Playwright was just installed or updated. ║
    ║ Please run the following command to download new browsers:              ║
    ║                                                                         ║
    ║     npx playwright install                                              ║
    ║                                                                         ║
    ║ <3 Playwright Team                                                      ║
    ╚═════════════════════════════════════════════════════════════════════════╝
]]>
</failure>
</testcase>
<testcase name="Graph Interactions › should handle graph export functionality" classname="graph-interactions.spec.ts" time="0.001">
<failure message="graph-interactions.spec.ts:238:7 should handle graph export functionality" type="FAILURE">
<![CDATA[  [Mobile Chrome] › graph-interactions.spec.ts:238:7 › Graph Interactions › should handle graph export functionality 

    Error: browserType.launch: Executable doesn't exist at /Users/marklewis/Library/Caches/ms-playwright/chromium_headless_shell-1181/chrome-mac/headless_shell
    ╔═════════════════════════════════════════════════════════════════════════╗
    ║ Looks like Playwright Test or Playwright was just installed or updated. ║
    ║ Please run the following command to download new browsers:              ║
    ║                                                                         ║
    ║     npx playwright install                                              ║
    ║                                                                         ║
    ║ <3 Playwright Team                                                      ║
    ╚═════════════════════════════════════════════════════════════════════════╝
]]>
</failure>
</testcase>
<testcase name="Graph Interactions › should handle keyboard shortcuts" classname="graph-interactions.spec.ts" time="0.001">
<failure message="graph-interactions.spec.ts:258:7 should handle keyboard shortcuts" type="FAILURE">
<![CDATA[  [Mobile Chrome] › graph-interactions.spec.ts:258:7 › Graph Interactions › should handle keyboard shortcuts 

    Error: browserType.launch: Executable doesn't exist at /Users/marklewis/Library/Caches/ms-playwright/chromium_headless_shell-1181/chrome-mac/headless_shell
    ╔═════════════════════════════════════════════════════════════════════════╗
    ║ Looks like Playwright Test or Playwright was just installed or updated. ║
    ║ Please run the following command to download new browsers:              ║
    ║                                                                         ║
    ║     npx playwright install                                              ║
    ║                                                                         ║
    ║ <3 Playwright Team                                                      ║
    ╚═════════════════════════════════════════════════════════════════════════╝
]]>
</failure>
</testcase>
<testcase name="Graph Interactions › should handle edge click interactions" classname="graph-interactions.spec.ts" time="0.001">
<failure message="graph-interactions.spec.ts:288:7 should handle edge click interactions" type="FAILURE">
<![CDATA[  [Mobile Chrome] › graph-interactions.spec.ts:288:7 › Graph Interactions › should handle edge click interactions 

    Error: browserType.launch: Executable doesn't exist at /Users/marklewis/Library/Caches/ms-playwright/chromium_headless_shell-1181/chrome-mac/headless_shell
    ╔═════════════════════════════════════════════════════════════════════════╗
    ║ Looks like Playwright Test or Playwright was just installed or updated. ║
    ║ Please run the following command to download new browsers:              ║
    ║                                                                         ║
    ║     npx playwright install                                              ║
    ║                                                                         ║
    ║ <3 Playwright Team                                                      ║
    ╚═════════════════════════════════════════════════════════════════════════╝
]]>
</failure>
</testcase>
<testcase name="Graph Interactions › should handle hover interactions" classname="graph-interactions.spec.ts" time="0.002">
<failure message="graph-interactions.spec.ts:316:7 should handle hover interactions" type="FAILURE">
<![CDATA[  [Mobile Chrome] › graph-interactions.spec.ts:316:7 › Graph Interactions › should handle hover interactions 

    Error: browserType.launch: Executable doesn't exist at /Users/marklewis/Library/Caches/ms-playwright/chromium_headless_shell-1181/chrome-mac/headless_shell
    ╔═════════════════════════════════════════════════════════════════════════╗
    ║ Looks like Playwright Test or Playwright was just installed or updated. ║
    ║ Please run the following command to download new browsers:              ║
    ║                                                                         ║
    ║     npx playwright install                                              ║
    ║                                                                         ║
    ║ <3 Playwright Team                                                      ║
    ╚═════════════════════════════════════════════════════════════════════════╝
]]>
</failure>
</testcase>
<testcase name="Graph Interactions › should handle touch interactions on touch devices" classname="graph-interactions.spec.ts" time="0.001">
<failure message="graph-interactions.spec.ts:342:7 should handle touch interactions on touch devices" type="FAILURE">
<![CDATA[  [Mobile Chrome] › graph-interactions.spec.ts:342:7 › Graph Interactions › should handle touch interactions on touch devices 

    Error: browserType.launch: Executable doesn't exist at /Users/marklewis/Library/Caches/ms-playwright/chromium_headless_shell-1181/chrome-mac/headless_shell
    ╔═════════════════════════════════════════════════════════════════════════╗
    ║ Looks like Playwright Test or Playwright was just installed or updated. ║
    ║ Please run the following command to download new browsers:              ║
    ║                                                                         ║
    ║     npx playwright install                                              ║
    ║                                                                         ║
    ║ <3 Playwright Team                                                      ║
    ╚═════════════════════════════════════════════════════════════════════════╝
]]>
</failure>
</testcase>
</testsuite>
<testsuite name="node-creation-edges.spec.ts" timestamp="2025-08-24T08:06:44.390Z" hostname="Mobile Chrome" tests="7" failures="7" skipped="0" time="0.009" errors="0">
<testcase name="Node Creation and Edge Relationships › should create nodes via graph-operations edge function" classname="node-creation-edges.spec.ts" time="0.001">
<failure message="node-creation-edges.spec.ts:10:7 should create nodes via graph-operations edge function" type="FAILURE">
<![CDATA[  [Mobile Chrome] › node-creation-edges.spec.ts:10:7 › Node Creation and Edge Relationships › should create nodes via graph-operations edge function 

    Error: browserType.launch: Executable doesn't exist at /Users/marklewis/Library/Caches/ms-playwright/chromium_headless_shell-1181/chrome-mac/headless_shell
    ╔═════════════════════════════════════════════════════════════════════════╗
    ║ Looks like Playwright Test or Playwright was just installed or updated. ║
    ║ Please run the following command to download new browsers:              ║
    ║                                                                         ║
    ║     npx playwright install                                              ║
    ║                                                                         ║
    ║ <3 Playwright Team                                                      ║
    ╚═════════════════════════════════════════════════════════════════════════╝
]]>
</failure>
</testcase>
<testcase name="Node Creation and Edge Relationships › should create different types of nodes" classname="node-creation-edges.spec.ts" time="0.001">
<failure message="node-creation-edges.spec.ts:65:7 should create different types of nodes" type="FAILURE">
<![CDATA[  [Mobile Chrome] › node-creation-edges.spec.ts:65:7 › Node Creation and Edge Relationships › should create different types of nodes 

    Error: browserType.launch: Executable doesn't exist at /Users/marklewis/Library/Caches/ms-playwright/chromium_headless_shell-1181/chrome-mac/headless_shell
    ╔═════════════════════════════════════════════════════════════════════════╗
    ║ Looks like Playwright Test or Playwright was just installed or updated. ║
    ║ Please run the following command to download new browsers:              ║
    ║                                                                         ║
    ║     npx playwright install                                              ║
    ║                                                                         ║
    ║ <3 Playwright Team                                                      ║
    ╚═════════════════════════════════════════════════════════════════════════╝
]]>
</failure>
</testcase>
<testcase name="Node Creation and Edge Relationships › should create edges between nodes" classname="node-creation-edges.spec.ts" time="0.001">
<failure message="node-creation-edges.spec.ts:116:7 should create edges between nodes" type="FAILURE">
<![CDATA[  [Mobile Chrome] › node-creation-edges.spec.ts:116:7 › Node Creation and Edge Relationships › should create edges between nodes 

    Error: browserType.launch: Executable doesn't exist at /Users/marklewis/Library/Caches/ms-playwright/chromium_headless_shell-1181/chrome-mac/headless_shell
    ╔═════════════════════════════════════════════════════════════════════════╗
    ║ Looks like Playwright Test or Playwright was just installed or updated. ║
    ║ Please run the following command to download new browsers:              ║
    ║                                                                         ║
    ║     npx playwright install                                              ║
    ║                                                                         ║
    ║ <3 Playwright Team                                                      ║
    ╚═════════════════════════════════════════════════════════════════════════╝
]]>
</failure>
</testcase>
<testcase name="Node Creation and Edge Relationships › should delete nodes and clean up edges" classname="node-creation-edges.spec.ts" time="0.001">
<failure message="node-creation-edges.spec.ts:190:7 should delete nodes and clean up edges" type="FAILURE">
<![CDATA[  [Mobile Chrome] › node-creation-edges.spec.ts:190:7 › Node Creation and Edge Relationships › should delete nodes and clean up edges 

    Error: browserType.launch: Executable doesn't exist at /Users/marklewis/Library/Caches/ms-playwright/chromium_headless_shell-1181/chrome-mac/headless_shell
    ╔═════════════════════════════════════════════════════════════════════════╗
    ║ Looks like Playwright Test or Playwright was just installed or updated. ║
    ║ Please run the following command to download new browsers:              ║
    ║                                                                         ║
    ║     npx playwright install                                              ║
    ║                                                                         ║
    ║ <3 Playwright Team                                                      ║
    ╚═════════════════════════════════════════════════════════════════════════╝
]]>
</failure>
</testcase>
<testcase name="Node Creation and Edge Relationships › should update node status from draft to curated" classname="node-creation-edges.spec.ts" time="0.001">
<failure message="node-creation-edges.spec.ts:257:7 should update node status from draft to curated" type="FAILURE">
<![CDATA[  [Mobile Chrome] › node-creation-edges.spec.ts:257:7 › Node Creation and Edge Relationships › should update node status from draft to curated 

    Error: browserType.launch: Executable doesn't exist at /Users/marklewis/Library/Caches/ms-playwright/chromium_headless_shell-1181/chrome-mac/headless_shell
    ╔═════════════════════════════════════════════════════════════════════════╗
    ║ Looks like Playwright Test or Playwright was just installed or updated. ║
    ║ Please run the following command to download new browsers:              ║
    ║                                                                         ║
    ║     npx playwright install                                              ║
    ║                                                                         ║
    ║ <3 Playwright Team                                                      ║
    ╚═════════════════════════════════════════════════════════════════════════╝
]]>
</failure>
</testcase>
<testcase name="Node Creation and Edge Relationships › should handle edge creation validation" classname="node-creation-edges.spec.ts" time="0.003">
<failure message="node-creation-edges.spec.ts:300:7 should handle edge creation validation" type="FAILURE">
<![CDATA[  [Mobile Chrome] › node-creation-edges.spec.ts:300:7 › Node Creation and Edge Relationships › should handle edge creation validation 

    Error: browserType.launch: Executable doesn't exist at /Users/marklewis/Library/Caches/ms-playwright/chromium_headless_shell-1181/chrome-mac/headless_shell
    ╔═════════════════════════════════════════════════════════════════════════╗
    ║ Looks like Playwright Test or Playwright was just installed or updated. ║
    ║ Please run the following command to download new browsers:              ║
    ║                                                                         ║
    ║     npx playwright install                                              ║
    ║                                                                         ║
    ║ <3 Playwright Team                                                      ║
    ╚═════════════════════════════════════════════════════════════════════════╝
]]>
</failure>
</testcase>
<testcase name="Node Creation and Edge Relationships › should handle concurrent node creation" classname="node-creation-edges.spec.ts" time="0.001">
<failure message="node-creation-edges.spec.ts:331:7 should handle concurrent node creation" type="FAILURE">
<![CDATA[  [Mobile Chrome] › node-creation-edges.spec.ts:331:7 › Node Creation and Edge Relationships › should handle concurrent node creation 

    Error: browserType.launch: Executable doesn't exist at /Users/marklewis/Library/Caches/ms-playwright/chromium_headless_shell-1181/chrome-mac/headless_shell
    ╔═════════════════════════════════════════════════════════════════════════╗
    ║ Looks like Playwright Test or Playwright was just installed or updated. ║
    ║ Please run the following command to download new browsers:              ║
    ║                                                                         ║
    ║     npx playwright install                                              ║
    ║                                                                         ║
    ║ <3 Playwright Team                                                      ║
    ╚═════════════════════════════════════════════════════════════════════════╝
]]>
</failure>
</testcase>
</testsuite>
<testsuite name="realtime-updates.spec.ts" timestamp="2025-08-24T08:06:44.390Z" hostname="Mobile Chrome" tests="8" failures="8" skipped="0" time="0.009" errors="0">
<testcase name="Real-time Updates › should receive real-time node creation updates" classname="realtime-updates.spec.ts" time="0.001">
<failure message="realtime-updates.spec.ts:10:7 should receive real-time node creation updates" type="FAILURE">
<![CDATA[  [Mobile Chrome] › realtime-updates.spec.ts:10:7 › Real-time Updates › should receive real-time node creation updates 

    Error: browserType.launch: Executable doesn't exist at /Users/marklewis/Library/Caches/ms-playwright/chromium_headless_shell-1181/chrome-mac/headless_shell
    ╔═════════════════════════════════════════════════════════════════════════╗
    ║ Looks like Playwright Test or Playwright was just installed or updated. ║
    ║ Please run the following command to download new browsers:              ║
    ║                                                                         ║
    ║     npx playwright install                                              ║
    ║                                                                         ║
    ║ <3 Playwright Team                                                      ║
    ╚═════════════════════════════════════════════════════════════════════════╝
]]>
</failure>
</testcase>
<testcase name="Real-time Updates › should receive real-time node update notifications" classname="realtime-updates.spec.ts" time="0.001">
<failure message="realtime-updates.spec.ts:49:7 should receive real-time node update notifications" type="FAILURE">
<![CDATA[  [Mobile Chrome] › realtime-updates.spec.ts:49:7 › Real-time Updates › should receive real-time node update notifications 

    Error: browserType.launch: Executable doesn't exist at /Users/marklewis/Library/Caches/ms-playwright/chromium_headless_shell-1181/chrome-mac/headless_shell
    ╔═════════════════════════════════════════════════════════════════════════╗
    ║ Looks like Playwright Test or Playwright was just installed or updated. ║
    ║ Please run the following command to download new browsers:              ║
    ║                                                                         ║
    ║     npx playwright install                                              ║
    ║                                                                         ║
    ║ <3 Playwright Team                                                      ║
    ╚═════════════════════════════════════════════════════════════════════════╝
]]>
</failure>
</testcase>
<testcase name="Real-time Updates › should receive real-time edge creation updates" classname="realtime-updates.spec.ts" time="0.001">
<failure message="realtime-updates.spec.ts:113:7 should receive real-time edge creation updates" type="FAILURE">
<![CDATA[  [Mobile Chrome] › realtime-updates.spec.ts:113:7 › Real-time Updates › should receive real-time edge creation updates 

    Error: browserType.launch: Executable doesn't exist at /Users/marklewis/Library/Caches/ms-playwright/chromium_headless_shell-1181/chrome-mac/headless_shell
    ╔═════════════════════════════════════════════════════════════════════════╗
    ║ Looks like Playwright Test or Playwright was just installed or updated. ║
    ║ Please run the following command to download new browsers:              ║
    ║                                                                         ║
    ║     npx playwright install                                              ║
    ║                                                                         ║
    ║ <3 Playwright Team                                                      ║
    ╚═════════════════════════════════════════════════════════════════════════╝
]]>
</failure>
</testcase>
<testcase name="Real-time Updates › should handle multiple concurrent real-time updates" classname="realtime-updates.spec.ts" time="0.001">
<failure message="realtime-updates.spec.ts:157:7 should handle multiple concurrent real-time updates" type="FAILURE">
<![CDATA[  [Mobile Chrome] › realtime-updates.spec.ts:157:7 › Real-time Updates › should handle multiple concurrent real-time updates 

    Error: browserType.launch: Executable doesn't exist at /Users/marklewis/Library/Caches/ms-playwright/chromium_headless_shell-1181/chrome-mac/headless_shell
    ╔═════════════════════════════════════════════════════════════════════════╗
    ║ Looks like Playwright Test or Playwright was just installed or updated. ║
    ║ Please run the following command to download new browsers:              ║
    ║                                                                         ║
    ║     npx playwright install                                              ║
    ║                                                                         ║
    ║ <3 Playwright Team                                                      ║
    ╚═════════════════════════════════════════════════════════════════════════╝
]]>
</failure>
</testcase>
<testcase name="Real-time Updates › should handle real-time node deletion updates" classname="realtime-updates.spec.ts" time="0.001">
<failure message="realtime-updates.spec.ts:204:7 should handle real-time node deletion updates" type="FAILURE">
<![CDATA[  [Mobile Chrome] › realtime-updates.spec.ts:204:7 › Real-time Updates › should handle real-time node deletion updates 

    Error: browserType.launch: Executable doesn't exist at /Users/marklewis/Library/Caches/ms-playwright/chromium_headless_shell-1181/chrome-mac/headless_shell
    ╔═════════════════════════════════════════════════════════════════════════╗
    ║ Looks like Playwright Test or Playwright was just installed or updated. ║
    ║ Please run the following command to download new browsers:              ║
    ║                                                                         ║
    ║     npx playwright install                                              ║
    ║                                                                         ║
    ║ <3 Playwright Team                                                      ║
    ╚═════════════════════════════════════════════════════════════════════════╝
]]>
</failure>
</testcase>
<testcase name="Real-time Updates › should maintain real-time connection after network interruption" classname="realtime-updates.spec.ts" time="0.002">
<failure message="realtime-updates.spec.ts:248:7 should maintain real-time connection after network interruption" type="FAILURE">
<![CDATA[  [Mobile Chrome] › realtime-updates.spec.ts:248:7 › Real-time Updates › should maintain real-time connection after network interruption 

    Error: browserType.launch: Executable doesn't exist at /Users/marklewis/Library/Caches/ms-playwright/chromium_headless_shell-1181/chrome-mac/headless_shell
    ╔═════════════════════════════════════════════════════════════════════════╗
    ║ Looks like Playwright Test or Playwright was just installed or updated. ║
    ║ Please run the following command to download new browsers:              ║
    ║                                                                         ║
    ║     npx playwright install                                              ║
    ║                                                                         ║
    ║ <3 Playwright Team                                                      ║
    ╚═════════════════════════════════════════════════════════════════════════╝
]]>
</failure>
</testcase>
<testcase name="Real-time Updates › should filter real-time updates based on user permissions" classname="realtime-updates.spec.ts" time="0.001">
<failure message="realtime-updates.spec.ts:277:7 should filter real-time updates based on user permissions" type="FAILURE">
<![CDATA[  [Mobile Chrome] › realtime-updates.spec.ts:277:7 › Real-time Updates › should filter real-time updates based on user permissions 

    Error: browserType.launch: Executable doesn't exist at /Users/marklewis/Library/Caches/ms-playwright/chromium_headless_shell-1181/chrome-mac/headless_shell
    ╔═════════════════════════════════════════════════════════════════════════╗
    ║ Looks like Playwright Test or Playwright was just installed or updated. ║
    ║ Please run the following command to download new browsers:              ║
    ║                                                                         ║
    ║     npx playwright install                                              ║
    ║                                                                         ║
    ║ <3 Playwright Team                                                      ║
    ╚═════════════════════════════════════════════════════════════════════════╝
]]>
</failure>
</testcase>
<testcase name="Real-time Updates › should handle real-time subscription cleanup on page navigation" classname="realtime-updates.spec.ts" time="0.001">
<failure message="realtime-updates.spec.ts:323:7 should handle real-time subscription cleanup on page navigation" type="FAILURE">
<![CDATA[  [Mobile Chrome] › realtime-updates.spec.ts:323:7 › Real-time Updates › should handle real-time subscription cleanup on page navigation 

    Error: browserType.launch: Executable doesn't exist at /Users/marklewis/Library/Caches/ms-playwright/chromium_headless_shell-1181/chrome-mac/headless_shell
    ╔═════════════════════════════════════════════════════════════════════════╗
    ║ Looks like Playwright Test or Playwright was just installed or updated. ║
    ║ Please run the following command to download new browsers:              ║
    ║                                                                         ║
    ║     npx playwright install                                              ║
    ║                                                                         ║
    ║ <3 Playwright Team                                                      ║
    ╚═════════════════════════════════════════════════════════════════════════╝
]]>
</failure>
</testcase>
</testsuite>
<testsuite name="responsive-accessibility.spec.ts" timestamp="2025-08-24T08:06:44.390Z" hostname="Mobile Chrome" tests="15" failures="15" skipped="0" time="0.015" errors="0">
<testcase name="Responsive Design › should adapt to mobile viewport (iPhone)" classname="responsive-accessibility.spec.ts" time="0.001">
<failure message="responsive-accessibility.spec.ts:10:7 should adapt to mobile viewport (iPhone)" type="FAILURE">
<![CDATA[  [Mobile Chrome] › responsive-accessibility.spec.ts:10:7 › Responsive Design › should adapt to mobile viewport (iPhone) 

    Error: browserType.launch: Executable doesn't exist at /Users/marklewis/Library/Caches/ms-playwright/chromium_headless_shell-1181/chrome-mac/headless_shell
    ╔═════════════════════════════════════════════════════════════════════════╗
    ║ Looks like Playwright Test or Playwright was just installed or updated. ║
    ║ Please run the following command to download new browsers:              ║
    ║                                                                         ║
    ║     npx playwright install                                              ║
    ║                                                                         ║
    ║ <3 Playwright Team                                                      ║
    ╚═════════════════════════════════════════════════════════════════════════╝
]]>
</failure>
</testcase>
<testcase name="Responsive Design › should adapt to tablet viewport (iPad)" classname="responsive-accessibility.spec.ts" time="0.001">
<failure message="responsive-accessibility.spec.ts:29:7 should adapt to tablet viewport (iPad)" type="FAILURE">
<![CDATA[  [Mobile Chrome] › responsive-accessibility.spec.ts:29:7 › Responsive Design › should adapt to tablet viewport (iPad) 

    Error: browserType.launch: Executable doesn't exist at /Users/marklewis/Library/Caches/ms-playwright/chromium_headless_shell-1181/chrome-mac/headless_shell
    ╔═════════════════════════════════════════════════════════════════════════╗
    ║ Looks like Playwright Test or Playwright was just installed or updated. ║
    ║ Please run the following command to download new browsers:              ║
    ║                                                                         ║
    ║     npx playwright install                                              ║
    ║                                                                         ║
    ║ <3 Playwright Team                                                      ║
    ╚═════════════════════════════════════════════════════════════════════════╝
]]>
</failure>
</testcase>
<testcase name="Responsive Design › should handle landscape orientation on mobile" classname="responsive-accessibility.spec.ts" time="0.001">
<failure message="responsive-accessibility.spec.ts:54:7 should handle landscape orientation on mobile" type="FAILURE">
<![CDATA[  [Mobile Chrome] › responsive-accessibility.spec.ts:54:7 › Responsive Design › should handle landscape orientation on mobile 

    Error: browserType.launch: Executable doesn't exist at /Users/marklewis/Library/Caches/ms-playwright/chromium_headless_shell-1181/chrome-mac/headless_shell
    ╔═════════════════════════════════════════════════════════════════════════╗
    ║ Looks like Playwright Test or Playwright was just installed or updated. ║
    ║ Please run the following command to download new browsers:              ║
    ║                                                                         ║
    ║     npx playwright install                                              ║
    ║                                                                         ║
    ║ <3 Playwright Team                                                      ║
    ╚═════════════════════════════════════════════════════════════════════════╝
]]>
</failure>
</testcase>
<testcase name="Responsive Design › should handle touch gestures on mobile" classname="responsive-accessibility.spec.ts" time="0.001">
<failure message="responsive-accessibility.spec.ts:69:7 should handle touch gestures on mobile" type="FAILURE">
<![CDATA[  [Mobile Chrome] › responsive-accessibility.spec.ts:69:7 › Responsive Design › should handle touch gestures on mobile 

    Error: browserType.launch: Executable doesn't exist at /Users/marklewis/Library/Caches/ms-playwright/chromium_headless_shell-1181/chrome-mac/headless_shell
    ╔═════════════════════════════════════════════════════════════════════════╗
    ║ Looks like Playwright Test or Playwright was just installed or updated. ║
    ║ Please run the following command to download new browsers:              ║
    ║                                                                         ║
    ║     npx playwright install                                              ║
    ║                                                                         ║
    ║ <3 Playwright Team                                                      ║
    ╚═════════════════════════════════════════════════════════════════════════╝
]]>
</failure>
</testcase>
<testcase name="Responsive Design › should handle pinch-to-zoom on touch devices" classname="responsive-accessibility.spec.ts" time="0.001">
<failure message="responsive-accessibility.spec.ts:98:7 should handle pinch-to-zoom on touch devices" type="FAILURE">
<![CDATA[  [Mobile Chrome] › responsive-accessibility.spec.ts:98:7 › Responsive Design › should handle pinch-to-zoom on touch devices 

    Error: browserType.launch: Executable doesn't exist at /Users/marklewis/Library/Caches/ms-playwright/chromium_headless_shell-1181/chrome-mac/headless_shell
    ╔═════════════════════════════════════════════════════════════════════════╗
    ║ Looks like Playwright Test or Playwright was just installed or updated. ║
    ║ Please run the following command to download new browsers:              ║
    ║                                                                         ║
    ║     npx playwright install                                              ║
    ║                                                                         ║
    ║ <3 Playwright Team                                                      ║
    ╚═════════════════════════════════════════════════════════════════════════╝
]]>
</failure>
</testcase>
<testcase name="Responsive Design › should show appropriate UI controls on different screen sizes" classname="responsive-accessibility.spec.ts" time="0.001">
<failure message="responsive-accessibility.spec.ts:126:7 should show appropriate UI controls on different screen sizes" type="FAILURE">
<![CDATA[  [Mobile Chrome] › responsive-accessibility.spec.ts:126:7 › Responsive Design › should show appropriate UI controls on different screen sizes 

    Error: browserType.launch: Executable doesn't exist at /Users/marklewis/Library/Caches/ms-playwright/chromium_headless_shell-1181/chrome-mac/headless_shell
    ╔═════════════════════════════════════════════════════════════════════════╗
    ║ Looks like Playwright Test or Playwright was just installed or updated. ║
    ║ Please run the following command to download new browsers:              ║
    ║                                                                         ║
    ║     npx playwright install                                              ║
    ║                                                                         ║
    ║ <3 Playwright Team                                                      ║
    ╚═════════════════════════════════════════════════════════════════════════╝
]]>
</failure>
</testcase>
<testcase name="Accessibility (WCAG Compliance) › should have proper ARIA labels and roles" classname="responsive-accessibility.spec.ts" time="0.001">
<failure message="responsive-accessibility.spec.ts:161:7 should have proper ARIA labels and roles" type="FAILURE">
<![CDATA[  [Mobile Chrome] › responsive-accessibility.spec.ts:161:7 › Accessibility (WCAG Compliance) › should have proper ARIA labels and roles 

    Error: browserType.launch: Executable doesn't exist at /Users/marklewis/Library/Caches/ms-playwright/chromium_headless_shell-1181/chrome-mac/headless_shell
    ╔═════════════════════════════════════════════════════════════════════════╗
    ║ Looks like Playwright Test or Playwright was just installed or updated. ║
    ║ Please run the following command to download new browsers:              ║
    ║                                                                         ║
    ║     npx playwright install                                              ║
    ║                                                                         ║
    ║ <3 Playwright Team                                                      ║
    ╚═════════════════════════════════════════════════════════════════════════╝
]]>
</failure>
</testcase>
<testcase name="Accessibility (WCAG Compliance) › should support keyboard navigation" classname="responsive-accessibility.spec.ts" time="0.001">
<failure message="responsive-accessibility.spec.ts:188:7 should support keyboard navigation" type="FAILURE">
<![CDATA[  [Mobile Chrome] › responsive-accessibility.spec.ts:188:7 › Accessibility (WCAG Compliance) › should support keyboard navigation 

    Error: browserType.launch: Executable doesn't exist at /Users/marklewis/Library/Caches/ms-playwright/chromium_headless_shell-1181/chrome-mac/headless_shell
    ╔═════════════════════════════════════════════════════════════════════════╗
    ║ Looks like Playwright Test or Playwright was just installed or updated. ║
    ║ Please run the following command to download new browsers:              ║
    ║                                                                         ║
    ║     npx playwright install                                              ║
    ║                                                                         ║
    ║ <3 Playwright Team                                                      ║
    ╚═════════════════════════════════════════════════════════════════════════╝
]]>
</failure>
</testcase>
<testcase name="Accessibility (WCAG Compliance) › should support screen reader announcements" classname="responsive-accessibility.spec.ts" time="0.001">
<failure message="responsive-accessibility.spec.ts:213:7 should support screen reader announcements" type="FAILURE">
<![CDATA[  [Mobile Chrome] › responsive-accessibility.spec.ts:213:7 › Accessibility (WCAG Compliance) › should support screen reader announcements 

    Error: browserType.launch: Executable doesn't exist at /Users/marklewis/Library/Caches/ms-playwright/chromium_headless_shell-1181/chrome-mac/headless_shell
    ╔═════════════════════════════════════════════════════════════════════════╗
    ║ Looks like Playwright Test or Playwright was just installed or updated. ║
    ║ Please run the following command to download new browsers:              ║
    ║                                                                         ║
    ║     npx playwright install                                              ║
    ║                                                                         ║
    ║ <3 Playwright Team                                                      ║
    ╚═════════════════════════════════════════════════════════════════════════╝
]]>
</failure>
</testcase>
<testcase name="Accessibility (WCAG Compliance) › should have sufficient color contrast" classname="responsive-accessibility.spec.ts" time="0.001">
<failure message="responsive-accessibility.spec.ts:240:7 should have sufficient color contrast" type="FAILURE">
<![CDATA[  [Mobile Chrome] › responsive-accessibility.spec.ts:240:7 › Accessibility (WCAG Compliance) › should have sufficient color contrast 

    Error: browserType.launch: Executable doesn't exist at /Users/marklewis/Library/Caches/ms-playwright/chromium_headless_shell-1181/chrome-mac/headless_shell
    ╔═════════════════════════════════════════════════════════════════════════╗
    ║ Looks like Playwright Test or Playwright was just installed or updated. ║
    ║ Please run the following command to download new browsers:              ║
    ║                                                                         ║
    ║     npx playwright install                                              ║
    ║                                                                         ║
    ║ <3 Playwright Team                                                      ║
    ╚═════════════════════════════════════════════════════════════════════════╝
]]>
</failure>
</testcase>
<testcase name="Accessibility (WCAG Compliance) › should support reduced motion preferences" classname="responsive-accessibility.spec.ts" time="0.001">
<failure message="responsive-accessibility.spec.ts:273:7 should support reduced motion preferences" type="FAILURE">
<![CDATA[  [Mobile Chrome] › responsive-accessibility.spec.ts:273:7 › Accessibility (WCAG Compliance) › should support reduced motion preferences 

    Error: browserType.launch: Executable doesn't exist at /Users/marklewis/Library/Caches/ms-playwright/chromium_headless_shell-1181/chrome-mac/headless_shell
    ╔═════════════════════════════════════════════════════════════════════════╗
    ║ Looks like Playwright Test or Playwright was just installed or updated. ║
    ║ Please run the following command to download new browsers:              ║
    ║                                                                         ║
    ║     npx playwright install                                              ║
    ║                                                                         ║
    ║ <3 Playwright Team                                                      ║
    ╚═════════════════════════════════════════════════════════════════════════╝
]]>
</failure>
</testcase>
<testcase name="Accessibility (WCAG Compliance) › should provide alternative text for visual elements" classname="responsive-accessibility.spec.ts" time="0.001">
<failure message="responsive-accessibility.spec.ts:297:7 should provide alternative text for visual elements" type="FAILURE">
<![CDATA[  [Mobile Chrome] › responsive-accessibility.spec.ts:297:7 › Accessibility (WCAG Compliance) › should provide alternative text for visual elements 

    Error: browserType.launch: Executable doesn't exist at /Users/marklewis/Library/Caches/ms-playwright/chromium_headless_shell-1181/chrome-mac/headless_shell
    ╔═════════════════════════════════════════════════════════════════════════╗
    ║ Looks like Playwright Test or Playwright was just installed or updated. ║
    ║ Please run the following command to download new browsers:              ║
    ║                                                                         ║
    ║     npx playwright install                                              ║
    ║                                                                         ║
    ║ <3 Playwright Team                                                      ║
    ╚═════════════════════════════════════════════════════════════════════════╝
]]>
</failure>
</testcase>
<testcase name="Accessibility (WCAG Compliance) › should handle focus management properly" classname="responsive-accessibility.spec.ts" time="0.001">
<failure message="responsive-accessibility.spec.ts:323:7 should handle focus management properly" type="FAILURE">
<![CDATA[  [Mobile Chrome] › responsive-accessibility.spec.ts:323:7 › Accessibility (WCAG Compliance) › should handle focus management properly 

    Error: browserType.launch: Executable doesn't exist at /Users/marklewis/Library/Caches/ms-playwright/chromium_headless_shell-1181/chrome-mac/headless_shell
    ╔═════════════════════════════════════════════════════════════════════════╗
    ║ Looks like Playwright Test or Playwright was just installed or updated. ║
    ║ Please run the following command to download new browsers:              ║
    ║                                                                         ║
    ║     npx playwright install                                              ║
    ║                                                                         ║
    ║ <3 Playwright Team                                                      ║
    ╚═════════════════════════════════════════════════════════════════════════╝
]]>
</failure>
</testcase>
<testcase name="Accessibility (WCAG Compliance) › should provide meaningful error messages" classname="responsive-accessibility.spec.ts" time="0.001">
<failure message="responsive-accessibility.spec.ts:351:7 should provide meaningful error messages" type="FAILURE">
<![CDATA[  [Mobile Chrome] › responsive-accessibility.spec.ts:351:7 › Accessibility (WCAG Compliance) › should provide meaningful error messages 

    Error: browserType.launch: Executable doesn't exist at /Users/marklewis/Library/Caches/ms-playwright/chromium_headless_shell-1181/chrome-mac/headless_shell
    ╔═════════════════════════════════════════════════════════════════════════╗
    ║ Looks like Playwright Test or Playwright was just installed or updated. ║
    ║ Please run the following command to download new browsers:              ║
    ║                                                                         ║
    ║     npx playwright install                                              ║
    ║                                                                         ║
    ║ <3 Playwright Team                                                      ║
    ╚═════════════════════════════════════════════════════════════════════════╝
]]>
</failure>
</testcase>
<testcase name="Accessibility (WCAG Compliance) › should support zoom up to 200% without breaking layout" classname="responsive-accessibility.spec.ts" time="0.001">
<failure message="responsive-accessibility.spec.ts:378:7 should support zoom up to 200% without breaking layout" type="FAILURE">
<![CDATA[  [Mobile Chrome] › responsive-accessibility.spec.ts:378:7 › Accessibility (WCAG Compliance) › should support zoom up to 200% without breaking layout 

    Error: browserType.launch: Executable doesn't exist at /Users/marklewis/Library/Caches/ms-playwright/chromium_headless_shell-1181/chrome-mac/headless_shell
    ╔═════════════════════════════════════════════════════════════════════════╗
    ║ Looks like Playwright Test or Playwright was just installed or updated. ║
    ║ Please run the following command to download new browsers:              ║
    ║                                                                         ║
    ║     npx playwright install                                              ║
    ║                                                                         ║
    ║ <3 Playwright Team                                                      ║
    ╚═════════════════════════════════════════════════════════════════════════╝
]]>
</failure>
</testcase>
</testsuite>
<testsuite name="rls-security.spec.ts" timestamp="2025-08-24T08:06:44.390Z" hostname="Mobile Chrome" tests="10" failures="10" skipped="0" time="0.011" errors="0">
<testcase name="Row Level Security (RLS) Policies › should only show user-specific data in graph" classname="rls-security.spec.ts" time="0.001">
<failure message="rls-security.spec.ts:6:7 should only show user-specific data in graph" type="FAILURE">
<![CDATA[  [Mobile Chrome] › rls-security.spec.ts:6:7 › Row Level Security (RLS) Policies › should only show user-specific data in graph 

    Error: browserType.launch: Executable doesn't exist at /Users/marklewis/Library/Caches/ms-playwright/chromium_headless_shell-1181/chrome-mac/headless_shell
    ╔═════════════════════════════════════════════════════════════════════════╗
    ║ Looks like Playwright Test or Playwright was just installed or updated. ║
    ║ Please run the following command to download new browsers:              ║
    ║                                                                         ║
    ║     npx playwright install                                              ║
    ║                                                                         ║
    ║ <3 Playwright Team                                                      ║
    ╚═════════════════════════════════════════════════════════════════════════╝
]]>
</failure>
</testcase>
<testcase name="Row Level Security (RLS) Policies › should prevent unauthorized node access via API" classname="rls-security.spec.ts" time="0.002">
<failure message="rls-security.spec.ts:37:7 should prevent unauthorized node access via API" type="FAILURE">
<![CDATA[  [Mobile Chrome] › rls-security.spec.ts:37:7 › Row Level Security (RLS) Policies › should prevent unauthorized node access via API 

    Error: browserType.launch: Executable doesn't exist at /Users/marklewis/Library/Caches/ms-playwright/chromium_headless_shell-1181/chrome-mac/headless_shell
    ╔═════════════════════════════════════════════════════════════════════════╗
    ║ Looks like Playwright Test or Playwright was just installed or updated. ║
    ║ Please run the following command to download new browsers:              ║
    ║                                                                         ║
    ║     npx playwright install                                              ║
    ║                                                                         ║
    ║ <3 Playwright Team                                                      ║
    ╚═════════════════════════════════════════════════════════════════════════╝
]]>
</failure>
</testcase>
<testcase name="Row Level Security (RLS) Policies › should prevent cross-user edge creation" classname="rls-security.spec.ts" time="0.001">
<failure message="rls-security.spec.ts:76:7 should prevent cross-user edge creation" type="FAILURE">
<![CDATA[  [Mobile Chrome] › rls-security.spec.ts:76:7 › Row Level Security (RLS) Policies › should prevent cross-user edge creation 

    Error: browserType.launch: Executable doesn't exist at /Users/marklewis/Library/Caches/ms-playwright/chromium_headless_shell-1181/chrome-mac/headless_shell
    ╔═════════════════════════════════════════════════════════════════════════╗
    ║ Looks like Playwright Test or Playwright was just installed or updated. ║
    ║ Please run the following command to download new browsers:              ║
    ║                                                                         ║
    ║     npx playwright install                                              ║
    ║                                                                         ║
    ║ <3 Playwright Team                                                      ║
    ╚═════════════════════════════════════════════════════════════════════════╝
]]>
</failure>
</testcase>
<testcase name="Row Level Security (RLS) Policies › should handle unauthenticated requests properly" classname="rls-security.spec.ts" time="0.001">
<failure message="rls-security.spec.ts:119:7 should handle unauthenticated requests properly" type="FAILURE">
<![CDATA[  [Mobile Chrome] › rls-security.spec.ts:119:7 › Row Level Security (RLS) Policies › should handle unauthenticated requests properly 

    Error: browserType.launch: Executable doesn't exist at /Users/marklewis/Library/Caches/ms-playwright/chromium_headless_shell-1181/chrome-mac/headless_shell
    ╔═════════════════════════════════════════════════════════════════════════╗
    ║ Looks like Playwright Test or Playwright was just installed or updated. ║
    ║ Please run the following command to download new browsers:              ║
    ║                                                                         ║
    ║     npx playwright install                                              ║
    ║                                                                         ║
    ║ <3 Playwright Team                                                      ║
    ╚═════════════════════════════════════════════════════════════════════════╝
]]>
</failure>
</testcase>
<testcase name="Row Level Security (RLS) Policies › should prevent node deletion by unauthorized users" classname="rls-security.spec.ts" time="0.001">
<failure message="rls-security.spec.ts:138:7 should prevent node deletion by unauthorized users" type="FAILURE">
<![CDATA[  [Mobile Chrome] › rls-security.spec.ts:138:7 › Row Level Security (RLS) Policies › should prevent node deletion by unauthorized users 

    Error: browserType.launch: Executable doesn't exist at /Users/marklewis/Library/Caches/ms-playwright/chromium_headless_shell-1181/chrome-mac/headless_shell
    ╔═════════════════════════════════════════════════════════════════════════╗
    ║ Looks like Playwright Test or Playwright was just installed or updated. ║
    ║ Please run the following command to download new browsers:              ║
    ║                                                                         ║
    ║     npx playwright install                                              ║
    ║                                                                         ║
    ║ <3 Playwright Team                                                      ║
    ╚═════════════════════════════════════════════════════════════════════════╝
]]>
</failure>
</testcase>
<testcase name="Row Level Security (RLS) Policies › should handle expired authentication tokens" classname="rls-security.spec.ts" time="0.001">
<failure message="rls-security.spec.ts:193:7 should handle expired authentication tokens" type="FAILURE">
<![CDATA[  [Mobile Chrome] › rls-security.spec.ts:193:7 › Row Level Security (RLS) Policies › should handle expired authentication tokens 

    Error: browserType.launch: Executable doesn't exist at /Users/marklewis/Library/Caches/ms-playwright/chromium_headless_shell-1181/chrome-mac/headless_shell
    ╔═════════════════════════════════════════════════════════════════════════╗
    ║ Looks like Playwright Test or Playwright was just installed or updated. ║
    ║ Please run the following command to download new browsers:              ║
    ║                                                                         ║
    ║     npx playwright install                                              ║
    ║                                                                         ║
    ║ <3 Playwright Team                                                      ║
    ╚═════════════════════════════════════════════════════════════════════════╝
]]>
</failure>
</testcase>
<testcase name="Row Level Security (RLS) Policies › should enforce user isolation in real-time subscriptions" classname="rls-security.spec.ts" time="0.001">
<failure message="rls-security.spec.ts:217:7 should enforce user isolation in real-time subscriptions" type="FAILURE">
<![CDATA[  [Mobile Chrome] › rls-security.spec.ts:217:7 › Row Level Security (RLS) Policies › should enforce user isolation in real-time subscriptions 

    Error: browserType.launch: Executable doesn't exist at /Users/marklewis/Library/Caches/ms-playwright/chromium_headless_shell-1181/chrome-mac/headless_shell
    ╔═════════════════════════════════════════════════════════════════════════╗
    ║ Looks like Playwright Test or Playwright was just installed or updated. ║
    ║ Please run the following command to download new browsers:              ║
    ║                                                                         ║
    ║     npx playwright install                                              ║
    ║                                                                         ║
    ║ <3 Playwright Team                                                      ║
    ╚═════════════════════════════════════════════════════════════════════════╝
]]>
</failure>
</testcase>
<testcase name="Row Level Security (RLS) Policies › should validate user ownership in embedding operations" classname="rls-security.spec.ts" time="0.001">
<failure message="rls-security.spec.ts:257:7 should validate user ownership in embedding operations" type="FAILURE">
<![CDATA[  [Mobile Chrome] › rls-security.spec.ts:257:7 › Row Level Security (RLS) Policies › should validate user ownership in embedding operations 

    Error: browserType.launch: Executable doesn't exist at /Users/marklewis/Library/Caches/ms-playwright/chromium_headless_shell-1181/chrome-mac/headless_shell
    ╔═════════════════════════════════════════════════════════════════════════╗
    ║ Looks like Playwright Test or Playwright was just installed or updated. ║
    ║ Please run the following command to download new browsers:              ║
    ║                                                                         ║
    ║     npx playwright install                                              ║
    ║                                                                         ║
    ║ <3 Playwright Team                                                      ║
    ╚═════════════════════════════════════════════════════════════════════════╝
]]>
</failure>
</testcase>
<testcase name="Row Level Security (RLS) Policies › should prevent SQL injection in graph operations" classname="rls-security.spec.ts" time="0.001">
<failure message="rls-security.spec.ts:292:7 should prevent SQL injection in graph operations" type="FAILURE">
<![CDATA[  [Mobile Chrome] › rls-security.spec.ts:292:7 › Row Level Security (RLS) Policies › should prevent SQL injection in graph operations 

    Error: browserType.launch: Executable doesn't exist at /Users/marklewis/Library/Caches/ms-playwright/chromium_headless_shell-1181/chrome-mac/headless_shell
    ╔═════════════════════════════════════════════════════════════════════════╗
    ║ Looks like Playwright Test or Playwright was just installed or updated. ║
    ║ Please run the following command to download new browsers:              ║
    ║                                                                         ║
    ║     npx playwright install                                              ║
    ║                                                                         ║
    ║ <3 Playwright Team                                                      ║
    ╚═════════════════════════════════════════════════════════════════════════╝
]]>
</failure>
</testcase>
<testcase name="Row Level Security (RLS) Policies › should handle privilege escalation attempts" classname="rls-security.spec.ts" time="0.001">
<failure message="rls-security.spec.ts:336:7 should handle privilege escalation attempts" type="FAILURE">
<![CDATA[  [Mobile Chrome] › rls-security.spec.ts:336:7 › Row Level Security (RLS) Policies › should handle privilege escalation attempts 

    Error: browserType.launch: Executable doesn't exist at /Users/marklewis/Library/Caches/ms-playwright/chromium_headless_shell-1181/chrome-mac/headless_shell
    ╔═════════════════════════════════════════════════════════════════════════╗
    ║ Looks like Playwright Test or Playwright was just installed or updated. ║
    ║ Please run the following command to download new browsers:              ║
    ║                                                                         ║
    ║     npx playwright install                                              ║
    ║                                                                         ║
    ║ <3 Playwright Team                                                      ║
    ╚═════════════════════════════════════════════════════════════════════════╝
]]>
</failure>
</testcase>
</testsuite>
<testsuite name="embedding-generation.spec.ts" timestamp="2025-08-24T08:06:44.390Z" hostname="Mobile Safari" tests="8" failures="8" skipped="0" time="0.009" errors="0">
<testcase name="Embedding Generation Edge Functions › should generate embeddings for new nodes" classname="embedding-generation.spec.ts" time="0.001">
<failure message="embedding-generation.spec.ts:9:7 should generate embeddings for new nodes" type="FAILURE">
<![CDATA[  [Mobile Safari] › embedding-generation.spec.ts:9:7 › Embedding Generation Edge Functions › should generate embeddings for new nodes 

    Error: browserType.launch: Executable doesn't exist at /Users/marklewis/Library/Caches/ms-playwright/webkit-2191/pw_run.sh
    ╔═════════════════════════════════════════════════════════════════════════╗
    ║ Looks like Playwright Test or Playwright was just installed or updated. ║
    ║ Please run the following command to download new browsers:              ║
    ║                                                                         ║
    ║     npx playwright install                                              ║
    ║                                                                         ║
    ║ <3 Playwright Team                                                      ║
    ╚═════════════════════════════════════════════════════════════════════════╝
]]>
</failure>
</testcase>
<testcase name="Embedding Generation Edge Functions › should handle embedding generation errors gracefully" classname="embedding-generation.spec.ts" time="0.001">
<failure message="embedding-generation.spec.ts:60:7 should handle embedding generation errors gracefully" type="FAILURE">
<![CDATA[  [Mobile Safari] › embedding-generation.spec.ts:60:7 › Embedding Generation Edge Functions › should handle embedding generation errors gracefully 

    Error: browserType.launch: Executable doesn't exist at /Users/marklewis/Library/Caches/ms-playwright/webkit-2191/pw_run.sh
    ╔═════════════════════════════════════════════════════════════════════════╗
    ║ Looks like Playwright Test or Playwright was just installed or updated. ║
    ║ Please run the following command to download new browsers:              ║
    ║                                                                         ║
    ║     npx playwright install                                              ║
    ║                                                                         ║
    ║ <3 Playwright Team                                                      ║
    ╚═════════════════════════════════════════════════════════════════════════╝
]]>
</failure>
</testcase>
<testcase name="Embedding Generation Edge Functions › should update embeddings when node content changes" classname="embedding-generation.spec.ts" time="0.001">
<failure message="embedding-generation.spec.ts:85:7 should update embeddings when node content changes" type="FAILURE">
<![CDATA[  [Mobile Safari] › embedding-generation.spec.ts:85:7 › Embedding Generation Edge Functions › should update embeddings when node content changes 

    Error: browserType.launch: Executable doesn't exist at /Users/marklewis/Library/Caches/ms-playwright/webkit-2191/pw_run.sh
    ╔═════════════════════════════════════════════════════════════════════════╗
    ║ Looks like Playwright Test or Playwright was just installed or updated. ║
    ║ Please run the following command to download new browsers:              ║
    ║                                                                         ║
    ║     npx playwright install                                              ║
    ║                                                                         ║
    ║ <3 Playwright Team                                                      ║
    ╚═════════════════════════════════════════════════════════════════════════╝
]]>
</failure>
</testcase>
<testcase name="Embedding Generation Edge Functions › should handle batch embedding generation" classname="embedding-generation.spec.ts" time="0.001">
<failure message="embedding-generation.spec.ts:154:7 should handle batch embedding generation" type="FAILURE">
<![CDATA[  [Mobile Safari] › embedding-generation.spec.ts:154:7 › Embedding Generation Edge Functions › should handle batch embedding generation 

    Error: browserType.launch: Executable doesn't exist at /Users/marklewis/Library/Caches/ms-playwright/webkit-2191/pw_run.sh
    ╔═════════════════════════════════════════════════════════════════════════╗
    ║ Looks like Playwright Test or Playwright was just installed or updated. ║
    ║ Please run the following command to download new browsers:              ║
    ║                                                                         ║
    ║     npx playwright install                                              ║
    ║                                                                         ║
    ║ <3 Playwright Team                                                      ║
    ╚═════════════════════════════════════════════════════════════════════════╝
]]>
</failure>
</testcase>
<testcase name="Embedding Generation Edge Functions › should use embeddings for similarity search" classname="embedding-generation.spec.ts" time="0.001">
<failure message="embedding-generation.spec.ts:198:7 should use embeddings for similarity search" type="FAILURE">
<![CDATA[  [Mobile Safari] › embedding-generation.spec.ts:198:7 › Embedding Generation Edge Functions › should use embeddings for similarity search 

    Error: browserType.launch: Executable doesn't exist at /Users/marklewis/Library/Caches/ms-playwright/webkit-2191/pw_run.sh
    ╔═════════════════════════════════════════════════════════════════════════╗
    ║ Looks like Playwright Test or Playwright was just installed or updated. ║
    ║ Please run the following command to download new browsers:              ║
    ║                                                                         ║
    ║     npx playwright install                                              ║
    ║                                                                         ║
    ║ <3 Playwright Team                                                      ║
    ╚═════════════════════════════════════════════════════════════════════════╝
]]>
</failure>
</testcase>
<testcase name="Embedding Generation Edge Functions › should handle embedding generation timeout" classname="embedding-generation.spec.ts" time="0.001">
<failure message="embedding-generation.spec.ts:271:7 should handle embedding generation timeout" type="FAILURE">
<![CDATA[  [Mobile Safari] › embedding-generation.spec.ts:271:7 › Embedding Generation Edge Functions › should handle embedding generation timeout 

    Error: browserType.launch: Executable doesn't exist at /Users/marklewis/Library/Caches/ms-playwright/webkit-2191/pw_run.sh
    ╔═════════════════════════════════════════════════════════════════════════╗
    ║ Looks like Playwright Test or Playwright was just installed or updated. ║
    ║ Please run the following command to download new browsers:              ║
    ║                                                                         ║
    ║     npx playwright install                                              ║
    ║                                                                         ║
    ║ <3 Playwright Team                                                      ║
    ╚═════════════════════════════════════════════════════════════════════════╝
]]>
</failure>
</testcase>
<testcase name="Embedding Generation Edge Functions › should validate embedding vector dimensions" classname="embedding-generation.spec.ts" time="0.001">
<failure message="embedding-generation.spec.ts:313:7 should validate embedding vector dimensions" type="FAILURE">
<![CDATA[  [Mobile Safari] › embedding-generation.spec.ts:313:7 › Embedding Generation Edge Functions › should validate embedding vector dimensions 

    Error: browserType.launch: Executable doesn't exist at /Users/marklewis/Library/Caches/ms-playwright/webkit-2191/pw_run.sh
    ╔═════════════════════════════════════════════════════════════════════════╗
    ║ Looks like Playwright Test or Playwright was just installed or updated. ║
    ║ Please run the following command to download new browsers:              ║
    ║                                                                         ║
    ║     npx playwright install                                              ║
    ║                                                                         ║
    ║ <3 Playwright Team                                                      ║
    ╚═════════════════════════════════════════════════════════════════════════╝
]]>
</failure>
</testcase>
<testcase name="Embedding Generation Edge Functions › should handle embedding queue processing" classname="embedding-generation.spec.ts" time="0.002">
<failure message="embedding-generation.spec.ts:357:7 should handle embedding queue processing" type="FAILURE">
<![CDATA[  [Mobile Safari] › embedding-generation.spec.ts:357:7 › Embedding Generation Edge Functions › should handle embedding queue processing 

    Error: browserType.launch: Executable doesn't exist at /Users/marklewis/Library/Caches/ms-playwright/webkit-2191/pw_run.sh
    ╔═════════════════════════════════════════════════════════════════════════╗
    ║ Looks like Playwright Test or Playwright was just installed or updated. ║
    ║ Please run the following command to download new browsers:              ║
    ║                                                                         ║
    ║     npx playwright install                                              ║
    ║                                                                         ║
    ║ <3 Playwright Team                                                      ║
    ╚═════════════════════════════════════════════════════════════════════════╝
]]>
</failure>
</testcase>
</testsuite>
<testsuite name="error-handling.spec.ts" timestamp="2025-08-24T08:06:44.390Z" hostname="Mobile Safari" tests="11" failures="11" skipped="0" time="0.018" errors="0">
<testcase name="Error Handling and Recovery › should handle network connectivity issues gracefully" classname="error-handling.spec.ts" time="0.001">
<failure message="error-handling.spec.ts:10:7 should handle network connectivity issues gracefully" type="FAILURE">
<![CDATA[  [Mobile Safari] › error-handling.spec.ts:10:7 › Error Handling and Recovery › should handle network connectivity issues gracefully 

    Error: browserType.launch: Executable doesn't exist at /Users/marklewis/Library/Caches/ms-playwright/webkit-2191/pw_run.sh
    ╔═════════════════════════════════════════════════════════════════════════╗
    ║ Looks like Playwright Test or Playwright was just installed or updated. ║
    ║ Please run the following command to download new browsers:              ║
    ║                                                                         ║
    ║     npx playwright install                                              ║
    ║                                                                         ║
    ║ <3 Playwright Team                                                      ║
    ╚═════════════════════════════════════════════════════════════════════════╝
]]>
</failure>
</testcase>
<testcase name="Error Handling and Recovery › should handle API timeouts gracefully" classname="error-handling.spec.ts" time="0.002">
<failure message="error-handling.spec.ts:37:7 should handle API timeouts gracefully" type="FAILURE">
<![CDATA[  [Mobile Safari] › error-handling.spec.ts:37:7 › Error Handling and Recovery › should handle API timeouts gracefully 

    Error: browserType.launch: Executable doesn't exist at /Users/marklewis/Library/Caches/ms-playwright/webkit-2191/pw_run.sh
    ╔═════════════════════════════════════════════════════════════════════════╗
    ║ Looks like Playwright Test or Playwright was just installed or updated. ║
    ║ Please run the following command to download new browsers:              ║
    ║                                                                         ║
    ║     npx playwright install                                              ║
    ║                                                                         ║
    ║ <3 Playwright Team                                                      ║
    ╚═════════════════════════════════════════════════════════════════════════╝
]]>
</failure>
</testcase>
<testcase name="Error Handling and Recovery › should handle malformed API responses" classname="error-handling.spec.ts" time="0.001">
<failure message="error-handling.spec.ts:76:7 should handle malformed API responses" type="FAILURE">
<![CDATA[  [Mobile Safari] › error-handling.spec.ts:76:7 › Error Handling and Recovery › should handle malformed API responses 

    Error: browserType.launch: Executable doesn't exist at /Users/marklewis/Library/Caches/ms-playwright/webkit-2191/pw_run.sh
    ╔═════════════════════════════════════════════════════════════════════════╗
    ║ Looks like Playwright Test or Playwright was just installed or updated. ║
    ║ Please run the following command to download new browsers:              ║
    ║                                                                         ║
    ║     npx playwright install                                              ║
    ║                                                                         ║
    ║ <3 Playwright Team                                                      ║
    ╚═════════════════════════════════════════════════════════════════════════╝
]]>
</failure>
</testcase>
<testcase name="Error Handling and Recovery › should handle missing graph data gracefully" classname="error-handling.spec.ts" time="0.001">
<failure message="error-handling.spec.ts:125:7 should handle missing graph data gracefully" type="FAILURE">
<![CDATA[  [Mobile Safari] › error-handling.spec.ts:125:7 › Error Handling and Recovery › should handle missing graph data gracefully 

    Error: browserType.launch: Executable doesn't exist at /Users/marklewis/Library/Caches/ms-playwright/webkit-2191/pw_run.sh
    ╔═════════════════════════════════════════════════════════════════════════╗
    ║ Looks like Playwright Test or Playwright was just installed or updated. ║
    ║ Please run the following command to download new browsers:              ║
    ║                                                                         ║
    ║     npx playwright install                                              ║
    ║                                                                         ║
    ║ <3 Playwright Team                                                      ║
    ╚═════════════════════════════════════════════════════════════════════════╝
]]>
</failure>
</testcase>
<testcase name="Error Handling and Recovery › should handle corrupted localStorage gracefully" classname="error-handling.spec.ts" time="0.001">
<failure message="error-handling.spec.ts:153:7 should handle corrupted localStorage gracefully" type="FAILURE">
<![CDATA[  [Mobile Safari] › error-handling.spec.ts:153:7 › Error Handling and Recovery › should handle corrupted localStorage gracefully 

    Error: browserType.launch: Executable doesn't exist at /Users/marklewis/Library/Caches/ms-playwright/webkit-2191/pw_run.sh
    ╔═════════════════════════════════════════════════════════════════════════╗
    ║ Looks like Playwright Test or Playwright was just installed or updated. ║
    ║ Please run the following command to download new browsers:              ║
    ║                                                                         ║
    ║     npx playwright install                                              ║
    ║                                                                         ║
    ║ <3 Playwright Team                                                      ║
    ╚═════════════════════════════════════════════════════════════════════════╝
]]>
</failure>
</testcase>
<testcase name="Error Handling and Recovery › should handle concurrent modification conflicts" classname="error-handling.spec.ts" time="0.001">
<failure message="error-handling.spec.ts:174:7 should handle concurrent modification conflicts" type="FAILURE">
<![CDATA[  [Mobile Safari] › error-handling.spec.ts:174:7 › Error Handling and Recovery › should handle concurrent modification conflicts 

    Error: browserType.launch: Executable doesn't exist at /Users/marklewis/Library/Caches/ms-playwright/webkit-2191/pw_run.sh
    ╔═════════════════════════════════════════════════════════════════════════╗
    ║ Looks like Playwright Test or Playwright was just installed or updated. ║
    ║ Please run the following command to download new browsers:              ║
    ║                                                                         ║
    ║     npx playwright install                                              ║
    ║                                                                         ║
    ║ <3 Playwright Team                                                      ║
    ╚═════════════════════════════════════════════════════════════════════════╝
]]>
</failure>
</testcase>
<testcase name="Error Handling and Recovery › should handle large dataset loading errors" classname="error-handling.spec.ts" time="0.002">
<failure message="error-handling.spec.ts:244:7 should handle large dataset loading errors" type="FAILURE">
<![CDATA[  [Mobile Safari] › error-handling.spec.ts:244:7 › Error Handling and Recovery › should handle large dataset loading errors 

    Error: browserType.launch: Executable doesn't exist at /Users/marklewis/Library/Caches/ms-playwright/webkit-2191/pw_run.sh
    ╔═════════════════════════════════════════════════════════════════════════╗
    ║ Looks like Playwright Test or Playwright was just installed or updated. ║
    ║ Please run the following command to download new browsers:              ║
    ║                                                                         ║
    ║     npx playwright install                                              ║
    ║                                                                         ║
    ║ <3 Playwright Team                                                      ║
    ╚═════════════════════════════════════════════════════════════════════════╝
]]>
</failure>
</testcase>
<testcase name="Error Handling and Recovery › should recover from Cytoscape initialization failures" classname="error-handling.spec.ts" time="0.001">
<failure message="error-handling.spec.ts:281:7 should recover from Cytoscape initialization failures" type="FAILURE">
<![CDATA[  [Mobile Safari] › error-handling.spec.ts:281:7 › Error Handling and Recovery › should recover from Cytoscape initialization failures 

    Error: browserType.launch: Executable doesn't exist at /Users/marklewis/Library/Caches/ms-playwright/webkit-2191/pw_run.sh
    ╔═════════════════════════════════════════════════════════════════════════╗
    ║ Looks like Playwright Test or Playwright was just installed or updated. ║
    ║ Please run the following command to download new browsers:              ║
    ║                                                                         ║
    ║     npx playwright install                                              ║
    ║                                                                         ║
    ║ <3 Playwright Team                                                      ║
    ╚═════════════════════════════════════════════════════════════════════════╝
]]>
</failure>
</testcase>
<testcase name="Error Handling and Recovery › should handle memory pressure gracefully" classname="error-handling.spec.ts" time="0.002">
<failure message="error-handling.spec.ts:310:7 should handle memory pressure gracefully" type="FAILURE">
<![CDATA[  [Mobile Safari] › error-handling.spec.ts:310:7 › Error Handling and Recovery › should handle memory pressure gracefully 

    Error: browserType.launch: Executable doesn't exist at /Users/marklewis/Library/Caches/ms-playwright/webkit-2191/pw_run.sh
    ╔═════════════════════════════════════════════════════════════════════════╗
    ║ Looks like Playwright Test or Playwright was just installed or updated. ║
    ║ Please run the following command to download new browsers:              ║
    ║                                                                         ║
    ║     npx playwright install                                              ║
    ║                                                                         ║
    ║ <3 Playwright Team                                                      ║
    ╚═════════════════════════════════════════════════════════════════════════╝
]]>
</failure>
</testcase>
<testcase name="Error Handling and Recovery › should provide helpful error messages for common issues" classname="error-handling.spec.ts" time="0.004">
<failure message="error-handling.spec.ts:340:7 should provide helpful error messages for common issues" type="FAILURE">
<![CDATA[  [Mobile Safari] › error-handling.spec.ts:340:7 › Error Handling and Recovery › should provide helpful error messages for common issues 

    Error: browserType.launch: Executable doesn't exist at /Users/marklewis/Library/Caches/ms-playwright/webkit-2191/pw_run.sh
    ╔═════════════════════════════════════════════════════════════════════════╗
    ║ Looks like Playwright Test or Playwright was just installed or updated. ║
    ║ Please run the following command to download new browsers:              ║
    ║                                                                         ║
    ║     npx playwright install                                              ║
    ║                                                                         ║
    ║ <3 Playwright Team                                                      ║
    ╚═════════════════════════════════════════════════════════════════════════╝
]]>
</failure>
</testcase>
<testcase name="Error Handling and Recovery › should handle browser compatibility issues" classname="error-handling.spec.ts" time="0.002">
<failure message="error-handling.spec.ts:378:7 should handle browser compatibility issues" type="FAILURE">
<![CDATA[  [Mobile Safari] › error-handling.spec.ts:378:7 › Error Handling and Recovery › should handle browser compatibility issues 

    Error: browserType.launch: Executable doesn't exist at /Users/marklewis/Library/Caches/ms-playwright/webkit-2191/pw_run.sh
    ╔═════════════════════════════════════════════════════════════════════════╗
    ║ Looks like Playwright Test or Playwright was just installed or updated. ║
    ║ Please run the following command to download new browsers:              ║
    ║                                                                         ║
    ║     npx playwright install                                              ║
    ║                                                                         ║
    ║ <3 Playwright Team                                                      ║
    ╚═════════════════════════════════════════════════════════════════════════╝
]]>
</failure>
</testcase>
</testsuite>
<testsuite name="graph-data-flow.spec.ts" timestamp="2025-08-24T08:06:44.390Z" hostname="Mobile Safari" tests="7" failures="7" skipped="0" time="0.01" errors="0">
<testcase name="Graph Data Flow › should load graph data from database and display in frontend" classname="graph-data-flow.spec.ts" time="0.002">
<failure message="graph-data-flow.spec.ts:11:7 should load graph data from database and display in frontend" type="FAILURE">
<![CDATA[  [Mobile Safari] › graph-data-flow.spec.ts:11:7 › Graph Data Flow › should load graph data from database and display in frontend 

    Error: browserType.launch: Executable doesn't exist at /Users/marklewis/Library/Caches/ms-playwright/webkit-2191/pw_run.sh
    ╔═════════════════════════════════════════════════════════════════════════╗
    ║ Looks like Playwright Test or Playwright was just installed or updated. ║
    ║ Please run the following command to download new browsers:              ║
    ║                                                                         ║
    ║     npx playwright install                                              ║
    ║                                                                         ║
    ║ <3 Playwright Team                                                      ║
    ╚═════════════════════════════════════════════════════════════════════════╝
]]>
</failure>
</testcase>
<testcase name="Graph Data Flow › should display node details when clicked" classname="graph-data-flow.spec.ts" time="0.001">
<failure message="graph-data-flow.spec.ts:38:7 should display node details when clicked" type="FAILURE">
<![CDATA[  [Mobile Safari] › graph-data-flow.spec.ts:38:7 › Graph Data Flow › should display node details when clicked 

    Error: browserType.launch: Executable doesn't exist at /Users/marklewis/Library/Caches/ms-playwright/webkit-2191/pw_run.sh
    ╔═════════════════════════════════════════════════════════════════════════╗
    ║ Looks like Playwright Test or Playwright was just installed or updated. ║
    ║ Please run the following command to download new browsers:              ║
    ║                                                                         ║
    ║     npx playwright install                                              ║
    ║                                                                         ║
    ║ <3 Playwright Team                                                      ║
    ╚═════════════════════════════════════════════════════════════════════════╝
]]>
</failure>
</testcase>
<testcase name="Graph Data Flow › should create new node via API and display in graph" classname="graph-data-flow.spec.ts" time="0.002">
<failure message="graph-data-flow.spec.ts:53:7 should create new node via API and display in graph" type="FAILURE">
<![CDATA[  [Mobile Safari] › graph-data-flow.spec.ts:53:7 › Graph Data Flow › should create new node via API and display in graph 

    Error: browserType.launch: Executable doesn't exist at /Users/marklewis/Library/Caches/ms-playwright/webkit-2191/pw_run.sh
    ╔═════════════════════════════════════════════════════════════════════════╗
    ║ Looks like Playwright Test or Playwright was just installed or updated. ║
    ║ Please run the following command to download new browsers:              ║
    ║                                                                         ║
    ║     npx playwright install                                              ║
    ║                                                                         ║
    ║ <3 Playwright Team                                                      ║
    ╚═════════════════════════════════════════════════════════════════════════╝
]]>
</failure>
</testcase>
<testcase name="Graph Data Flow › should update node via edge function and reflect changes" classname="graph-data-flow.spec.ts" time="0.001">
<failure message="graph-data-flow.spec.ts:96:7 should update node via edge function and reflect changes" type="FAILURE">
<![CDATA[  [Mobile Safari] › graph-data-flow.spec.ts:96:7 › Graph Data Flow › should update node via edge function and reflect changes 

    Error: browserType.launch: Executable doesn't exist at /Users/marklewis/Library/Caches/ms-playwright/webkit-2191/pw_run.sh
    ╔═════════════════════════════════════════════════════════════════════════╗
    ║ Looks like Playwright Test or Playwright was just installed or updated. ║
    ║ Please run the following command to download new browsers:              ║
    ║                                                                         ║
    ║     npx playwright install                                              ║
    ║                                                                         ║
    ║ <3 Playwright Team                                                      ║
    ╚═════════════════════════════════════════════════════════════════════════╝
]]>
</failure>
</testcase>
<testcase name="Graph Data Flow › should handle graph data for different node statuses" classname="graph-data-flow.spec.ts" time="0.002">
<failure message="graph-data-flow.spec.ts:149:7 should handle graph data for different node statuses" type="FAILURE">
<![CDATA[  [Mobile Safari] › graph-data-flow.spec.ts:149:7 › Graph Data Flow › should handle graph data for different node statuses 

    Error: browserType.launch: Executable doesn't exist at /Users/marklewis/Library/Caches/ms-playwright/webkit-2191/pw_run.sh
    ╔═════════════════════════════════════════════════════════════════════════╗
    ║ Looks like Playwright Test or Playwright was just installed or updated. ║
    ║ Please run the following command to download new browsers:              ║
    ║                                                                         ║
    ║     npx playwright install                                              ║
    ║                                                                         ║
    ║ <3 Playwright Team                                                      ║
    ╚═════════════════════════════════════════════════════════════════════════╝
]]>
</failure>
</testcase>
<testcase name="Graph Data Flow › should display edges between connected nodes" classname="graph-data-flow.spec.ts" time="0.001">
<failure message="graph-data-flow.spec.ts:173:7 should display edges between connected nodes" type="FAILURE">
<![CDATA[  [Mobile Safari] › graph-data-flow.spec.ts:173:7 › Graph Data Flow › should display edges between connected nodes 

    Error: browserType.launch: Executable doesn't exist at /Users/marklewis/Library/Caches/ms-playwright/webkit-2191/pw_run.sh
    ╔═════════════════════════════════════════════════════════════════════════╗
    ║ Looks like Playwright Test or Playwright was just installed or updated. ║
    ║ Please run the following command to download new browsers:              ║
    ║                                                                         ║
    ║     npx playwright install                                              ║
    ║                                                                         ║
    ║ <3 Playwright Team                                                      ║
    ╚═════════════════════════════════════════════════════════════════════════╝
]]>
</failure>
</testcase>
<testcase name="Graph Data Flow › should handle empty graph state gracefully" classname="graph-data-flow.spec.ts" time="0.001">
<failure message="graph-data-flow.spec.ts:206:7 should handle empty graph state gracefully" type="FAILURE">
<![CDATA[  [Mobile Safari] › graph-data-flow.spec.ts:206:7 › Graph Data Flow › should handle empty graph state gracefully 

    Error: browserType.launch: Executable doesn't exist at /Users/marklewis/Library/Caches/ms-playwright/webkit-2191/pw_run.sh
    ╔═════════════════════════════════════════════════════════════════════════╗
    ║ Looks like Playwright Test or Playwright was just installed or updated. ║
    ║ Please run the following command to download new browsers:              ║
    ║                                                                         ║
    ║     npx playwright install                                              ║
    ║                                                                         ║
    ║ <3 Playwright Team                                                      ║
    ╚═════════════════════════════════════════════════════════════════════════╝
]]>
</failure>
</testcase>
</testsuite>
<testsuite name="graph-interactions.spec.ts" timestamp="2025-08-24T08:06:44.390Z" hostname="Mobile Safari" tests="14" failures="14" skipped="0" time="0.014" errors="0">
<testcase name="Graph Interactions › should handle node click interactions" classname="graph-interactions.spec.ts" time="0.001">
<failure message="graph-interactions.spec.ts:26:7 should handle node click interactions" type="FAILURE">
<![CDATA[  [Mobile Safari] › graph-interactions.spec.ts:26:7 › Graph Interactions › should handle node click interactions 

    Error: browserType.launch: Executable doesn't exist at /Users/marklewis/Library/Caches/ms-playwright/webkit-2191/pw_run.sh
    ╔═════════════════════════════════════════════════════════════════════════╗
    ║ Looks like Playwright Test or Playwright was just installed or updated. ║
    ║ Please run the following command to download new browsers:              ║
    ║                                                                         ║
    ║     npx playwright install                                              ║
    ║                                                                         ║
    ║ <3 Playwright Team                                                      ║
    ╚═════════════════════════════════════════════════════════════════════════╝
]]>
</failure>
</testcase>
<testcase name="Graph Interactions › should handle node right-click context menu" classname="graph-interactions.spec.ts" time="0.001">
<failure message="graph-interactions.spec.ts:47:7 should handle node right-click context menu" type="FAILURE">
<![CDATA[  [Mobile Safari] › graph-interactions.spec.ts:47:7 › Graph Interactions › should handle node right-click context menu 

    Error: browserType.launch: Executable doesn't exist at /Users/marklewis/Library/Caches/ms-playwright/webkit-2191/pw_run.sh
    ╔═════════════════════════════════════════════════════════════════════════╗
    ║ Looks like Playwright Test or Playwright was just installed or updated. ║
    ║ Please run the following command to download new browsers:              ║
    ║                                                                         ║
    ║     npx playwright install                                              ║
    ║                                                                         ║
    ║ <3 Playwright Team                                                      ║
    ╚═════════════════════════════════════════════════════════════════════════╝
]]>
</failure>
</testcase>
<testcase name="Graph Interactions › should handle node drag interactions" classname="graph-interactions.spec.ts" time="0.001">
<failure message="graph-interactions.spec.ts:62:7 should handle node drag interactions" type="FAILURE">
<![CDATA[  [Mobile Safari] › graph-interactions.spec.ts:62:7 › Graph Interactions › should handle node drag interactions 

    Error: browserType.launch: Executable doesn't exist at /Users/marklewis/Library/Caches/ms-playwright/webkit-2191/pw_run.sh
    ╔═════════════════════════════════════════════════════════════════════════╗
    ║ Looks like Playwright Test or Playwright was just installed or updated. ║
    ║ Please run the following command to download new browsers:              ║
    ║                                                                         ║
    ║     npx playwright install                                              ║
    ║                                                                         ║
    ║ <3 Playwright Team                                                      ║
    ╚═════════════════════════════════════════════════════════════════════════╝
]]>
</failure>
</testcase>
<testcase name="Graph Interactions › should handle graph search functionality" classname="graph-interactions.spec.ts" time="0.001">
<failure message="graph-interactions.spec.ts:87:7 should handle graph search functionality" type="FAILURE">
<![CDATA[  [Mobile Safari] › graph-interactions.spec.ts:87:7 › Graph Interactions › should handle graph search functionality 

    Error: browserType.launch: Executable doesn't exist at /Users/marklewis/Library/Caches/ms-playwright/webkit-2191/pw_run.sh
    ╔═════════════════════════════════════════════════════════════════════════╗
    ║ Looks like Playwright Test or Playwright was just installed or updated. ║
    ║ Please run the following command to download new browsers:              ║
    ║                                                                         ║
    ║     npx playwright install                                              ║
    ║                                                                         ║
    ║ <3 Playwright Team                                                      ║
    ╚═════════════════════════════════════════════════════════════════════════╝
]]>
</failure>
</testcase>
<testcase name="Graph Interactions › should handle partial search queries" classname="graph-interactions.spec.ts" time="0.001">
<failure message="graph-interactions.spec.ts:105:7 should handle partial search queries" type="FAILURE">
<![CDATA[  [Mobile Safari] › graph-interactions.spec.ts:105:7 › Graph Interactions › should handle partial search queries 

    Error: browserType.launch: Executable doesn't exist at /Users/marklewis/Library/Caches/ms-playwright/webkit-2191/pw_run.sh
    ╔═════════════════════════════════════════════════════════════════════════╗
    ║ Looks like Playwright Test or Playwright was just installed or updated. ║
    ║ Please run the following command to download new browsers:              ║
    ║                                                                         ║
    ║     npx playwright install                                              ║
    ║                                                                         ║
    ║ <3 Playwright Team                                                      ║
    ╚═════════════════════════════════════════════════════════════════════════╝
]]>
</failure>
</testcase>
<testcase name="Graph Interactions › should handle layout changes" classname="graph-interactions.spec.ts" time="0.001">
<failure message="graph-interactions.spec.ts:128:7 should handle layout changes" type="FAILURE">
<![CDATA[  [Mobile Safari] › graph-interactions.spec.ts:128:7 › Graph Interactions › should handle layout changes 

    Error: browserType.launch: Executable doesn't exist at /Users/marklewis/Library/Caches/ms-playwright/webkit-2191/pw_run.sh
    ╔═════════════════════════════════════════════════════════════════════════╗
    ║ Looks like Playwright Test or Playwright was just installed or updated. ║
    ║ Please run the following command to download new browsers:              ║
    ║                                                                         ║
    ║     npx playwright install                                              ║
    ║                                                                         ║
    ║ <3 Playwright Team                                                      ║
    ╚═════════════════════════════════════════════════════════════════════════╝
]]>
</failure>
</testcase>
<testcase name="Graph Interactions › should handle zoom controls" classname="graph-interactions.spec.ts" time="0.001">
<failure message="graph-interactions.spec.ts:153:7 should handle zoom controls" type="FAILURE">
<![CDATA[  [Mobile Safari] › graph-interactions.spec.ts:153:7 › Graph Interactions › should handle zoom controls 

    Error: browserType.launch: Executable doesn't exist at /Users/marklewis/Library/Caches/ms-playwright/webkit-2191/pw_run.sh
    ╔═════════════════════════════════════════════════════════════════════════╗
    ║ Looks like Playwright Test or Playwright was just installed or updated. ║
    ║ Please run the following command to download new browsers:              ║
    ║                                                                         ║
    ║     npx playwright install                                              ║
    ║                                                                         ║
    ║ <3 Playwright Team                                                      ║
    ╚═════════════════════════════════════════════════════════════════════════╝
]]>
</failure>
</testcase>
<testcase name="Graph Interactions › should handle node type filtering" classname="graph-interactions.spec.ts" time="0.001">
<failure message="graph-interactions.spec.ts:193:7 should handle node type filtering" type="FAILURE">
<![CDATA[  [Mobile Safari] › graph-interactions.spec.ts:193:7 › Graph Interactions › should handle node type filtering 

    Error: browserType.launch: Executable doesn't exist at /Users/marklewis/Library/Caches/ms-playwright/webkit-2191/pw_run.sh
    ╔═════════════════════════════════════════════════════════════════════════╗
    ║ Looks like Playwright Test or Playwright was just installed or updated. ║
    ║ Please run the following command to download new browsers:              ║
    ║                                                                         ║
    ║     npx playwright install                                              ║
    ║                                                                         ║
    ║ <3 Playwright Team                                                      ║
    ╚═════════════════════════════════════════════════════════════════════════╝
]]>
</failure>
</testcase>
<testcase name="Graph Interactions › should handle multiple node selection" classname="graph-interactions.spec.ts" time="0.001">
<failure message="graph-interactions.spec.ts:217:7 should handle multiple node selection" type="FAILURE">
<![CDATA[  [Mobile Safari] › graph-interactions.spec.ts:217:7 › Graph Interactions › should handle multiple node selection 

    Error: browserType.launch: Executable doesn't exist at /Users/marklewis/Library/Caches/ms-playwright/webkit-2191/pw_run.sh
    ╔═════════════════════════════════════════════════════════════════════════╗
    ║ Looks like Playwright Test or Playwright was just installed or updated. ║
    ║ Please run the following command to download new browsers:              ║
    ║                                                                         ║
    ║     npx playwright install                                              ║
    ║                                                                         ║
    ║ <3 Playwright Team                                                      ║
    ╚═════════════════════════════════════════════════════════════════════════╝
]]>
</failure>
</testcase>
<testcase name="Graph Interactions › should handle graph export functionality" classname="graph-interactions.spec.ts" time="0.001">
<failure message="graph-interactions.spec.ts:238:7 should handle graph export functionality" type="FAILURE">
<![CDATA[  [Mobile Safari] › graph-interactions.spec.ts:238:7 › Graph Interactions › should handle graph export functionality 

    Error: browserType.launch: Executable doesn't exist at /Users/marklewis/Library/Caches/ms-playwright/webkit-2191/pw_run.sh
    ╔═════════════════════════════════════════════════════════════════════════╗
    ║ Looks like Playwright Test or Playwright was just installed or updated. ║
    ║ Please run the following command to download new browsers:              ║
    ║                                                                         ║
    ║     npx playwright install                                              ║
    ║                                                                         ║
    ║ <3 Playwright Team                                                      ║
    ╚═════════════════════════════════════════════════════════════════════════╝
]]>
</failure>
</testcase>
<testcase name="Graph Interactions › should handle keyboard shortcuts" classname="graph-interactions.spec.ts" time="0.001">
<failure message="graph-interactions.spec.ts:258:7 should handle keyboard shortcuts" type="FAILURE">
<![CDATA[  [Mobile Safari] › graph-interactions.spec.ts:258:7 › Graph Interactions › should handle keyboard shortcuts 

    Error: browserType.launch: Executable doesn't exist at /Users/marklewis/Library/Caches/ms-playwright/webkit-2191/pw_run.sh
    ╔═════════════════════════════════════════════════════════════════════════╗
    ║ Looks like Playwright Test or Playwright was just installed or updated. ║
    ║ Please run the following command to download new browsers:              ║
    ║                                                                         ║
    ║     npx playwright install                                              ║
    ║                                                                         ║
    ║ <3 Playwright Team                                                      ║
    ╚═════════════════════════════════════════════════════════════════════════╝
]]>
</failure>
</testcase>
<testcase name="Graph Interactions › should handle edge click interactions" classname="graph-interactions.spec.ts" time="0.001">
<failure message="graph-interactions.spec.ts:288:7 should handle edge click interactions" type="FAILURE">
<![CDATA[  [Mobile Safari] › graph-interactions.spec.ts:288:7 › Graph Interactions › should handle edge click interactions 

    Error: browserType.launch: Executable doesn't exist at /Users/marklewis/Library/Caches/ms-playwright/webkit-2191/pw_run.sh
    ╔═════════════════════════════════════════════════════════════════════════╗
    ║ Looks like Playwright Test or Playwright was just installed or updated. ║
    ║ Please run the following command to download new browsers:              ║
    ║                                                                         ║
    ║     npx playwright install                                              ║
    ║                                                                         ║
    ║ <3 Playwright Team                                                      ║
    ╚═════════════════════════════════════════════════════════════════════════╝
]]>
</failure>
</testcase>
<testcase name="Graph Interactions › should handle hover interactions" classname="graph-interactions.spec.ts" time="0.001">
<failure message="graph-interactions.spec.ts:316:7 should handle hover interactions" type="FAILURE">
<![CDATA[  [Mobile Safari] › graph-interactions.spec.ts:316:7 › Graph Interactions › should handle hover interactions 

    Error: browserType.launch: Executable doesn't exist at /Users/marklewis/Library/Caches/ms-playwright/webkit-2191/pw_run.sh
    ╔═════════════════════════════════════════════════════════════════════════╗
    ║ Looks like Playwright Test or Playwright was just installed or updated. ║
    ║ Please run the following command to download new browsers:              ║
    ║                                                                         ║
    ║     npx playwright install                                              ║
    ║                                                                         ║
    ║ <3 Playwright Team                                                      ║
    ╚═════════════════════════════════════════════════════════════════════════╝
]]>
</failure>
</testcase>
<testcase name="Graph Interactions › should handle touch interactions on touch devices" classname="graph-interactions.spec.ts" time="0.001">
<failure message="graph-interactions.spec.ts:342:7 should handle touch interactions on touch devices" type="FAILURE">
<![CDATA[  [Mobile Safari] › graph-interactions.spec.ts:342:7 › Graph Interactions › should handle touch interactions on touch devices 

    Error: browserType.launch: Executable doesn't exist at /Users/marklewis/Library/Caches/ms-playwright/webkit-2191/pw_run.sh
    ╔═════════════════════════════════════════════════════════════════════════╗
    ║ Looks like Playwright Test or Playwright was just installed or updated. ║
    ║ Please run the following command to download new browsers:              ║
    ║                                                                         ║
    ║     npx playwright install                                              ║
    ║                                                                         ║
    ║ <3 Playwright Team                                                      ║
    ╚═════════════════════════════════════════════════════════════════════════╝
]]>
</failure>
</testcase>
</testsuite>
<testsuite name="node-creation-edges.spec.ts" timestamp="2025-08-24T08:06:44.390Z" hostname="Mobile Safari" tests="7" failures="7" skipped="0" time="0.007" errors="0">
<testcase name="Node Creation and Edge Relationships › should create nodes via graph-operations edge function" classname="node-creation-edges.spec.ts" time="0.001">
<failure message="node-creation-edges.spec.ts:10:7 should create nodes via graph-operations edge function" type="FAILURE">
<![CDATA[  [Mobile Safari] › node-creation-edges.spec.ts:10:7 › Node Creation and Edge Relationships › should create nodes via graph-operations edge function 

    Error: browserType.launch: Executable doesn't exist at /Users/marklewis/Library/Caches/ms-playwright/webkit-2191/pw_run.sh
    ╔═════════════════════════════════════════════════════════════════════════╗
    ║ Looks like Playwright Test or Playwright was just installed or updated. ║
    ║ Please run the following command to download new browsers:              ║
    ║                                                                         ║
    ║     npx playwright install                                              ║
    ║                                                                         ║
    ║ <3 Playwright Team                                                      ║
    ╚═════════════════════════════════════════════════════════════════════════╝
]]>
</failure>
</testcase>
<testcase name="Node Creation and Edge Relationships › should create different types of nodes" classname="node-creation-edges.spec.ts" time="0.001">
<failure message="node-creation-edges.spec.ts:65:7 should create different types of nodes" type="FAILURE">
<![CDATA[  [Mobile Safari] › node-creation-edges.spec.ts:65:7 › Node Creation and Edge Relationships › should create different types of nodes 

    Error: browserType.launch: Executable doesn't exist at /Users/marklewis/Library/Caches/ms-playwright/webkit-2191/pw_run.sh
    ╔═════════════════════════════════════════════════════════════════════════╗
    ║ Looks like Playwright Test or Playwright was just installed or updated. ║
    ║ Please run the following command to download new browsers:              ║
    ║                                                                         ║
    ║     npx playwright install                                              ║
    ║                                                                         ║
    ║ <3 Playwright Team                                                      ║
    ╚═════════════════════════════════════════════════════════════════════════╝
]]>
</failure>
</testcase>
<testcase name="Node Creation and Edge Relationships › should create edges between nodes" classname="node-creation-edges.spec.ts" time="0.001">
<failure message="node-creation-edges.spec.ts:116:7 should create edges between nodes" type="FAILURE">
<![CDATA[  [Mobile Safari] › node-creation-edges.spec.ts:116:7 › Node Creation and Edge Relationships › should create edges between nodes 

    Error: browserType.launch: Executable doesn't exist at /Users/marklewis/Library/Caches/ms-playwright/webkit-2191/pw_run.sh
    ╔═════════════════════════════════════════════════════════════════════════╗
    ║ Looks like Playwright Test or Playwright was just installed or updated. ║
    ║ Please run the following command to download new browsers:              ║
    ║                                                                         ║
    ║     npx playwright install                                              ║
    ║                                                                         ║
    ║ <3 Playwright Team                                                      ║
    ╚═════════════════════════════════════════════════════════════════════════╝
]]>
</failure>
</testcase>
<testcase name="Node Creation and Edge Relationships › should delete nodes and clean up edges" classname="node-creation-edges.spec.ts" time="0.001">
<failure message="node-creation-edges.spec.ts:190:7 should delete nodes and clean up edges" type="FAILURE">
<![CDATA[  [Mobile Safari] › node-creation-edges.spec.ts:190:7 › Node Creation and Edge Relationships › should delete nodes and clean up edges 

    Error: browserType.launch: Executable doesn't exist at /Users/marklewis/Library/Caches/ms-playwright/webkit-2191/pw_run.sh
    ╔═════════════════════════════════════════════════════════════════════════╗
    ║ Looks like Playwright Test or Playwright was just installed or updated. ║
    ║ Please run the following command to download new browsers:              ║
    ║                                                                         ║
    ║     npx playwright install                                              ║
    ║                                                                         ║
    ║ <3 Playwright Team                                                      ║
    ╚═════════════════════════════════════════════════════════════════════════╝
]]>
</failure>
</testcase>
<testcase name="Node Creation and Edge Relationships › should update node status from draft to curated" classname="node-creation-edges.spec.ts" time="0.001">
<failure message="node-creation-edges.spec.ts:257:7 should update node status from draft to curated" type="FAILURE">
<![CDATA[  [Mobile Safari] › node-creation-edges.spec.ts:257:7 › Node Creation and Edge Relationships › should update node status from draft to curated 

    Error: browserType.launch: Executable doesn't exist at /Users/marklewis/Library/Caches/ms-playwright/webkit-2191/pw_run.sh
    ╔═════════════════════════════════════════════════════════════════════════╗
    ║ Looks like Playwright Test or Playwright was just installed or updated. ║
    ║ Please run the following command to download new browsers:              ║
    ║                                                                         ║
    ║     npx playwright install                                              ║
    ║                                                                         ║
    ║ <3 Playwright Team                                                      ║
    ╚═════════════════════════════════════════════════════════════════════════╝
]]>
</failure>
</testcase>
<testcase name="Node Creation and Edge Relationships › should handle edge creation validation" classname="node-creation-edges.spec.ts" time="0.001">
<failure message="node-creation-edges.spec.ts:300:7 should handle edge creation validation" type="FAILURE">
<![CDATA[  [Mobile Safari] › node-creation-edges.spec.ts:300:7 › Node Creation and Edge Relationships › should handle edge creation validation 

    Error: browserType.launch: Executable doesn't exist at /Users/marklewis/Library/Caches/ms-playwright/webkit-2191/pw_run.sh
    ╔═════════════════════════════════════════════════════════════════════════╗
    ║ Looks like Playwright Test or Playwright was just installed or updated. ║
    ║ Please run the following command to download new browsers:              ║
    ║                                                                         ║
    ║     npx playwright install                                              ║
    ║                                                                         ║
    ║ <3 Playwright Team                                                      ║
    ╚═════════════════════════════════════════════════════════════════════════╝
]]>
</failure>
</testcase>
<testcase name="Node Creation and Edge Relationships › should handle concurrent node creation" classname="node-creation-edges.spec.ts" time="0.001">
<failure message="node-creation-edges.spec.ts:331:7 should handle concurrent node creation" type="FAILURE">
<![CDATA[  [Mobile Safari] › node-creation-edges.spec.ts:331:7 › Node Creation and Edge Relationships › should handle concurrent node creation 

    Error: browserType.launch: Executable doesn't exist at /Users/marklewis/Library/Caches/ms-playwright/webkit-2191/pw_run.sh
    ╔═════════════════════════════════════════════════════════════════════════╗
    ║ Looks like Playwright Test or Playwright was just installed or updated. ║
    ║ Please run the following command to download new browsers:              ║
    ║                                                                         ║
    ║     npx playwright install                                              ║
    ║                                                                         ║
    ║ <3 Playwright Team                                                      ║
    ╚═════════════════════════════════════════════════════════════════════════╝
]]>
</failure>
</testcase>
</testsuite>
<testsuite name="realtime-updates.spec.ts" timestamp="2025-08-24T08:06:44.390Z" hostname="Mobile Safari" tests="8" failures="8" skipped="0" time="0.008" errors="0">
<testcase name="Real-time Updates › should receive real-time node creation updates" classname="realtime-updates.spec.ts" time="0.001">
<failure message="realtime-updates.spec.ts:10:7 should receive real-time node creation updates" type="FAILURE">
<![CDATA[  [Mobile Safari] › realtime-updates.spec.ts:10:7 › Real-time Updates › should receive real-time node creation updates 

    Error: browserType.launch: Executable doesn't exist at /Users/marklewis/Library/Caches/ms-playwright/webkit-2191/pw_run.sh
    ╔═════════════════════════════════════════════════════════════════════════╗
    ║ Looks like Playwright Test or Playwright was just installed or updated. ║
    ║ Please run the following command to download new browsers:              ║
    ║                                                                         ║
    ║     npx playwright install                                              ║
    ║                                                                         ║
    ║ <3 Playwright Team                                                      ║
    ╚═════════════════════════════════════════════════════════════════════════╝
]]>
</failure>
</testcase>
<testcase name="Real-time Updates › should receive real-time node update notifications" classname="realtime-updates.spec.ts" time="0.001">
<failure message="realtime-updates.spec.ts:49:7 should receive real-time node update notifications" type="FAILURE">
<![CDATA[  [Mobile Safari] › realtime-updates.spec.ts:49:7 › Real-time Updates › should receive real-time node update notifications 

    Error: browserType.launch: Executable doesn't exist at /Users/marklewis/Library/Caches/ms-playwright/webkit-2191/pw_run.sh
    ╔═════════════════════════════════════════════════════════════════════════╗
    ║ Looks like Playwright Test or Playwright was just installed or updated. ║
    ║ Please run the following command to download new browsers:              ║
    ║                                                                         ║
    ║     npx playwright install                                              ║
    ║                                                                         ║
    ║ <3 Playwright Team                                                      ║
    ╚═════════════════════════════════════════════════════════════════════════╝
]]>
</failure>
</testcase>
<testcase name="Real-time Updates › should receive real-time edge creation updates" classname="realtime-updates.spec.ts" time="0.001">
<failure message="realtime-updates.spec.ts:113:7 should receive real-time edge creation updates" type="FAILURE">
<![CDATA[  [Mobile Safari] › realtime-updates.spec.ts:113:7 › Real-time Updates › should receive real-time edge creation updates 

    Error: browserType.launch: Executable doesn't exist at /Users/marklewis/Library/Caches/ms-playwright/webkit-2191/pw_run.sh
    ╔═════════════════════════════════════════════════════════════════════════╗
    ║ Looks like Playwright Test or Playwright was just installed or updated. ║
    ║ Please run the following command to download new browsers:              ║
    ║                                                                         ║
    ║     npx playwright install                                              ║
    ║                                                                         ║
    ║ <3 Playwright Team                                                      ║
    ╚═════════════════════════════════════════════════════════════════════════╝
]]>
</failure>
</testcase>
<testcase name="Real-time Updates › should handle multiple concurrent real-time updates" classname="realtime-updates.spec.ts" time="0.001">
<failure message="realtime-updates.spec.ts:157:7 should handle multiple concurrent real-time updates" type="FAILURE">
<![CDATA[  [Mobile Safari] › realtime-updates.spec.ts:157:7 › Real-time Updates › should handle multiple concurrent real-time updates 

    Error: browserType.launch: Executable doesn't exist at /Users/marklewis/Library/Caches/ms-playwright/webkit-2191/pw_run.sh
    ╔═════════════════════════════════════════════════════════════════════════╗
    ║ Looks like Playwright Test or Playwright was just installed or updated. ║
    ║ Please run the following command to download new browsers:              ║
    ║                                                                         ║
    ║     npx playwright install                                              ║
    ║                                                                         ║
    ║ <3 Playwright Team                                                      ║
    ╚═════════════════════════════════════════════════════════════════════════╝
]]>
</failure>
</testcase>
<testcase name="Real-time Updates › should handle real-time node deletion updates" classname="realtime-updates.spec.ts" time="0.001">
<failure message="realtime-updates.spec.ts:204:7 should handle real-time node deletion updates" type="FAILURE">
<![CDATA[  [Mobile Safari] › realtime-updates.spec.ts:204:7 › Real-time Updates › should handle real-time node deletion updates 

    Error: browserType.launch: Executable doesn't exist at /Users/marklewis/Library/Caches/ms-playwright/webkit-2191/pw_run.sh
    ╔═════════════════════════════════════════════════════════════════════════╗
    ║ Looks like Playwright Test or Playwright was just installed or updated. ║
    ║ Please run the following command to download new browsers:              ║
    ║                                                                         ║
    ║     npx playwright install                                              ║
    ║                                                                         ║
    ║ <3 Playwright Team                                                      ║
    ╚═════════════════════════════════════════════════════════════════════════╝
]]>
</failure>
</testcase>
<testcase name="Real-time Updates › should maintain real-time connection after network interruption" classname="realtime-updates.spec.ts" time="0.001">
<failure message="realtime-updates.spec.ts:248:7 should maintain real-time connection after network interruption" type="FAILURE">
<![CDATA[  [Mobile Safari] › realtime-updates.spec.ts:248:7 › Real-time Updates › should maintain real-time connection after network interruption 

    Error: browserType.launch: Executable doesn't exist at /Users/marklewis/Library/Caches/ms-playwright/webkit-2191/pw_run.sh
    ╔═════════════════════════════════════════════════════════════════════════╗
    ║ Looks like Playwright Test or Playwright was just installed or updated. ║
    ║ Please run the following command to download new browsers:              ║
    ║                                                                         ║
    ║     npx playwright install                                              ║
    ║                                                                         ║
    ║ <3 Playwright Team                                                      ║
    ╚═════════════════════════════════════════════════════════════════════════╝
]]>
</failure>
</testcase>
<testcase name="Real-time Updates › should filter real-time updates based on user permissions" classname="realtime-updates.spec.ts" time="0.001">
<failure message="realtime-updates.spec.ts:277:7 should filter real-time updates based on user permissions" type="FAILURE">
<![CDATA[  [Mobile Safari] › realtime-updates.spec.ts:277:7 › Real-time Updates › should filter real-time updates based on user permissions 

    Error: browserType.launch: Executable doesn't exist at /Users/marklewis/Library/Caches/ms-playwright/webkit-2191/pw_run.sh
    ╔═════════════════════════════════════════════════════════════════════════╗
    ║ Looks like Playwright Test or Playwright was just installed or updated. ║
    ║ Please run the following command to download new browsers:              ║
    ║                                                                         ║
    ║     npx playwright install                                              ║
    ║                                                                         ║
    ║ <3 Playwright Team                                                      ║
    ╚═════════════════════════════════════════════════════════════════════════╝
]]>
</failure>
</testcase>
<testcase name="Real-time Updates › should handle real-time subscription cleanup on page navigation" classname="realtime-updates.spec.ts" time="0.001">
<failure message="realtime-updates.spec.ts:323:7 should handle real-time subscription cleanup on page navigation" type="FAILURE">
<![CDATA[  [Mobile Safari] › realtime-updates.spec.ts:323:7 › Real-time Updates › should handle real-time subscription cleanup on page navigation 

    Error: browserType.launch: Executable doesn't exist at /Users/marklewis/Library/Caches/ms-playwright/webkit-2191/pw_run.sh
    ╔═════════════════════════════════════════════════════════════════════════╗
    ║ Looks like Playwright Test or Playwright was just installed or updated. ║
    ║ Please run the following command to download new browsers:              ║
    ║                                                                         ║
    ║     npx playwright install                                              ║
    ║                                                                         ║
    ║ <3 Playwright Team                                                      ║
    ╚═════════════════════════════════════════════════════════════════════════╝
]]>
</failure>
</testcase>
</testsuite>
<testsuite name="responsive-accessibility.spec.ts" timestamp="2025-08-24T08:06:44.390Z" hostname="Mobile Safari" tests="15" failures="15" skipped="0" time="0.016" errors="0">
<testcase name="Responsive Design › should adapt to mobile viewport (iPhone)" classname="responsive-accessibility.spec.ts" time="0.002">
<failure message="responsive-accessibility.spec.ts:10:7 should adapt to mobile viewport (iPhone)" type="FAILURE">
<![CDATA[  [Mobile Safari] › responsive-accessibility.spec.ts:10:7 › Responsive Design › should adapt to mobile viewport (iPhone) 

    Error: browserType.launch: Executable doesn't exist at /Users/marklewis/Library/Caches/ms-playwright/webkit-2191/pw_run.sh
    ╔═════════════════════════════════════════════════════════════════════════╗
    ║ Looks like Playwright Test or Playwright was just installed or updated. ║
    ║ Please run the following command to download new browsers:              ║
    ║                                                                         ║
    ║     npx playwright install                                              ║
    ║                                                                         ║
    ║ <3 Playwright Team                                                      ║
    ╚═════════════════════════════════════════════════════════════════════════╝
]]>
</failure>
</testcase>
<testcase name="Responsive Design › should adapt to tablet viewport (iPad)" classname="responsive-accessibility.spec.ts" time="0.001">
<failure message="responsive-accessibility.spec.ts:29:7 should adapt to tablet viewport (iPad)" type="FAILURE">
<![CDATA[  [Mobile Safari] › responsive-accessibility.spec.ts:29:7 › Responsive Design › should adapt to tablet viewport (iPad) 

    Error: browserType.launch: Executable doesn't exist at /Users/marklewis/Library/Caches/ms-playwright/webkit-2191/pw_run.sh
    ╔═════════════════════════════════════════════════════════════════════════╗
    ║ Looks like Playwright Test or Playwright was just installed or updated. ║
    ║ Please run the following command to download new browsers:              ║
    ║                                                                         ║
    ║     npx playwright install                                              ║
    ║                                                                         ║
    ║ <3 Playwright Team                                                      ║
    ╚═════════════════════════════════════════════════════════════════════════╝
]]>
</failure>
</testcase>
<testcase name="Responsive Design › should handle landscape orientation on mobile" classname="responsive-accessibility.spec.ts" time="0.001">
<failure message="responsive-accessibility.spec.ts:54:7 should handle landscape orientation on mobile" type="FAILURE">
<![CDATA[  [Mobile Safari] › responsive-accessibility.spec.ts:54:7 › Responsive Design › should handle landscape orientation on mobile 

    Error: browserType.launch: Executable doesn't exist at /Users/marklewis/Library/Caches/ms-playwright/webkit-2191/pw_run.sh
    ╔═════════════════════════════════════════════════════════════════════════╗
    ║ Looks like Playwright Test or Playwright was just installed or updated. ║
    ║ Please run the following command to download new browsers:              ║
    ║                                                                         ║
    ║     npx playwright install                                              ║
    ║                                                                         ║
    ║ <3 Playwright Team                                                      ║
    ╚═════════════════════════════════════════════════════════════════════════╝
]]>
</failure>
</testcase>
<testcase name="Responsive Design › should handle touch gestures on mobile" classname="responsive-accessibility.spec.ts" time="0.001">
<failure message="responsive-accessibility.spec.ts:69:7 should handle touch gestures on mobile" type="FAILURE">
<![CDATA[  [Mobile Safari] › responsive-accessibility.spec.ts:69:7 › Responsive Design › should handle touch gestures on mobile 

    Error: browserType.launch: Executable doesn't exist at /Users/marklewis/Library/Caches/ms-playwright/webkit-2191/pw_run.sh
    ╔═════════════════════════════════════════════════════════════════════════╗
    ║ Looks like Playwright Test or Playwright was just installed or updated. ║
    ║ Please run the following command to download new browsers:              ║
    ║                                                                         ║
    ║     npx playwright install                                              ║
    ║                                                                         ║
    ║ <3 Playwright Team                                                      ║
    ╚═════════════════════════════════════════════════════════════════════════╝
]]>
</failure>
</testcase>
<testcase name="Responsive Design › should handle pinch-to-zoom on touch devices" classname="responsive-accessibility.spec.ts" time="0.001">
<failure message="responsive-accessibility.spec.ts:98:7 should handle pinch-to-zoom on touch devices" type="FAILURE">
<![CDATA[  [Mobile Safari] › responsive-accessibility.spec.ts:98:7 › Responsive Design › should handle pinch-to-zoom on touch devices 

    Error: browserType.launch: Executable doesn't exist at /Users/marklewis/Library/Caches/ms-playwright/webkit-2191/pw_run.sh
    ╔═════════════════════════════════════════════════════════════════════════╗
    ║ Looks like Playwright Test or Playwright was just installed or updated. ║
    ║ Please run the following command to download new browsers:              ║
    ║                                                                         ║
    ║     npx playwright install                                              ║
    ║                                                                         ║
    ║ <3 Playwright Team                                                      ║
    ╚═════════════════════════════════════════════════════════════════════════╝
]]>
</failure>
</testcase>
<testcase name="Responsive Design › should show appropriate UI controls on different screen sizes" classname="responsive-accessibility.spec.ts" time="0.001">
<failure message="responsive-accessibility.spec.ts:126:7 should show appropriate UI controls on different screen sizes" type="FAILURE">
<![CDATA[  [Mobile Safari] › responsive-accessibility.spec.ts:126:7 › Responsive Design › should show appropriate UI controls on different screen sizes 

    Error: browserType.launch: Executable doesn't exist at /Users/marklewis/Library/Caches/ms-playwright/webkit-2191/pw_run.sh
    ╔═════════════════════════════════════════════════════════════════════════╗
    ║ Looks like Playwright Test or Playwright was just installed or updated. ║
    ║ Please run the following command to download new browsers:              ║
    ║                                                                         ║
    ║     npx playwright install                                              ║
    ║                                                                         ║
    ║ <3 Playwright Team                                                      ║
    ╚═════════════════════════════════════════════════════════════════════════╝
]]>
</failure>
</testcase>
<testcase name="Accessibility (WCAG Compliance) › should have proper ARIA labels and roles" classname="responsive-accessibility.spec.ts" time="0.001">
<failure message="responsive-accessibility.spec.ts:161:7 should have proper ARIA labels and roles" type="FAILURE">
<![CDATA[  [Mobile Safari] › responsive-accessibility.spec.ts:161:7 › Accessibility (WCAG Compliance) › should have proper ARIA labels and roles 

    Error: browserType.launch: Executable doesn't exist at /Users/marklewis/Library/Caches/ms-playwright/webkit-2191/pw_run.sh
    ╔═════════════════════════════════════════════════════════════════════════╗
    ║ Looks like Playwright Test or Playwright was just installed or updated. ║
    ║ Please run the following command to download new browsers:              ║
    ║                                                                         ║
    ║     npx playwright install                                              ║
    ║                                                                         ║
    ║ <3 Playwright Team                                                      ║
    ╚═════════════════════════════════════════════════════════════════════════╝
]]>
</failure>
</testcase>
<testcase name="Accessibility (WCAG Compliance) › should support keyboard navigation" classname="responsive-accessibility.spec.ts" time="0.001">
<failure message="responsive-accessibility.spec.ts:188:7 should support keyboard navigation" type="FAILURE">
<![CDATA[  [Mobile Safari] › responsive-accessibility.spec.ts:188:7 › Accessibility (WCAG Compliance) › should support keyboard navigation 

    Error: browserType.launch: Executable doesn't exist at /Users/marklewis/Library/Caches/ms-playwright/webkit-2191/pw_run.sh
    ╔═════════════════════════════════════════════════════════════════════════╗
    ║ Looks like Playwright Test or Playwright was just installed or updated. ║
    ║ Please run the following command to download new browsers:              ║
    ║                                                                         ║
    ║     npx playwright install                                              ║
    ║                                                                         ║
    ║ <3 Playwright Team                                                      ║
    ╚═════════════════════════════════════════════════════════════════════════╝
]]>
</failure>
</testcase>
<testcase name="Accessibility (WCAG Compliance) › should support screen reader announcements" classname="responsive-accessibility.spec.ts" time="0.001">
<failure message="responsive-accessibility.spec.ts:213:7 should support screen reader announcements" type="FAILURE">
<![CDATA[  [Mobile Safari] › responsive-accessibility.spec.ts:213:7 › Accessibility (WCAG Compliance) › should support screen reader announcements 

    Error: browserType.launch: Executable doesn't exist at /Users/marklewis/Library/Caches/ms-playwright/webkit-2191/pw_run.sh
    ╔═════════════════════════════════════════════════════════════════════════╗
    ║ Looks like Playwright Test or Playwright was just installed or updated. ║
    ║ Please run the following command to download new browsers:              ║
    ║                                                                         ║
    ║     npx playwright install                                              ║
    ║                                                                         ║
    ║ <3 Playwright Team                                                      ║
    ╚═════════════════════════════════════════════════════════════════════════╝
]]>
</failure>
</testcase>
<testcase name="Accessibility (WCAG Compliance) › should have sufficient color contrast" classname="responsive-accessibility.spec.ts" time="0.001">
<failure message="responsive-accessibility.spec.ts:240:7 should have sufficient color contrast" type="FAILURE">
<![CDATA[  [Mobile Safari] › responsive-accessibility.spec.ts:240:7 › Accessibility (WCAG Compliance) › should have sufficient color contrast 

    Error: browserType.launch: Executable doesn't exist at /Users/marklewis/Library/Caches/ms-playwright/webkit-2191/pw_run.sh
    ╔═════════════════════════════════════════════════════════════════════════╗
    ║ Looks like Playwright Test or Playwright was just installed or updated. ║
    ║ Please run the following command to download new browsers:              ║
    ║                                                                         ║
    ║     npx playwright install                                              ║
    ║                                                                         ║
    ║ <3 Playwright Team                                                      ║
    ╚═════════════════════════════════════════════════════════════════════════╝
]]>
</failure>
</testcase>
<testcase name="Accessibility (WCAG Compliance) › should support reduced motion preferences" classname="responsive-accessibility.spec.ts" time="0.001">
<failure message="responsive-accessibility.spec.ts:273:7 should support reduced motion preferences" type="FAILURE">
<![CDATA[  [Mobile Safari] › responsive-accessibility.spec.ts:273:7 › Accessibility (WCAG Compliance) › should support reduced motion preferences 

    Error: browserType.launch: Executable doesn't exist at /Users/marklewis/Library/Caches/ms-playwright/webkit-2191/pw_run.sh
    ╔═════════════════════════════════════════════════════════════════════════╗
    ║ Looks like Playwright Test or Playwright was just installed or updated. ║
    ║ Please run the following command to download new browsers:              ║
    ║                                                                         ║
    ║     npx playwright install                                              ║
    ║                                                                         ║
    ║ <3 Playwright Team                                                      ║
    ╚═════════════════════════════════════════════════════════════════════════╝
]]>
</failure>
</testcase>
<testcase name="Accessibility (WCAG Compliance) › should provide alternative text for visual elements" classname="responsive-accessibility.spec.ts" time="0.001">
<failure message="responsive-accessibility.spec.ts:297:7 should provide alternative text for visual elements" type="FAILURE">
<![CDATA[  [Mobile Safari] › responsive-accessibility.spec.ts:297:7 › Accessibility (WCAG Compliance) › should provide alternative text for visual elements 

    Error: browserType.launch: Executable doesn't exist at /Users/marklewis/Library/Caches/ms-playwright/webkit-2191/pw_run.sh
    ╔═════════════════════════════════════════════════════════════════════════╗
    ║ Looks like Playwright Test or Playwright was just installed or updated. ║
    ║ Please run the following command to download new browsers:              ║
    ║                                                                         ║
    ║     npx playwright install                                              ║
    ║                                                                         ║
    ║ <3 Playwright Team                                                      ║
    ╚═════════════════════════════════════════════════════════════════════════╝
]]>
</failure>
</testcase>
<testcase name="Accessibility (WCAG Compliance) › should handle focus management properly" classname="responsive-accessibility.spec.ts" time="0.001">
<failure message="responsive-accessibility.spec.ts:323:7 should handle focus management properly" type="FAILURE">
<![CDATA[  [Mobile Safari] › responsive-accessibility.spec.ts:323:7 › Accessibility (WCAG Compliance) › should handle focus management properly 

    Error: browserType.launch: Executable doesn't exist at /Users/marklewis/Library/Caches/ms-playwright/webkit-2191/pw_run.sh
    ╔═════════════════════════════════════════════════════════════════════════╗
    ║ Looks like Playwright Test or Playwright was just installed or updated. ║
    ║ Please run the following command to download new browsers:              ║
    ║                                                                         ║
    ║     npx playwright install                                              ║
    ║                                                                         ║
    ║ <3 Playwright Team                                                      ║
    ╚═════════════════════════════════════════════════════════════════════════╝
]]>
</failure>
</testcase>
<testcase name="Accessibility (WCAG Compliance) › should provide meaningful error messages" classname="responsive-accessibility.spec.ts" time="0.001">
<failure message="responsive-accessibility.spec.ts:351:7 should provide meaningful error messages" type="FAILURE">
<![CDATA[  [Mobile Safari] › responsive-accessibility.spec.ts:351:7 › Accessibility (WCAG Compliance) › should provide meaningful error messages 

    Error: browserType.launch: Executable doesn't exist at /Users/marklewis/Library/Caches/ms-playwright/webkit-2191/pw_run.sh
    ╔═════════════════════════════════════════════════════════════════════════╗
    ║ Looks like Playwright Test or Playwright was just installed or updated. ║
    ║ Please run the following command to download new browsers:              ║
    ║                                                                         ║
    ║     npx playwright install                                              ║
    ║                                                                         ║
    ║ <3 Playwright Team                                                      ║
    ╚═════════════════════════════════════════════════════════════════════════╝
]]>
</failure>
</testcase>
<testcase name="Accessibility (WCAG Compliance) › should support zoom up to 200% without breaking layout" classname="responsive-accessibility.spec.ts" time="0.001">
<failure message="responsive-accessibility.spec.ts:378:7 should support zoom up to 200% without breaking layout" type="FAILURE">
<![CDATA[  [Mobile Safari] › responsive-accessibility.spec.ts:378:7 › Accessibility (WCAG Compliance) › should support zoom up to 200% without breaking layout 

    Error: browserType.launch: Executable doesn't exist at /Users/marklewis/Library/Caches/ms-playwright/webkit-2191/pw_run.sh
    ╔═════════════════════════════════════════════════════════════════════════╗
    ║ Looks like Playwright Test or Playwright was just installed or updated. ║
    ║ Please run the following command to download new browsers:              ║
    ║                                                                         ║
    ║     npx playwright install                                              ║
    ║                                                                         ║
    ║ <3 Playwright Team                                                      ║
    ╚═════════════════════════════════════════════════════════════════════════╝
]]>
</failure>
</testcase>
</testsuite>
<testsuite name="rls-security.spec.ts" timestamp="2025-08-24T08:06:44.390Z" hostname="Mobile Safari" tests="10" failures="10" skipped="0" time="0.012" errors="0">
<testcase name="Row Level Security (RLS) Policies › should only show user-specific data in graph" classname="rls-security.spec.ts" time="0.002">
<failure message="rls-security.spec.ts:6:7 should only show user-specific data in graph" type="FAILURE">
<![CDATA[  [Mobile Safari] › rls-security.spec.ts:6:7 › Row Level Security (RLS) Policies › should only show user-specific data in graph 

    Error: browserType.launch: Executable doesn't exist at /Users/marklewis/Library/Caches/ms-playwright/webkit-2191/pw_run.sh
    ╔═════════════════════════════════════════════════════════════════════════╗
    ║ Looks like Playwright Test or Playwright was just installed or updated. ║
    ║ Please run the following command to download new browsers:              ║
    ║                                                                         ║
    ║     npx playwright install                                              ║
    ║                                                                         ║
    ║ <3 Playwright Team                                                      ║
    ╚═════════════════════════════════════════════════════════════════════════╝
]]>
</failure>
</testcase>
<testcase name="Row Level Security (RLS) Policies › should prevent unauthorized node access via API" classname="rls-security.spec.ts" time="0.001">
<failure message="rls-security.spec.ts:37:7 should prevent unauthorized node access via API" type="FAILURE">
<![CDATA[  [Mobile Safari] › rls-security.spec.ts:37:7 › Row Level Security (RLS) Policies › should prevent unauthorized node access via API 

    Error: browserType.launch: Executable doesn't exist at /Users/marklewis/Library/Caches/ms-playwright/webkit-2191/pw_run.sh
    ╔═════════════════════════════════════════════════════════════════════════╗
    ║ Looks like Playwright Test or Playwright was just installed or updated. ║
    ║ Please run the following command to download new browsers:              ║
    ║                                                                         ║
    ║     npx playwright install                                              ║
    ║                                                                         ║
    ║ <3 Playwright Team                                                      ║
    ╚═════════════════════════════════════════════════════════════════════════╝
]]>
</failure>
</testcase>
<testcase name="Row Level Security (RLS) Policies › should prevent cross-user edge creation" classname="rls-security.spec.ts" time="0.001">
<failure message="rls-security.spec.ts:76:7 should prevent cross-user edge creation" type="FAILURE">
<![CDATA[  [Mobile Safari] › rls-security.spec.ts:76:7 › Row Level Security (RLS) Policies › should prevent cross-user edge creation 

    Error: browserType.launch: Executable doesn't exist at /Users/marklewis/Library/Caches/ms-playwright/webkit-2191/pw_run.sh
    ╔═════════════════════════════════════════════════════════════════════════╗
    ║ Looks like Playwright Test or Playwright was just installed or updated. ║
    ║ Please run the following command to download new browsers:              ║
    ║                                                                         ║
    ║     npx playwright install                                              ║
    ║                                                                         ║
    ║ <3 Playwright Team                                                      ║
    ╚═════════════════════════════════════════════════════════════════════════╝
]]>
</failure>
</testcase>
<testcase name="Row Level Security (RLS) Policies › should handle unauthenticated requests properly" classname="rls-security.spec.ts" time="0.001">
<failure message="rls-security.spec.ts:119:7 should handle unauthenticated requests properly" type="FAILURE">
<![CDATA[  [Mobile Safari] › rls-security.spec.ts:119:7 › Row Level Security (RLS) Policies › should handle unauthenticated requests properly 

    Error: browserType.launch: Executable doesn't exist at /Users/marklewis/Library/Caches/ms-playwright/webkit-2191/pw_run.sh
    ╔═════════════════════════════════════════════════════════════════════════╗
    ║ Looks like Playwright Test or Playwright was just installed or updated. ║
    ║ Please run the following command to download new browsers:              ║
    ║                                                                         ║
    ║     npx playwright install                                              ║
    ║                                                                         ║
    ║ <3 Playwright Team                                                      ║
    ╚═════════════════════════════════════════════════════════════════════════╝
]]>
</failure>
</testcase>
<testcase name="Row Level Security (RLS) Policies › should prevent node deletion by unauthorized users" classname="rls-security.spec.ts" time="0.001">
<failure message="rls-security.spec.ts:138:7 should prevent node deletion by unauthorized users" type="FAILURE">
<![CDATA[  [Mobile Safari] › rls-security.spec.ts:138:7 › Row Level Security (RLS) Policies › should prevent node deletion by unauthorized users 

    Error: browserType.launch: Executable doesn't exist at /Users/marklewis/Library/Caches/ms-playwright/webkit-2191/pw_run.sh
    ╔═════════════════════════════════════════════════════════════════════════╗
    ║ Looks like Playwright Test or Playwright was just installed or updated. ║
    ║ Please run the following command to download new browsers:              ║
    ║                                                                         ║
    ║     npx playwright install                                              ║
    ║                                                                         ║
    ║ <3 Playwright Team                                                      ║
    ╚═════════════════════════════════════════════════════════════════════════╝
]]>
</failure>
</testcase>
<testcase name="Row Level Security (RLS) Policies › should handle expired authentication tokens" classname="rls-security.spec.ts" time="0.002">
<failure message="rls-security.spec.ts:193:7 should handle expired authentication tokens" type="FAILURE">
<![CDATA[  [Mobile Safari] › rls-security.spec.ts:193:7 › Row Level Security (RLS) Policies › should handle expired authentication tokens 

    Error: browserType.launch: Executable doesn't exist at /Users/marklewis/Library/Caches/ms-playwright/webkit-2191/pw_run.sh
    ╔═════════════════════════════════════════════════════════════════════════╗
    ║ Looks like Playwright Test or Playwright was just installed or updated. ║
    ║ Please run the following command to download new browsers:              ║
    ║                                                                         ║
    ║     npx playwright install                                              ║
    ║                                                                         ║
    ║ <3 Playwright Team                                                      ║
    ╚═════════════════════════════════════════════════════════════════════════╝
]]>
</failure>
</testcase>
<testcase name="Row Level Security (RLS) Policies › should enforce user isolation in real-time subscriptions" classname="rls-security.spec.ts" time="0.001">
<failure message="rls-security.spec.ts:217:7 should enforce user isolation in real-time subscriptions" type="FAILURE">
<![CDATA[  [Mobile Safari] › rls-security.spec.ts:217:7 › Row Level Security (RLS) Policies › should enforce user isolation in real-time subscriptions 

    Error: browserType.launch: Executable doesn't exist at /Users/marklewis/Library/Caches/ms-playwright/webkit-2191/pw_run.sh
    ╔═════════════════════════════════════════════════════════════════════════╗
    ║ Looks like Playwright Test or Playwright was just installed or updated. ║
    ║ Please run the following command to download new browsers:              ║
    ║                                                                         ║
    ║     npx playwright install                                              ║
    ║                                                                         ║
    ║ <3 Playwright Team                                                      ║
    ╚═════════════════════════════════════════════════════════════════════════╝
]]>
</failure>
</testcase>
<testcase name="Row Level Security (RLS) Policies › should validate user ownership in embedding operations" classname="rls-security.spec.ts" time="0.001">
<failure message="rls-security.spec.ts:257:7 should validate user ownership in embedding operations" type="FAILURE">
<![CDATA[  [Mobile Safari] › rls-security.spec.ts:257:7 › Row Level Security (RLS) Policies › should validate user ownership in embedding operations 

    Error: browserType.launch: Executable doesn't exist at /Users/marklewis/Library/Caches/ms-playwright/webkit-2191/pw_run.sh
    ╔═════════════════════════════════════════════════════════════════════════╗
    ║ Looks like Playwright Test or Playwright was just installed or updated. ║
    ║ Please run the following command to download new browsers:              ║
    ║                                                                         ║
    ║     npx playwright install                                              ║
    ║                                                                         ║
    ║ <3 Playwright Team                                                      ║
    ╚═════════════════════════════════════════════════════════════════════════╝
]]>
</failure>
</testcase>
<testcase name="Row Level Security (RLS) Policies › should prevent SQL injection in graph operations" classname="rls-security.spec.ts" time="0.001">
<failure message="rls-security.spec.ts:292:7 should prevent SQL injection in graph operations" type="FAILURE">
<![CDATA[  [Mobile Safari] › rls-security.spec.ts:292:7 › Row Level Security (RLS) Policies › should prevent SQL injection in graph operations 

    Error: browserType.launch: Executable doesn't exist at /Users/marklewis/Library/Caches/ms-playwright/webkit-2191/pw_run.sh
    ╔═════════════════════════════════════════════════════════════════════════╗
    ║ Looks like Playwright Test or Playwright was just installed or updated. ║
    ║ Please run the following command to download new browsers:              ║
    ║                                                                         ║
    ║     npx playwright install                                              ║
    ║                                                                         ║
    ║ <3 Playwright Team                                                      ║
    ╚═════════════════════════════════════════════════════════════════════════╝
]]>
</failure>
</testcase>
<testcase name="Row Level Security (RLS) Policies › should handle privilege escalation attempts" classname="rls-security.spec.ts" time="0.001">
<failure message="rls-security.spec.ts:336:7 should handle privilege escalation attempts" type="FAILURE">
<![CDATA[  [Mobile Safari] › rls-security.spec.ts:336:7 › Row Level Security (RLS) Policies › should handle privilege escalation attempts 

    Error: browserType.launch: Executable doesn't exist at /Users/marklewis/Library/Caches/ms-playwright/webkit-2191/pw_run.sh
    ╔═════════════════════════════════════════════════════════════════════════╗
    ║ Looks like Playwright Test or Playwright was just installed or updated. ║
    ║ Please run the following command to download new browsers:              ║
    ║                                                                         ║
    ║     npx playwright install                                              ║
    ║                                                                         ║
    ║ <3 Playwright Team                                                      ║
    ╚═════════════════════════════════════════════════════════════════════════╝
]]>
</failure>
</testcase>
</testsuite>
</testsuites>